Component: ARM Compiler 5.06 update 7 (build 960) Tool: armlink [4d3601]

==============================================================================

Section Cross References

    startup_stm32f407xx.o(RESET) refers to startup_stm32f407xx.o(STACK) for __initial_sp
    startup_stm32f407xx.o(RESET) refers to startup_stm32f407xx.o(.text) for Reset_Handler
    startup_stm32f407xx.o(RESET) refers to stm32f4xx_it.o(i.NMI_Handler) for NMI_Handler
    startup_stm32f407xx.o(RESET) refers to stm32f4xx_it.o(i.HardFault_Handler) for HardFault_Handler
    startup_stm32f407xx.o(RESET) refers to stm32f4xx_it.o(i.MemManage_Handler) for MemManage_Handler
    startup_stm32f407xx.o(RESET) refers to stm32f4xx_it.o(i.BusFault_Handler) for BusFault_Handler
    startup_stm32f407xx.o(RESET) refers to stm32f4xx_it.o(i.UsageFault_Handler) for UsageFault_Handler
    startup_stm32f407xx.o(RESET) refers to stm32f4xx_it.o(i.SVC_Handler) for SVC_Handler
    startup_stm32f407xx.o(RESET) refers to stm32f4xx_it.o(i.DebugMon_Handler) for DebugMon_Handler
    startup_stm32f407xx.o(RESET) refers to stm32f4xx_it.o(i.PendSV_Handler) for PendSV_Handler
    startup_stm32f407xx.o(RESET) refers to stm32f4xx_it.o(i.SysTick_Handler) for SysTick_Handler
    startup_stm32f407xx.o(RESET) refers to stm32f4xx_it.o(i.SPI1_IRQHandler) for SPI1_IRQHandler
    startup_stm32f407xx.o(RESET) refers to stm32f4xx_it.o(i.UART4_IRQHandler) for UART4_IRQHandler
    startup_stm32f407xx.o(.text) refers to system_stm32f4xx.o(i.SystemInit) for SystemInit
    startup_stm32f407xx.o(.text) refers to entry.o(.ARM.Collect$$$$00000000) for __main
    main.o(i.HAL_UART_TxCpltCallback) refers to stm32f4xx_hal_gpio.o(i.HAL_GPIO_WritePin) for HAL_GPIO_WritePin
    main.o(i.HAL_UART_TxCpltCallback) refers to usart.o(.bss) for huart4
    main.o(i.RS_485_Send) refers to stm32f4xx_hal_gpio.o(i.HAL_GPIO_WritePin) for HAL_GPIO_WritePin
    main.o(i.RS_485_Send) refers to stm32f4xx_hal_uart.o(i.HAL_UART_Transmit_IT) for HAL_UART_Transmit_IT
    main.o(i.RS_485_Send) refers to usart.o(.bss) for huart4
    main.o(i.SystemClock_Config) refers to memseta.o(.text) for __aeabi_memclr4
    main.o(i.SystemClock_Config) refers to stm32f4xx_hal_rcc.o(i.HAL_RCC_OscConfig) for HAL_RCC_OscConfig
    main.o(i.SystemClock_Config) refers to stm32f4xx_hal_rcc.o(i.HAL_RCC_ClockConfig) for HAL_RCC_ClockConfig
    main.o(i.UsartReceive_IDLE) refers to stm32f4xx_hal_uart.o(i.HAL_UART_AbortReceive_IT) for HAL_UART_AbortReceive_IT
    main.o(i.UsartReceive_IDLE) refers to stm32f4xx_hal_uart.o(i.HAL_UART_Receive_IT) for HAL_UART_Receive_IT
    main.o(i.UsartReceive_IDLE) refers to usart.o(.bss) for huart4
    main.o(i.UsartReceive_IDLE) refers to main.o(.data) for .data
    main.o(i.UsartReceive_IDLE) refers to main.o(.bss) for .bss
    main.o(i.main) refers to stm32f4xx_hal.o(i.HAL_Init) for HAL_Init
    main.o(i.main) refers to main.o(i.SystemClock_Config) for SystemClock_Config
    main.o(i.main) refers to gpio.o(i.MX_GPIO_Init) for MX_GPIO_Init
    main.o(i.main) refers to spi.o(i.MX_SPI1_Init) for MX_SPI1_Init
    main.o(i.main) refers to usart.o(i.MX_UART4_Init) for MX_UART4_Init
    main.o(i.main) refers to i2c.o(i.MX_I2C1_Init) for MX_I2C1_Init
    main.o(i.main) refers to usart.o(i.MX_USART1_UART_Init) for MX_USART1_UART_Init
    main.o(i.main) refers to stm32f4xx_hal_uart.o(i.HAL_UART_Receive_IT) for HAL_UART_Receive_IT
    main.o(i.main) refers to w5500_port_hal.o(i.W5500_ChipInit) for W5500_ChipInit
    main.o(i.main) refers to w5500_port_hal.o(i.do_tcpc) for do_tcpc
    main.o(i.main) refers to main.o(.bss) for .bss
    main.o(i.main) refers to usart.o(.bss) for huart4
    gpio.o(i.MX_GPIO_Init) refers to memseta.o(.text) for __aeabi_memclr4
    gpio.o(i.MX_GPIO_Init) refers to stm32f4xx_hal_gpio.o(i.HAL_GPIO_WritePin) for HAL_GPIO_WritePin
    gpio.o(i.MX_GPIO_Init) refers to stm32f4xx_hal_gpio.o(i.HAL_GPIO_Init) for HAL_GPIO_Init
    i2c.o(i.HAL_I2C_MspDeInit) refers to stm32f4xx_hal_gpio.o(i.HAL_GPIO_DeInit) for HAL_GPIO_DeInit
    i2c.o(i.HAL_I2C_MspInit) refers to memseta.o(.text) for __aeabi_memclr4
    i2c.o(i.HAL_I2C_MspInit) refers to stm32f4xx_hal_gpio.o(i.HAL_GPIO_Init) for HAL_GPIO_Init
    i2c.o(i.MX_I2C1_Init) refers to stm32f4xx_hal_i2c.o(i.HAL_I2C_Init) for HAL_I2C_Init
    i2c.o(i.MX_I2C1_Init) refers to main.o(i.Error_Handler) for Error_Handler
    i2c.o(i.MX_I2C1_Init) refers to i2c.o(.bss) for .bss
    spi.o(i.HAL_SPI_MspDeInit) refers to stm32f4xx_hal_gpio.o(i.HAL_GPIO_DeInit) for HAL_GPIO_DeInit
    spi.o(i.HAL_SPI_MspDeInit) refers to stm32f4xx_hal_cortex.o(i.HAL_NVIC_DisableIRQ) for HAL_NVIC_DisableIRQ
    spi.o(i.HAL_SPI_MspInit) refers to memseta.o(.text) for __aeabi_memclr4
    spi.o(i.HAL_SPI_MspInit) refers to stm32f4xx_hal_gpio.o(i.HAL_GPIO_Init) for HAL_GPIO_Init
    spi.o(i.HAL_SPI_MspInit) refers to stm32f4xx_hal_cortex.o(i.HAL_NVIC_SetPriority) for HAL_NVIC_SetPriority
[...]
    Removing stm32f4xx_hal_spi.o(i.SPI_2linesRxISR_8BIT), (48 bytes).
    Removing stm32f4xx_hal_spi.o(i.SPI_2linesTxISR_16BIT), (48 bytes).
    Removing stm32f4xx_hal_spi.o(i.SPI_2linesTxISR_8BIT), (48 bytes).
    Removing stm32f4xx_hal_spi.o(i.SPI_AbortRx_ISR), (88 bytes).
    Removing stm32f4xx_hal_spi.o(i.SPI_AbortTx_ISR), (28 bytes).
    Removing stm32f4xx_hal_spi.o(i.SPI_CloseRxTx_ISR), (144 bytes).
    Removing stm32f4xx_hal_spi.o(i.SPI_CloseRx_ISR), (76 bytes).
    Removing stm32f4xx_hal_spi.o(i.SPI_CloseTx_ISR), (124 bytes).
    Removing stm32f4xx_hal_spi.o(i.SPI_DMAError), (34 bytes).
    Removing stm32f4xx_hal_spi.o(i.SPI_DMAHalfReceiveCplt), (10 bytes).
    Removing stm32f4xx_hal_spi.o(i.SPI_DMAHalfTransmitCplt), (10 bytes).
    Removing stm32f4xx_hal_spi.o(i.SPI_DMAHalfTransmitReceiveCplt), (10 bytes).
    Removing stm32f4xx_hal_spi.o(i.SPI_DMAReceiveCplt), (106 bytes).
    Removing stm32f4xx_hal_spi.o(i.SPI_DMARxAbortCallback), (102 bytes).
    Removing stm32f4xx_hal_spi.o(i.SPI_DMATransmitCplt), (100 bytes).
    Removing stm32f4xx_hal_spi.o(i.SPI_DMATransmitReceiveCplt), (90 bytes).
    Removing stm32f4xx_hal_spi.o(i.SPI_DMATxAbortCallback), (116 bytes).
    Removing stm32f4xx_hal_spi.o(i.SPI_EndRxTransaction), (92 bytes).
    Removing stm32f4xx_hal_spi.o(i.SPI_RxISR_16BIT), (32 bytes).
    Removing stm32f4xx_hal_spi.o(i.SPI_RxISR_8BIT), (32 bytes).
    Removing stm32f4xx_hal_spi.o(i.SPI_TxISR_16BIT), (32 bytes).
    Removing stm32f4xx_hal_spi.o(i.SPI_TxISR_8BIT), (32 bytes).
    Removing stm32f4xx_hal_tim.o(.rev16_text), (4 bytes).
    Removing stm32f4xx_hal_tim.o(.revsh_text), (4 bytes).
    Removing stm32f4xx_hal_tim.o(.rrx_text), (6 bytes).
    Removing stm32f4xx_hal_tim_ex.o(.rev16_text), (4 bytes).
    Removing stm32f4xx_hal_tim_ex.o(.revsh_text), (4 bytes).
    Removing stm32f4xx_hal_tim_ex.o(.rrx_text), (6 bytes).
    Removing stm32f4xx_hal_uart.o(.rev16_text), (4 bytes).
    Removing stm32f4xx_hal_uart.o(.revsh_text), (4 bytes).
    Removing stm32f4xx_hal_uart.o(.rrx_text), (6 bytes).
    Removing stm32f4xx_hal_uart.o(i.HAL_HalfDuplex_EnableReceiver), (50 bytes).
    Removing stm32f4xx_hal_uart.o(i.HAL_HalfDuplex_EnableTransmitter), (50 bytes).
    Removing stm32f4xx_hal_uart.o(i.HAL_HalfDuplex_Init), (110 bytes).
    Removing stm32f4xx_hal_uart.o(i.HAL_LIN_Init), (130 bytes).
    Removing stm32f4xx_hal_uart.o(i.HAL_LIN_SendBreak), (60 bytes).
    Removing stm32f4xx_hal_uart.o(i.HAL_MultiProcessor_EnterMuteMode), (62 bytes).
    Removing stm32f4xx_hal_uart.o(i.HAL_MultiProcessor_ExitMuteMode), (62 bytes).
    Removing stm32f4xx_hal_uart.o(i.HAL_MultiProcessor_Init), (144 bytes).
    Removing stm32f4xx_hal_uart.o(i.HAL_UARTEx_GetRxEventType), (4 bytes).
    Removing stm32f4xx_hal_uart.o(i.HAL_UARTEx_ReceiveToIdle), (240 bytes).
    Removing stm32f4xx_hal_uart.o(i.HAL_UARTEx_ReceiveToIdle_DMA), (78 bytes).
    Removing stm32f4xx_hal_uart.o(i.HAL_UARTEx_ReceiveToIdle_IT), (78 bytes).
    Removing stm32f4xx_hal_uart.o(i.HAL_UART_Abort), (210 bytes).
    Removing stm32f4xx_hal_uart.o(i.HAL_UART_AbortCpltCallback), (2 bytes).
    Removing stm32f4xx_hal_uart.o(i.HAL_UART_AbortReceive), (148 bytes).
    Removing stm32f4xx_hal_uart.o(i.HAL_UART_AbortTransmit), (98 bytes).
    Removing stm32f4xx_hal_uart.o(i.HAL_UART_AbortTransmitCpltCallback), (2 bytes).
    Removing stm32f4xx_hal_uart.o(i.HAL_UART_AbortTransmit_IT), (104 bytes).
    Removing stm32f4xx_hal_uart.o(i.HAL_UART_Abort_IT), (244 bytes).
    Removing stm32f4xx_hal_uart.o(i.HAL_UART_DMAPause), (120 bytes).
    Removing stm32f4xx_hal_uart.o(i.HAL_UART_DMAResume), (114 bytes).
    Removing stm32f4xx_hal_uart.o(i.HAL_UART_DeInit), (54 bytes).
    Removing stm32f4xx_hal_uart.o(i.HAL_UART_GetError), (4 bytes).
    Removing stm32f4xx_hal_uart.o(i.HAL_UART_GetState), (10 bytes).
    Removing stm32f4xx_hal_uart.o(i.HAL_UART_MspDeInit), (2 bytes).
    Removing stm32f4xx_hal_uart.o(i.HAL_UART_MspInit), (2 bytes).
    Removing stm32f4xx_hal_uart.o(i.HAL_UART_Receive), (176 bytes).
    Removing stm32f4xx_hal_uart.o(i.HAL_UART_Receive_DMA), (28 bytes).
    Removing stm32f4xx_hal_uart.o(i.HAL_UART_RxHalfCpltCallback), (2 bytes).
    Removing stm32f4xx_hal_uart.o(i.HAL_UART_Transmit_DMA), (120 bytes).
    Removing stm32f4xx_hal_uart.o(i.HAL_UART_Transmit_IT), (50 bytes).
    Removing stm32f4xx_hal_uart.o(i.HAL_UART_TxCpltCallback), (2 bytes).
    Removing stm32f4xx_hal_uart.o(i.HAL_UART_TxHalfCpltCallback), (2 bytes).
    Removing stm32f4xx_hal_uart.o(i.UART_DMAError), (74 bytes).
    Removing stm32f4xx_hal_uart.o(i.UART_DMAReceiveCplt), (134 bytes).
    Removing stm32f4xx_hal_uart.o(i.UART_DMARxAbortCallback), (44 bytes).
    Removing stm32f4xx_hal_uart.o(i.UART_DMARxHalfCplt), (30 bytes).
    Removing stm32f4xx_hal_uart.o(i.UART_DMATransmitCplt), (66 bytes).
    Removing stm32f4xx_hal_uart.o(i.UART_DMATxAbortCallback), (44 bytes).
    Removing stm32f4xx_hal_uart.o(i.UART_DMATxHalfCplt), (10 bytes).
    Removing stm32f4xx_hal_uart.o(i.UART_DMATxOnlyAbortCallback), (20 bytes).
    Removing stm32f4xx_hal_uart.o(i.UART_Start_Receive_DMA), (144 bytes).
    Removing system_stm32f4xx.o(.rev16_text), (4 bytes).
    Removing system_stm32f4xx.o(.revsh_text), (4 bytes).
    Removing system_stm32f4xx.o(.rrx_text), (6 bytes).
    Removing system_stm32f4xx.o(i.SystemCoreClockUpdate), (120 bytes).
    Removing socket.o(i.connect), (264 bytes).
    Removing socket.o(i.ctlsocket), (184 bytes).
    Removing socket.o(i.disconnect), (140 bytes).
    Removing socket.o(i.getsockopt), (252 bytes).
    Removing socket.o(i.recvfrom), (532 bytes).
    Removing socket.o(i.sendto), (384 bytes).
    Removing socket.o(i.setsockopt), (262 bytes).
    Removing wizchip_conf.o(.rev16_text), (4 bytes).
    Removing wizchip_conf.o(.revsh_text), (4 bytes).
    Removing wizchip_conf.o(.rrx_text), (6 bytes).
    Removing wizchip_conf.o(i.reg_wizchip_bus_cbfunc), (44 bytes).
    Removing wizchip_conf.o(i.reg_wizchip_spiburst_cbfunc), (44 bytes).
    Removing wizchip_conf.o(i.wizchip_spi_readburst), (24 bytes).
    Removing wizchip_conf.o(i.wizchip_spi_writeburst), (24 bytes).
    Removing wizchip_conf.o(i.wizphy_getphystat), (26 bytes).
    Removing w5500_port_hal.o(.rev16_text), (4 bytes).
    Removing w5500_port_hal.o(.revsh_text), (4 bytes).
    Removing w5500_port_hal.o(.rrx_text), (6 bytes).
    Removing w5500_port_hal.o(.data), (4 bytes).
    Removing w5500_port_hal.o(.data), (2 bytes).
    Removing dadd.o(.text), (334 bytes).
    Removing dmul.o(.text), (228 bytes).
    Removing ddiv.o(.text), (222 bytes).
    Removing dfixul.o(.text), (48 bytes).
    Removing cdrcmple.o(.text), (48 bytes).
    Removing depilogue.o(.text), (186 bytes).

415 unused section(s) (total 35228 bytes) removed from the image.

==============================================================================

Image Symbol Table

    Local Symbols

    Symbol Name                              Value     Ov Type        Size  Object(Section)

    ../Core/Src/gpio.c                       0x00000000   Number         0  gpio.o ABSOLUTE
    ../Core/Src/i2c.c                        0x00000000   Number         0  i2c.o ABSOLUTE
    ../Core/Src/main.c                       0x00000000   Number         0  main.o ABSOLUTE
    ../Core/Src/spi.c                        0x00000000   Number         0  spi.o ABSOLUTE
    ../Core/Src/stm32f4xx_hal_msp.c          0x00000000   Number         0  stm32f4xx_hal_msp.o ABSOLUTE
    ../Core/Src/stm32f4xx_it.c               0x00000000   Number         0  stm32f4xx_it.o ABSOLUTE
    ../Core/Src/system_stm32f4xx.c           0x00000000   Number         0  system_stm32f4xx.o ABSOLUTE
    ../Core/Src/usart.c                      0x00000000   Number         0  usart.o ABSOLUTE
    ../Drivers/STM32F4xx_HAL_Driver/Src/stm32f4xx_hal.c 0x00000000   Number         0  stm32f4xx_hal.o ABSOLUTE
    ../Drivers/STM32F4xx_HAL_Driver/Src/stm32f4xx_hal_cortex.c 0x00000000   Number         0  stm32f4xx_hal_cortex.o ABSOLUTE
    ../Drivers/STM32F4xx_HAL_Driver/Src/stm32f4xx_hal_dma.c 0x00000000   Number         0  stm32f4xx_hal_dma.o ABSOLUTE
    ../Drivers/STM32F4xx_HAL_Driver/Src/stm32f4xx_hal_dma_ex.c 0x00000000   Number         0  stm32f4xx_hal_dma_ex.o ABSOLUTE
    ../Drivers/STM32F4xx_HAL_Driver/Src/stm32f4xx_hal_exti.c 0x00000000   Number         0  stm32f4xx_hal_exti.o ABSOLUTE
    ../Drivers/STM32F4xx_HAL_Driver/Src/stm32f4xx_hal_flash.c 0x00000000   Number         0  stm32f4xx_hal_flash.o ABSOLUTE
    ../Drivers/STM32F4xx_HAL_Driver/Src/stm32f4xx_hal_flash_ex.c 0x00000000   Number         0  stm32f4xx_hal_flash_ex.o ABSOLUTE
    ../Drivers/STM32F4xx_HAL_Driver/Src/stm32f4xx_hal_flash_ramfunc.c 0x00000000   Number         0  stm32f4xx_hal_flash_ramfunc.o ABSOLUTE
    ../Drivers/STM32F4xx_HAL_Driver/Src/stm32f4xx_hal_gpio.c 0x00000000   Number         0  stm32f4xx_hal_gpio.o ABSOLUTE
    ../Drivers/STM32F4xx_HAL_Driver/Src/stm32f4xx_hal_i2c.c 0x00000000   Number         0  stm32f4xx_hal_i2c.o ABSOLUTE
    ../Drivers/STM32F4xx_HAL_Driver/Src/stm32f4xx_hal_i2c_ex.c 0x00000000   Number         0  stm32f4xx_hal_i2c_ex.o ABSOLUTE
    ../Drivers/STM32F4xx_HAL_Driver/Src/stm32f4xx_hal_pwr.c 0x00000000   Number         0  stm32f4xx_hal_pwr.o ABSOLUTE
    ../Drivers/STM32F4xx_HAL_Driver/Src/stm32f4xx_hal_pwr_ex.c 0x00000000   Number         0  stm32f4xx_hal_pwr_ex.o ABSOLUTE
    ../Drivers/STM32F4xx_HAL_Driver/Src/stm32f4xx_hal_rcc.c 0x00000000   Number         0  stm32f4xx_hal_rcc.o ABSOLUTE
    ../Drivers/STM32F4xx_HAL_Driver/Src/stm32f4xx_hal_rcc_ex.c 0x00000000   Number         0  stm32f4xx_hal_rcc_ex.o ABSOLUTE
    ../Drivers/STM32F4xx_HAL_Driver/Src/stm32f4xx_hal_spi.c 0x00000000   Number         0  stm32f4xx_hal_spi.o ABSOLUTE
    ../Drivers/STM32F4xx_HAL_Driver/Src/stm32f4xx_hal_tim.c 0x00000000   Number         0  stm32f4xx_hal_tim.o ABSOLUTE
    ../Drivers/STM32F4xx_HAL_Driver/Src/stm32f4xx_hal_tim_ex.c 0x00000000   Number         0  stm32f4xx_hal_tim_ex.o ABSOLUTE
    ../Drivers/STM32F4xx_HAL_Driver/Src/stm32f4xx_hal_uart.c 0x00000000   Number         0  stm32f4xx_hal_uart.o ABSOLUTE
    ../clib/microlib/division.c              0x00000000   Number         0  uidiv.o ABSOLUTE
    ../clib/microlib/division.c              0x00000000   Number         0  uldiv.o ABSOLUTE
    ../clib/microlib/init/entry.s            0x00000000   Number         0  entry10a.o ABSOLUTE
    ../clib/microlib/init/entry.s            0x00000000   Number         0  entry12b.o ABSOLUTE
    ../clib/microlib/init/entry.s            0x00000000   Number         0  entry12a.o ABSOLUTE
    ../clib/microlib/init/entry.s            0x00000000   Number         0  entry11b.o ABSOLUTE
    ../clib/microlib/init/entry.s            0x00000000   Number         0  entry2.o ABSOLUTE
    ../clib/microlib/init/entry.s            0x00000000   Number         0  entry7a.o ABSOLUTE
    ../clib/microlib/init/entry.s            0x00000000   Number         0  entry10b.o ABSOLUTE
    ../clib/microlib/init/entry.s            0x00000000   Number         0  entry.o ABSOLUTE
    ../clib/microlib/init/entry.s            0x00000000   Number         0  entry9b.o ABSOLUTE
    ../clib/microlib/init/entry.s            0x00000000   Number         0  entry11a.o ABSOLUTE
    ../clib/microlib/init/entry.s            0x00000000   Number         0  entry9a.o ABSOLUTE
    ../clib/microlib/init/entry.s            0x00000000   Number         0  entry5.o ABSOLUTE
    ../clib/microlib/init/entry.s            0x00000000   Number         0  entry8b.o ABSOLUTE
    ../clib/microlib/init/entry.s            0x00000000   Number         0  entry8a.o ABSOLUTE
    ../clib/microlib/init/entry.s            0x00000000   Number         0  entry7b.o ABSOLUTE
    ../clib/microlib/longlong.c              0x00000000   Number         0  llushr.o ABSOLUTE
    ../clib/microlib/longlong.c              0x00000000   Number         0  llshl.o ABSOLUTE
    ../clib/microlib/longlong.c              0x00000000   Number         0  llsshr.o ABSOLUTE
    ../clib/microlib/printf/printf.c         0x00000000   Number         0  printf1.o ABSOLUTE
    ../clib/microlib/printf/printf.c         0x00000000   Number         0  printf2.o ABSOLUTE
    ../clib/microlib/printf/printf.c         0x00000000   Number         0  printf3.o ABSOLUTE
    ../clib/microlib/printf/printf.c         0x00000000   Number         0  printf4.o ABSOLUTE
    ../clib/microlib/printf/printf.c         0x00000000   Number         0  printf5.o ABSOLUTE
    ../clib/microlib/printf/printf.c         0x00000000   Number         0  printf6.o ABSOLUTE
    ../clib/microlib/printf/printf.c         0x00000000   Number         0  printf7.o ABSOLUTE
    ../clib/microlib/printf/printf.c         0x00000000   Number         0  printf8.o ABSOLUTE
    ../clib/microlib/printf/printf.c         0x00000000   Number         0  printfa.o ABSOLUTE
    ../clib/microlib/printf/printf.c         0x00000000   Number         0  printf0.o ABSOLUTE
    ../clib/microlib/printf/printf.c         0x00000000   Number         0  printfb.o ABSOLUTE
    ../clib/microlib/printf/stubs.s          0x00000000   Number         0  stubs.o ABSOLUTE
    ../clib/microlib/stdio/streams.c         0x00000000   Number         0  stdout.o ABSOLUTE
    ../clib/microlib/string/memset.c         0x00000000   Number         0  memseta.o ABSOLUTE
    ../clib/microlib/stubs.s                 0x00000000   Number         0  iusefp.o ABSOLUTE
    ../fplib/microlib/fpadd.c                0x00000000   Number         0  dadd.o ABSOLUTE
    ../fplib/microlib/fpdiv.c                0x00000000   Number         0  ddiv.o ABSOLUTE
    ../fplib/microlib/fpepilogue.c           0x00000000   Number         0  depilogue.o ABSOLUTE
    ../fplib/microlib/fpfix.c                0x00000000   Number         0  dfixul.o ABSOLUTE
    ../fplib/microlib/fpmul.c                0x00000000   Number         0  dmul.o ABSOLUTE
    ..\Core\Src\gpio.c                       0x00000000   Number         0  gpio.o ABSOLUTE
    ..\Core\Src\i2c.c                        0x00000000   Number         0  i2c.o ABSOLUTE
    ..\Core\Src\main.c                       0x00000000   Number         0  main.o ABSOLUTE
    ..\Core\Src\spi.c                        0x00000000   Number         0  spi.o ABSOLUTE
    ..\Core\Src\stm32f4xx_hal_msp.c          0x00000000   Number         0  stm32f4xx_hal_msp.o ABSOLUTE
    ..\Core\Src\stm32f4xx_it.c               0x00000000   Number         0  stm32f4xx_it.o ABSOLUTE
    ..\Core\Src\system_stm32f4xx.c           0x00000000   Number         0  system_stm32f4xx.o ABSOLUTE
    ..\Core\Src\usart.c                      0x00000000   Number         0  usart.o ABSOLUTE
    ..\Drivers\STM32F4xx_HAL_Driver\Src\stm32f4xx_hal.c 0x00000000   Number         0  stm32f4xx_hal.o ABSOLUTE
    ..\Drivers\STM32F4xx_HAL_Driver\Src\stm32f4xx_hal_cortex.c 0x00000000   Number         0  stm32f4xx_hal_cortex.o ABSOLUTE
    ..\Drivers\STM32F4xx_HAL_Driver\Src\stm32f4xx_hal_dma.c 0x00000000   Number         0  stm32f4xx_hal_dma.o ABSOLUTE
    ..\Drivers\STM32F4xx_HAL_Driver\Src\stm32f4xx_hal_dma_ex.c 0x00000000   Number         0  stm32f4xx_hal_dma_ex.o ABSOLUTE
    ..\Drivers\STM32F4xx_HAL_Driver\Src\stm32f4xx_hal_exti.c 0x00000000   Number         0  stm32f4xx_hal_exti.o ABSOLUTE
    ..\Drivers\STM32F4xx_HAL_Driver\Src\stm32f4xx_hal_flash.c 0x00000000   Number         0  stm32f4xx_hal_flash.o ABSOLUTE
    ..\Drivers\STM32F4xx_HAL_Driver\Src\stm32f4xx_hal_flash_ex.c 0x00000000   Number         0  stm32f4xx_hal_flash_ex.o ABSOLUTE
    ..\Drivers\STM32F4xx_HAL_Driver\Src\stm32f4xx_hal_flash_ramfunc.c 0x00000000   Number         0  stm32f4xx_hal_flash_ramfunc.o ABSOLUTE
    ..\Drivers\STM32F4xx_HAL_Driver\Src\stm32f4xx_hal_gpio.c 0x00000000   Number         0  stm32f4xx_hal_gpio.o ABSOLUTE
    ..\Drivers\STM32F4xx_HAL_Driver\Src\stm32f4xx_hal_i2c.c 0x00000000   Number         0  stm32f4xx_hal_i2c.o ABSOLUTE
    ..\Drivers\STM32F4xx_HAL_Driver\Src\stm32f4xx_hal_i2c_ex.c 0x00000000   Number         0  stm32f4xx_hal_i2c_ex.o ABSOLUTE
    ..\Drivers\STM32F4xx_HAL_Driver\Src\stm32f4xx_hal_pwr.c 0x00000000   Number         0  stm32f4xx_hal_pwr.o ABSOLUTE
    ..\Drivers\STM32F4xx_HAL_Driver\Src\stm32f4xx_hal_pwr_ex.c 0x00000000   Number         0  stm32f4xx_hal_pwr_ex.o ABSOLUTE
    ..\Drivers\STM32F4xx_HAL_Driver\Src\stm32f4xx_hal_rcc.c 0x00000000   Number         0  stm32f4xx_hal_rcc.o ABSOLUTE
    ..\Drivers\STM32F4xx_HAL_Driver\Src\stm32f4xx_hal_rcc_ex.c 0x00000000   Number         0  stm32f4xx_hal_rcc_ex.o ABSOLUTE
    ..\Drivers\STM32F4xx_HAL_Driver\Src\stm32f4xx_hal_spi.c 0x00000000   Number         0  stm32f4xx_hal_spi.o ABSOLUTE
    ..\Drivers\STM32F4xx_HAL_Driver\Src\stm32f4xx_hal_tim.c 0x00000000   Number         0  stm32f4xx_hal_tim.o ABSOLUTE
    ..\Drivers\STM32F4xx_HAL_Driver\Src\stm32f4xx_hal_tim_ex.c 0x00000000   Number         0  stm32f4xx_hal_tim_ex.o ABSOLUTE
    ..\Drivers\STM32F4xx_HAL_Driver\Src\stm32f4xx_hal_uart.c 0x00000000   Number         0  stm32f4xx_hal_uart.o ABSOLUTE
    ..\\ioLibrary_Driver-master (1)\\ioLibrary_Driver-master\\Ethernet\\W5500\\w5500.c 0x00000000   Number         0  w5500_1.o ABSOLUTE
    ..\\ioLibrary_Driver-master (1)\\ioLibrary_Driver-master\\Ethernet\\wizchip_conf.c 0x00000000   Number         0  wizchip_conf.o ABSOLUTE
    ..\\w5500port\\w5500_port_hal.c          0x00000000   Number         0  w5500_port_hal.o ABSOLUTE
    ..\ioLibrary_Driver-master (1)\ioLibrary_Driver-master\Ethernet\W5500\w5500.c 0x00000000   Number         0  w5500_1.o ABSOLUTE
    ..\ioLibrary_Driver-master (1)\ioLibrary_Driver-master\Ethernet\socket.c 0x00000000   Number         0  socket.o ABSOLUTE
    ..\ioLibrary_Driver-master (1)\ioLibrary_Driver-master\Ethernet\wizchip_conf.c 0x00000000   Number         0  wizchip_conf.o ABSOLUTE
    ..\w5500port\w5500_port_hal.c            0x00000000   Number         0  w5500_port_hal.o ABSOLUTE
    cdrcmple.s                               0x00000000   Number         0  cdrcmple.o ABSOLUTE
    dc.s                                     0x00000000   Number         0  dc.o ABSOLUTE
    handlers.s                               0x00000000   Number         0  handlers.o ABSOLUTE
    init.s                                   0x00000000   Number         0  init.o ABSOLUTE
    startup_stm32f407xx.s                    0x00000000   Number         0  startup_stm32f407xx.o ABSOLUTE
    RESET                                    0x08000000   Section      392  startup_stm32f407xx.o(RESET)
    .ARM.Collect$$$$00000000                 0x08000188   Section        0  entry.o(.ARM.Collect$$$$00000000)
    .ARM.Collect$$$$00000001                 0x08000188   Section        4  entry2.o(.ARM.Collect$$$$00000001)
    .ARM.Collect$$$$00000004                 0x0800018c   Section        4  entry5.o(.ARM.Collect$$$$00000004)
    .ARM.Collect$$$$00000008                 0x08000190   Section        0  entry7b.o(.ARM.Collect$$$$00000008)
    .ARM.Collect$$$$0000000A                 0x08000190   Section        0  entry8b.o(.ARM.Collect$$$$0000000A)
    .ARM.Collect$$$$0000000B                 0x08000190   Section        8  entry9a.o(.ARM.Collect$$$$0000000B)
    .ARM.Collect$$$$0000000E                 0x08000198   Section        4  entry12b.o(.ARM.Collect$$$$0000000E)
    .ARM.Collect$$$$0000000F                 0x0800019c   Section        0  entry10a.o(.ARM.Collect$$$$0000000F)
    .ARM.Collect$$$$00000011                 0x0800019c   Section        0  entry11a.o(.ARM.Collect$$$$00000011)
    .ARM.Collect$$$$00002712                 0x0800019c   Section        4  entry2.o(.ARM.Collect$$$$00002712)
    __lit__00000000                          0x0800019c   Data           4  entry2.o(.ARM.Collect$$$$00002712)
    .text                                    0x080001a0   Section       36  startup_stm32f407xx.o(.text)
    $v0                                      0x080001a0   Number         0  startup_stm32f407xx.o(.text)
    .text                                    0x080001c4   Section        0  uldiv.o(.text)
    .text                                    0x08000226   Section        0  memseta.o(.text)
    .text                                    0x0800024a   Section        0  llshl.o(.text)
    .text                                    0x08000268   Section        0  llushr.o(.text)
    .text                                    0x08000288   Section       36  init.o(.text)
    i.BusFault_Handler                       0x080002ac   Section        0  stm32f4xx_it.o(i.BusFault_Handler)
    i.ChipParametersConfiguration            0x080002b0   Section        0  w5500_port_hal.o(i.ChipParametersConfiguration)
    i.DebugMon_Handler                       0x080002ec   Section        0  stm32f4xx_it.o(i.DebugMon_Handler)
    i.Error_Handler                          0x080002ee   Section        0  main.o(i.Error_Handler)
    i.HAL_DMA_Abort                          0x080002f2   Section        0  stm32f4xx_hal_dma.o(i.HAL_DMA_Abort)
    i.HAL_DMA_Abort_IT                       0x08000384   Section        0  stm32f4xx_hal_dma.o(i.HAL_DMA_Abort_IT)
    i.HAL_Delay                              0x080003a8   Section        0  stm32f4xx_hal.o(i.HAL_Delay)
    i.HAL_GPIO_Init                          0x080003cc   Section        0  stm32f4xx_hal_gpio.o(i.HAL_GPIO_Init)
    i.HAL_GPIO_WritePin                      0x080005bc   Section        0  stm32f4xx_hal_gpio.o(i.HAL_GPIO_WritePin)
    i.HAL_GetTick                            0x080005c8   Section        0  stm32f4xx_hal.o(i.HAL_GetTick)
    i.HAL_I2C_Init                           0x080005d4   Section        0  stm32f4xx_hal_i2c.o(i.HAL_I2C_Init)
    i.HAL_I2C_MspInit                        0x0800075c   Section        0  i2c.o(i.HAL_I2C_MspInit)
    i.HAL_IncTick                            0x080007c4   Section        0  stm32f4xx_hal.o(i.HAL_IncTick)
    i.HAL_Init                               0x080007d4   Section        0  stm32f4xx_hal.o(i.HAL_Init)
    i.HAL_InitTick                           0x08000808   Section        0  stm32f4xx_hal.o(i.HAL_InitTick)
    i.HAL_MspInit                            0x08000848   Section        0  stm32f4xx_hal_msp.o(i.HAL_MspInit)
    i.HAL_NVIC_EnableIRQ                     0x08000878   Section        0  stm32f4xx_hal_cortex.o(i.HAL_NVIC_EnableIRQ)
    i.HAL_NVIC_SetPriority                   0x08000894   Section        0  stm32f4xx_hal_cortex.o(i.HAL_NVIC_SetPriority)
    i.HAL_NVIC_SetPriorityGrouping           0x080008d4   Section        0  stm32f4xx_hal_cortex.o(i.HAL_NVIC_SetPriorityGrouping)
    i.HAL_RCC_ClockConfig                    0x080008f8   Section        0  stm32f4xx_hal_rcc.o(i.HAL_RCC_ClockConfig)
    i.HAL_RCC_GetPCLK1Freq                   0x08000a2c   Section        0  stm32f4xx_hal_rcc.o(i.HAL_RCC_GetPCLK1Freq)
    i.HAL_RCC_GetPCLK2Freq                   0x08000a4c   Section        0  stm32f4xx_hal_rcc.o(i.HAL_RCC_GetPCLK2Freq)
    i.HAL_RCC_GetSysClockFreq                0x08000a6c   Section        0  stm32f4xx_hal_rcc.o(i.HAL_RCC_GetSysClockFreq)
    i.HAL_RCC_OscConfig                      0x08000acc   Section        0  stm32f4xx_hal_rcc.o(i.HAL_RCC_OscConfig)
    i.HAL_SPI_ErrorCallback                  0x08000e38   Section        0  stm32f4xx_hal_spi.o(i.HAL_SPI_ErrorCallback)
    i.HAL_SPI_IRQHandler                     0x08000e3c   Section        0  stm32f4xx_hal_spi.o(i.HAL_SPI_IRQHandler)
    i.HAL_SPI_Init                           0x08000f38   Section        0  stm32f4xx_hal_spi.o(i.HAL_SPI_Init)
    i.HAL_SPI_MspInit                        0x08000ff4   Section        0  spi.o(i.HAL_SPI_MspInit)
    i.HAL_SPI_TransmitReceive                0x0800106c   Section        0  stm32f4xx_hal_spi.o(i.HAL_SPI_TransmitReceive)
    i.HAL_SYSTICK_Config                     0x0800125c   Section        0  stm32f4xx_hal_cortex.o(i.HAL_SYSTICK_Config)
    i.HAL_UARTEx_RxEventCallback             0x08001284   Section        0  stm32f4xx_hal_uart.o(i.HAL_UARTEx_RxEventCallback)
    i.HAL_UART_AbortReceiveCpltCallback      0x08001286   Section        0  stm32f4xx_hal_uart.o(i.HAL_UART_AbortReceiveCpltCallback)
    i.HAL_UART_AbortReceive_IT               0x08001288   Section        0  stm32f4xx_hal_uart.o(i.HAL_UART_AbortReceive_IT)
    i.HAL_UART_DMAStop                       0x08001320   Section        0  stm32f4xx_hal_uart.o(i.HAL_UART_DMAStop)
    i.HAL_UART_ErrorCallback                 0x08001390   Section        0  stm32f4xx_hal_uart.o(i.HAL_UART_ErrorCallback)
    i.HAL_UART_IRQHandler                    0x08001394   Section        0  stm32f4xx_hal_uart.o(i.HAL_UART_IRQHandler)
    i.HAL_UART_Init                          0x08001604   Section        0  stm32f4xx_hal_uart.o(i.HAL_UART_Init)
    i.HAL_UART_MspInit                       0x08001668   Section        0  usart.o(i.HAL_UART_MspInit)
    i.HAL_UART_Receive_IT                    0x08001724   Section        0  stm32f4xx_hal_uart.o(i.HAL_UART_Receive_IT)
    i.HAL_UART_RxCpltCallback                0x08001740   Section        0  stm32f4xx_hal_uart.o(i.HAL_UART_RxCpltCallback)
    i.HAL_UART_Transmit                      0x08001742   Section        0  stm32f4xx_hal_uart.o(i.HAL_UART_Transmit)
    i.HAL_UART_TxCpltCallback                0x080017e4   Section        0  main.o(i.HAL_UART_TxCpltCallback)
    i.HardFault_Handler                      0x08001800   Section        0  stm32f4xx_it.o(i.HardFault_Handler)
    i.MX_GPIO_Init                           0x08001804   Section        0  gpio.o(i.MX_GPIO_Init)
    i.MX_I2C1_Init                           0x080018e4   Section        0  i2c.o(i.MX_I2C1_Init)
    i.MX_SPI1_Init                           0x08001924   Section        0  spi.o(i.MX_SPI1_Init)
    i.MX_UART4_Init                          0x08001968   Section        0  usart.o(i.MX_UART4_Init)
    i.MX_USART1_UART_Init                    0x080019a0   Section        0  usart.o(i.MX_USART1_UART_Init)
    i.MemManage_Handler                      0x080019d8   Section        0  stm32f4xx_it.o(i.MemManage_Handler)
    i.NMI_Handler                            0x080019da   Section        0  stm32f4xx_it.o(i.NMI_Handler)
    i.NetworkParameterConfiguration          0x080019dc   Section        0  w5500_port_hal.o(i.NetworkParameterConfiguration)
    i.PendSV_Handler                         0x080019fc   Section        0  stm32f4xx_it.o(i.PendSV_Handler)
    i.SPI1_IRQHandler                        0x08001a00   Section        0  stm32f4xx_it.o(i.SPI1_IRQHandler)
    i.SPI_CS_Deselect                        0x08001a0c   Section        0  w5500_port_hal.o(i.SPI_CS_Deselect)
    i.SPI_CS_Select                          0x08001a1c   Section        0  w5500_port_hal.o(i.SPI_CS_Select)
    i.SPI_CrisEnter                          0x08001a2c   Section        0  w5500_port_hal.o(i.SPI_CrisEnter)
    i.SPI_CrisExit                           0x08001a34   Section        0  w5500_port_hal.o(i.SPI_CrisExit)
    i.SPI_DMAAbortOnError                    0x08001a3c   Section        0  stm32f4xx_hal_spi.o(i.SPI_DMAAbortOnError)
    SPI_DMAAbortOnError                      0x08001a3d   Thumb Code    16  stm32f4xx_hal_spi.o(i.SPI_DMAAbortOnError)
    i.SPI_EndRxTxTransaction                 0x08001a4c   Section        0  stm32f4xx_hal_spi.o(i.SPI_EndRxTxTransaction)
    SPI_EndRxTxTransaction                   0x08001a4d   Thumb Code    98  stm32f4xx_hal_spi.o(i.SPI_EndRxTxTransaction)
    i.SPI_ReadByte                           0x08001ab8   Section        0  w5500_port_hal.o(i.SPI_ReadByte)
    i.SPI_WaitFlagStateUntilTimeout          0x08001ae0   Section        0  stm32f4xx_hal_spi.o(i.SPI_WaitFlagStateUntilTimeout)
    SPI_WaitFlagStateUntilTimeout            0x08001ae1   Thumb Code   180  stm32f4xx_hal_spi.o(i.SPI_WaitFlagStateUntilTimeout)
    i.SPI_WriteByte                          0x08001b98   Section        0  w5500_port_hal.o(i.SPI_WriteByte)
    i.SVC_Handler                            0x08001bb4   Section        0  stm32f4xx_it.o(i.SVC_Handler)
    i.SysTick_Handler                        0x08001bb6   Section        0  stm32f4xx_it.o(i.SysTick_Handler)
    i.SystemClock_Config                     0x08001bbc   Section        0  main.o(i.SystemClock_Config)
    i.SystemInit                             0x08001c50   Section        0  system_stm32f4xx.o(i.SystemInit)
    i.UART4_IRQHandler                       0x08001c60   Section        0  stm32f4xx_it.o(i.UART4_IRQHandler)
    i.UART_DMAAbortOnError                   0x08001c94   Section        0  stm32f4xx_hal_uart.o(i.UART_DMAAbortOnError)
    UART_DMAAbortOnError                     0x08001c95   Thumb Code    16  stm32f4xx_hal_uart.o(i.UART_DMAAbortOnError)
    i.UART_DMARxOnlyAbortCallback            0x08001ca4   Section        0  stm32f4xx_hal_uart.o(i.UART_DMARxOnlyAbortCallback)
    UART_DMARxOnlyAbortCallback              0x08001ca5   Thumb Code    22  stm32f4xx_hal_uart.o(i.UART_DMARxOnlyAbortCallback)
    i.UART_EndRxTransfer                     0x08001cba   Section        0  stm32f4xx_hal_uart.o(i.UART_EndRxTransfer)
    UART_EndRxTransfer                       0x08001cbb   Thumb Code    78  stm32f4xx_hal_uart.o(i.UART_EndRxTransfer)
    i.UART_EndTxTransfer                     0x08001d08   Section        0  stm32f4xx_hal_uart.o(i.UART_EndTxTransfer)
    UART_EndTxTransfer                       0x08001d09   Thumb Code    28  stm32f4xx_hal_uart.o(i.UART_EndTxTransfer)
    i.UART_Receive_IT                        0x08001d24   Section        0  stm32f4xx_hal_uart.o(i.UART_Receive_IT)
    UART_Receive_IT                          0x08001d25   Thumb Code   194  stm32f4xx_hal_uart.o(i.UART_Receive_IT)
    i.UART_SetConfig                         0x08001de8   Section        0  stm32f4xx_hal_uart.o(i.UART_SetConfig)
    UART_SetConfig                           0x08001de9   Thumb Code   258  stm32f4xx_hal_uart.o(i.UART_SetConfig)
    i.UART_Start_Receive_IT                  0x08001ef4   Section        0  stm32f4xx_hal_uart.o(i.UART_Start_Receive_IT)
    i.UART_WaitOnFlagUntilTimeout            0x08001f2a   Section        0  stm32f4xx_hal_uart.o(i.UART_WaitOnFlagUntilTimeout)
    UART_WaitOnFlagUntilTimeout              0x08001f2b   Thumb Code   114  stm32f4xx_hal_uart.o(i.UART_WaitOnFlagUntilTimeout)
    i.UsageFault_Handler                     0x08001f9c   Section        0  stm32f4xx_it.o(i.UsageFault_Handler)
    i.UsartReceive_IDLE                      0x08001fa0   Section        0  main.o(i.UsartReceive_IDLE)
    i.W5500_ChipInit                         0x08001fd4   Section        0  w5500_port_hal.o(i.W5500_ChipInit)
    i.W5500_RESET                            0x08002018   Section        0  w5500_port_hal.o(i.W5500_RESET)
    i.WIZCHIP_READ                           0x08002048   Section        0  w5500_1.o(i.WIZCHIP_READ)
    i.WIZCHIP_READ_BUF                       0x080020a0   Section        0  w5500_1.o(i.WIZCHIP_READ_BUF)
    i.WIZCHIP_WRITE                          0x08002114   Section        0  w5500_1.o(i.WIZCHIP_WRITE)
    i.WIZCHIP_WRITE_BUF                      0x08002174   Section        0  w5500_1.o(i.WIZCHIP_WRITE_BUF)
    i.__0printf$2                            0x080021e4   Section        0  printf2.o(i.__0printf$2)
    i.__NVIC_SetPriority                     0x08002204   Section        0  stm32f4xx_hal_cortex.o(i.__NVIC_SetPriority)
    __NVIC_SetPriority                       0x08002205   Thumb Code    32  stm32f4xx_hal_cortex.o(i.__NVIC_SetPriority)
    i.__scatterload_copy                     0x08002224   Section       14  handlers.o(i.__scatterload_copy)
    i.__scatterload_null                     0x08002232   Section        2  handlers.o(i.__scatterload_null)
    i.__scatterload_zeroinit                 0x08002234   Section       14  handlers.o(i.__scatterload_zeroinit)
    i._printf_core                           0x08002242   Section        0  printf2.o(i._printf_core)
    _printf_core                             0x08002243   Thumb Code   214  printf2.o(i._printf_core)
    i.close                                  0x08002318   Section        0  socket.o(i.close)
    i.ctlnetwork                             0x0800238c   Section        0  wizchip_conf.o(i.ctlnetwork)
    i.ctlwizchip                             0x080023d8   Section        0  wizchip_conf.o(i.ctlwizchip)
    i.do_tcpc                                0x080024c4   Section        0  w5500_port_hal.o(i.do_tcpc)
    i.fputc                                  0x0800256c   Section        0  usart.o(i.fputc)
    i.getSn_RX_RSR                           0x08002594   Section        0  w5500_1.o(i.getSn_RX_RSR)
    i.getSn_TX_FSR                           0x080025e0   Section        0  w5500_1.o(i.getSn_TX_FSR)
    i.listen                                 0x0800262c   Section        0  socket.o(i.listen)
    i.main                                   0x0800269c   Section        0  main.o(i.main)
    i.recv                                   0x080026e4   Section        0  socket.o(i.recv)
    i.reg_wizchip_cris_cbfunc                0x080027c8   Section        0  wizchip_conf.o(i.reg_wizchip_cris_cbfunc)
    i.reg_wizchip_cs_cbfunc                  0x080027ec   Section        0  wizchip_conf.o(i.reg_wizchip_cs_cbfunc)
    i.reg_wizchip_spi_cbfunc                 0x08002810   Section        0  wizchip_conf.o(i.reg_wizchip_spi_cbfunc)
    i.send                                   0x0800283c   Section        0  socket.o(i.send)
    i.socket                                 0x08002958   Section        0  socket.o(i.socket)
    i.wiz_recv_data                          0x08002a74   Section        0  w5500_1.o(i.wiz_recv_data)
    i.wiz_send_data                          0x08002ad4   Section        0  w5500_1.o(i.wiz_send_data)
    i.wizchip_bus_readdata                   0x08002b34   Section        0  wizchip_conf.o(i.wizchip_bus_readdata)
    i.wizchip_bus_writedata                  0x08002b38   Section        0  wizchip_conf.o(i.wizchip_bus_writedata)
    i.wizchip_clrinterrupt                   0x08002b3c   Section        0  wizchip_conf.o(i.wizchip_clrinterrupt)
    i.wizchip_cris_enter                     0x08002b76   Section        0  wizchip_conf.o(i.wizchip_cris_enter)
    i.wizchip_cris_exit                      0x08002b7e   Section        0  wizchip_conf.o(i.wizchip_cris_exit)
    i.wizchip_cs_deselect                    0x08002b88   Section        0  wizchip_conf.o(i.wizchip_cs_deselect)
    i.wizchip_cs_select                      0x08002b98   Section        0  wizchip_conf.o(i.wizchip_cs_select)
    i.wizchip_getinterrupt                   0x08002ba8   Section        0  wizchip_conf.o(i.wizchip_getinterrupt)
    i.wizchip_getinterruptmask               0x08002bc6   Section        0  wizchip_conf.o(i.wizchip_getinterruptmask)
    i.wizchip_getnetinfo                     0x08002be4   Section        0  wizchip_conf.o(i.wizchip_getnetinfo)
    i.wizchip_getnetmode                     0x08002c3c   Section        0  wizchip_conf.o(i.wizchip_getnetmode)
    i.wizchip_gettimeout                     0x08002c42   Section        0  wizchip_conf.o(i.wizchip_gettimeout)
    i.wizchip_init                           0x08002c6a   Section        0  wizchip_conf.o(i.wizchip_init)
    i.wizchip_setinterruptmask               0x08002ce4   Section        0  wizchip_conf.o(i.wizchip_setinterruptmask)
    i.wizchip_setnetinfo                     0x08002d00   Section        0  wizchip_conf.o(i.wizchip_setnetinfo)
    i.wizchip_setnetmode                     0x08002d58   Section        0  wizchip_conf.o(i.wizchip_setnetmode)
    i.wizchip_settimeout                     0x08002d7c   Section        0  wizchip_conf.o(i.wizchip_settimeout)
    i.wizchip_spi_readbyte                   0x08002da4   Section        0  wizchip_conf.o(i.wizchip_spi_readbyte)
    i.wizchip_spi_writebyte                  0x08002dcc   Section        0  wizchip_conf.o(i.wizchip_spi_writebyte)
    i.wizchip_sw_reset                       0x08002de8   Section        0  wizchip_conf.o(i.wizchip_sw_reset)
    i.wizphy_getphyconf                      0x08002e5c   Section        0  wizchip_conf.o(i.wizphy_getphyconf)
    i.wizphy_getphylink                      0x08002eaa   Section        0  wizchip_conf.o(i.wizphy_getphylink)
    i.wizphy_getphypmode                     0x08002ec0   Section        0  wizchip_conf.o(i.wizphy_getphypmode)
    i.wizphy_reset                           0x08002eda   Section        0  wizchip_conf.o(i.wizphy_reset)
    i.wizphy_setphyconf                      0x08002f04   Section        0  wizchip_conf.o(i.wizphy_setphyconf)
    i.wizphy_setphypmode                     0x08002f4e   Section        0  wizchip_conf.o(i.wizphy_setphypmode)
    .constdata                               0x08002f9e   Section       16  system_stm32f4xx.o(.constdata)
    .constdata                               0x08002fae   Section        8  system_stm32f4xx.o(.constdata)
    .constdata                               0x08002fb8   Section       16  w5500_port_hal.o(.constdata)
    .data                                    0x20000000   Section        1  main.o(.data)
    .data                                    0x20000004   Section       12  stm32f4xx_hal.o(.data)
    .data                                    0x20000010   Section        4  system_stm32f4xx.o(.data)
    .data                                    0x20000014   Section       14  socket.o(.data)
    sock_any_port                            0x20000014   Data           2  socket.o(.data)
    sock_io_mode                             0x20000016   Data           2  socket.o(.data)
    sock_is_sending                          0x20000018   Data           2  socket.o(.data)
    .data                                    0x20000024   Section       52  wizchip_conf.o(.data)
    _DHCP_                                   0x20000024   Data           1  wizchip_conf.o(.data)
    _DNS_                                    0x20000025   Data           4  wizchip_conf.o(.data)
    .data                                    0x20000058   Section       25  w5500_port_hal.o(.data)
    .data                                    0x20000074   Section        4  stdout.o(.data)
    .bss                                     0x20000078   Section      256  main.o(.bss)
    .bss                                     0x20000178   Section       84  i2c.o(.bss)
    .bss                                     0x200001cc   Section       88  spi.o(.bss)
    .bss                                     0x20000224   Section      144  usart.o(.bss)
    .bss                                     0x200002b4   Section       16  socket.o(.bss)
    sock_remained_size                       0x200002b4   Data          16  socket.o(.bss)
    .bss                                     0x200002c4   Section     2048  w5500_port_hal.o(.bss)
    STACK                                    0x20000ac8   Section     1024  startup_stm32f407xx.o(STACK)

    Global Symbols

    Symbol Name                              Value     Ov Type        Size  Object(Section)

    BuildAttributes$$THM_ISAv4$E$P$D$K$B$S$7EM$VFPi3$EXTD16$VFPS$VFMA$PE$A:L22UL41UL21$X:L11$S22US41US21$IEEE1$IW$USESV6$~STKCKD$USESV7$~SHL$OSPACE$ROPI$EBA8$MICROLIB$REQ8$PRES8$EABIv2 0x00000000   Number         0  anon$$obj.o ABSOLUTE
    __ARM_use_no_argv                        0x00000000   Number         0  main.o ABSOLUTE
    _printf_a                                0x00000000   Number         0  stubs.o ABSOLUTE
    _printf_c                                0x00000000   Number         0  stubs.o ABSOLUTE
    _printf_charcount                        0x00000000   Number         0  stubs.o ABSOLUTE
    _printf_d                                0x00000000   Number         0  stubs.o ABSOLUTE
    _printf_e                                0x00000000   Number         0  stubs.o ABSOLUTE
    _printf_f                                0x00000000   Number         0  stubs.o ABSOLUTE
    _printf_flags                            0x00000000   Number         0  stubs.o ABSOLUTE
    _printf_fp_dec                           0x00000000   Number         0  stubs.o ABSOLUTE
    _printf_fp_hex                           0x00000000   Number         0  stubs.o ABSOLUTE
    _printf_g                                0x00000000   Number         0  stubs.o ABSOLUTE
    _printf_i                                0x00000000   Number         0  stubs.o ABSOLUTE
    _printf_int_dec                          0x00000000   Number         0  stubs.o ABSOLUTE
    _printf_l                                0x00000000   Number         0  stubs.o ABSOLUTE
    _printf_lc                               0x00000000   Number         0  stubs.o ABSOLUTE
    _printf_ll                               0x00000000   Number         0  stubs.o ABSOLUTE
    _printf_lld                              0x00000000   Number         0  stubs.o ABSOLUTE
    _printf_lli                              0x00000000   Number         0  stubs.o ABSOLUTE
    _printf_llo                              0x00000000   Number         0  stubs.o ABSOLUTE
    _printf_llu                              0x00000000   Number         0  stubs.o ABSOLUTE
    _printf_llx                              0x00000000   Number         0  stubs.o ABSOLUTE
    _printf_longlong_dec                     0x00000000   Number         0  stubs.o ABSOLUTE
    _printf_longlong_hex                     0x00000000   Number         0  stubs.o ABSOLUTE
    _printf_longlong_oct                     0x00000000   Number         0  stubs.o ABSOLUTE
    _printf_ls                               0x00000000   Number         0  stubs.o ABSOLUTE
    _printf_mbtowc                           0x00000000   Number         0  stubs.o ABSOLUTE
    _printf_n                                0x00000000   Number         0  stubs.o ABSOLUTE
    _printf_o                                0x00000000   Number         0  stubs.o ABSOLUTE
    _printf_p                                0x00000000   Number         0  stubs.o ABSOLUTE
    _printf_percent                          0x00000000   Number         0  stubs.o ABSOLUTE
    _printf_pre_padding                      0x00000000   Number         0  stubs.o ABSOLUTE
    _printf_return_value                     0x00000000   Number         0  stubs.o ABSOLUTE
    _printf_s                                0x00000000   Number         0  stubs.o ABSOLUTE
    _printf_sizespec                         0x00000000   Number         0  stubs.o ABSOLUTE
    _printf_str                              0x00000000   Number         0  stubs.o ABSOLUTE
    _printf_truncate_signed                  0x00000000   Number         0  stubs.o ABSOLUTE
    _printf_truncate_unsigned                0x00000000   Number         0  stubs.o ABSOLUTE
    _printf_u                                0x00000000   Number         0  stubs.o ABSOLUTE
    _printf_wc                               0x00000000   Number         0  stubs.o ABSOLUTE
    _printf_wctomb                           0x00000000   Number         0  stubs.o ABSOLUTE
    _printf_widthprec                        0x00000000   Number         0  stubs.o ABSOLUTE
    _printf_x                                0x00000000   Number         0  stubs.o ABSOLUTE
    __arm_fini_                               - Undefined Weak Reference
    __cpp_initialize__aeabi_                  - Undefined Weak Reference
    __cxa_finalize                            - Undefined Weak Reference
    __decompress                              - Undefined Weak Reference
    _clock_init                               - Undefined Weak Reference
    _microlib_exit                            - Undefined Weak Reference
    __Vectors_Size                           0x00000188   Number         0  startup_stm32f407xx.o ABSOLUTE
    __Vectors                                0x08000000   Data           4  startup_stm32f407xx.o(RESET)
    __Vectors_End                            0x08000188   Data           0  startup_stm32f407xx.o(RESET)
    __main                                   0x08000189   Thumb Code     0  entry.o(.ARM.Collect$$$$00000000)
    _main_stk                                0x08000189   Thumb Code     0  entry2.o(.ARM.Collect$$$$00000001)
    _main_scatterload                        0x0800018d   Thumb Code     0  entry5.o(.ARM.Collect$$$$00000004)
    __main_after_scatterload                 0x08000191   Thumb Code     0  entry5.o(.ARM.Collect$$$$00000004)
    _main_clock                              0x08000191   Thumb Code     0  entry7b.o(.ARM.Collect$$$$00000008)
    _main_cpp_init                           0x08000191   Thumb Code     0  entry8b.o(.ARM.Collect$$$$0000000A)
    _main_init                               0x08000191   Thumb Code     0  entry9a.o(.ARM.Collect$$$$0000000B)
    __rt_lib_shutdown_fini                   0x08000199   Thumb Code     0  entry12b.o(.ARM.Collect$$$$0000000E)
    __rt_final_cpp                           0x0800019d   Thumb Code     0  entry10a.o(.ARM.Collect$$$$0000000F)
    __rt_final_exit                          0x0800019d   Thumb Code     0  entry11a.o(.ARM.Collect$$$$00000011)
    Reset_Handler                            0x080001a1   Thumb Code     8  startup_stm32f407xx.o(.text)
    ADC_IRQHandler                           0x080001bb   Thumb Code     0  startup_stm32f407xx.o(.text)
    CAN1_RX0_IRQHandler                      0x080001bb   Thumb Code     0  startup_stm32f407xx.o(.text)
    CAN1_RX1_IRQHandler                      0x080001bb   Thumb Code     0  startup_stm32f407xx.o(.text)
    CAN1_SCE_IRQHandler                      0x080001bb   Thumb Code     0  startup_stm32f407xx.o(.text)
    CAN1_TX_IRQHandler                       0x080001bb   Thumb Code     0  startup_stm32f407xx.o(.text)
    CAN2_RX0_IRQHandler                      0x080001bb   Thumb Code     0  startup_stm32f407xx.o(.text)
    CAN2_RX1_IRQHandler                      0x080001bb   Thumb Code     0  startup_stm32f407xx.o(.text)
    CAN2_SCE_IRQHandler                      0x080001bb   Thumb Code     0  startup_stm32f407xx.o(.text)
    CAN2_TX_IRQHandler                       0x080001bb   Thumb Code     0  startup_stm32f407xx.o(.text)
    DCMI_IRQHandler                          0x080001bb   Thumb Code     0  startup_stm32f407xx.o(.text)
    DMA1_Stream0_IRQHandler                  0x080001bb   Thumb Code     0  startup_stm32f407xx.o(.text)
    DMA1_Stream1_IRQHandler                  0x080001bb   Thumb Code     0  startup_stm32f407xx.o(.text)
    DMA1_Stream2_IRQHandler                  0x080001bb   Thumb Code     0  startup_stm32f407xx.o(.text)
    DMA1_Stream3_IRQHandler                  0x080001bb   Thumb Code     0  startup_stm32f407xx.o(.text)
    DMA1_Stream4_IRQHandler                  0x080001bb   Thumb Code     0  startup_stm32f407xx.o(.text)
    DMA1_Stream5_IRQHandler                  0x080001bb   Thumb Code     0  startup_stm32f407xx.o(.text)
    DMA1_Stream6_IRQHandler                  0x080001bb   Thumb Code     0  startup_stm32f407xx.o(.text)
    DMA1_Stream7_IRQHandler                  0x080001bb   Thumb Code     0  startup_stm32f407xx.o(.text)
    DMA2_Stream0_IRQHandler                  0x080001bb   Thumb Code     0  startup_stm32f407xx.o(.text)
    DMA2_Stream1_IRQHandler                  0x080001bb   Thumb Code     0  startup_stm32f407xx.o(.text)
    DMA2_Stream2_IRQHandler                  0x080001bb   Thumb Code     0  startup_stm32f407xx.o(.text)
    DMA2_Stream3_IRQHandler                  0x080001bb   Thumb Code     0  startup_stm32f407xx.o(.text)
    DMA2_Stream4_IRQHandler                  0x080001bb   Thumb Code     0  startup_stm32f407xx.o(.text)
    DMA2_Stream5_IRQHandler                  0x080001bb   Thumb Code     0  startup_stm32f407xx.o(.text)
    DMA2_Stream6_IRQHandler                  0x080001bb   Thumb Code     0  startup_stm32f407xx.o(.text)
    DMA2_Stream7_IRQHandler                  0x080001bb   Thumb Code     0  startup_stm32f407xx.o(.text)
    ETH_IRQHandler                           0x080001bb   Thumb Code     0  startup_stm32f407xx.o(.text)
    ETH_WKUP_IRQHandler                      0x080001bb   Thumb Code     0  startup_stm32f407xx.o(.text)
    EXTI0_IRQHandler                         0x080001bb   Thumb Code     0  startup_stm32f407xx.o(.text)
    EXTI15_10_IRQHandler                     0x080001bb   Thumb Code     0  startup_stm32f407xx.o(.text)
    EXTI1_IRQHandler                         0x080001bb   Thumb Code     0  startup_stm32f407xx.o(.text)
    EXTI2_IRQHandler                         0x080001bb   Thumb Code     0  startup_stm32f407xx.o(.text)
    EXTI3_IRQHandler                         0x080001bb   Thumb Code     0  startup_stm32f407xx.o(.text)
    EXTI4_IRQHandler                         0x080001bb   Thumb Code     0  startup_stm32f407xx.o(.text)
    EXTI9_5_IRQHandler                       0x080001bb   Thumb Code     0  startup_stm32f407xx.o(.text)
    FLASH_IRQHandler                         0x080001bb   Thumb Code     0  startup_stm32f407xx.o(.text)
    FMC_IRQHandler                           0x080001bb   Thumb Code     0  startup_stm32f407xx.o(.text)
    FPU_IRQHandler                           0x080001bb   Thumb Code     0  startup_stm32f407xx.o(.text)
    HASH_RNG_IRQHandler                      0x080001bb   Thumb Code     0  startup_stm32f407xx.o(.text)
    I2C1_ER_IRQHandler                       0x080001bb   Thumb Code     0  startup_stm32f407xx.o(.text)
    I2C1_EV_IRQHandler                       0x080001bb   Thumb Code     0  startup_stm32f407xx.o(.text)
    I2C2_ER_IRQHandler                       0x080001bb   Thumb Code     0  startup_stm32f407xx.o(.text)
    I2C2_EV_IRQHandler                       0x080001bb   Thumb Code     0  startup_stm32f407xx.o(.text)
    I2C3_ER_IRQHandler                       0x080001bb   Thumb Code     0  startup_stm32f407xx.o(.text)
    I2C3_EV_IRQHandler                       0x080001bb   Thumb Code     0  startup_stm32f407xx.o(.text)
    OTG_FS_IRQHandler                        0x080001bb   Thumb Code     0  startup_stm32f407xx.o(.text)
    OTG_FS_WKUP_IRQHandler                   0x080001bb   Thumb Code     0  startup_stm32f407xx.o(.text)
    OTG_HS_EP1_IN_IRQHandler                 0x080001bb   Thumb Code     0  startup_stm32f407xx.o(.text)
    OTG_HS_EP1_OUT_IRQHandler                0x080001bb   Thumb Code     0  startup_stm32f407xx.o(.text)
    OTG_HS_IRQHandler                        0x080001bb   Thumb Code     0  startup_stm32f407xx.o(.text)
    OTG_HS_WKUP_IRQHandler                   0x080001bb   Thumb Code     0  startup_stm32f407xx.o(.text)
    PVD_IRQHandler                           0x080001bb   Thumb Code     0  startup_stm32f407xx.o(.text)
    RCC_IRQHandler                           0x080001bb   Thumb Code     0  startup_stm32f407xx.o(.text)
    RTC_Alarm_IRQHandler                     0x080001bb   Thumb Code     0  startup_stm32f407xx.o(.text)
    RTC_WKUP_IRQHandler                      0x080001bb   Thumb Code     0  startup_stm32f407xx.o(.text)
    SDIO_IRQHandler                          0x080001bb   Thumb Code     0  startup_stm32f407xx.o(.text)
    SPI2_IRQHandler                          0x080001bb   Thumb Code     0  startup_stm32f407xx.o(.text)
    SPI3_IRQHandler                          0x080001bb   Thumb Code     0  startup_stm32f407xx.o(.text)
    TAMP_STAMP_IRQHandler                    0x080001bb   Thumb Code     0  startup_stm32f407xx.o(.text)
    TIM1_BRK_TIM9_IRQHandler                 0x080001bb   Thumb Code     0  startup_stm32f407xx.o(.text)
    TIM1_CC_IRQHandler                       0x080001bb   Thumb Code     0  startup_stm32f407xx.o(.text)
    TIM1_TRG_COM_TIM11_IRQHandler            0x080001bb   Thumb Code     0  startup_stm32f407xx.o(.text)
    TIM1_UP_TIM10_IRQHandler                 0x080001bb   Thumb Code     0  startup_stm32f407xx.o(.text)
    TIM2_IRQHandler                          0x080001bb   Thumb Code     0  startup_stm32f407xx.o(.text)
    TIM3_IRQHandler                          0x080001bb   Thumb Code     0  startup_stm32f407xx.o(.text)
    TIM4_IRQHandler                          0x080001bb   Thumb Code     0  startup_stm32f407xx.o(.text)
    TIM5_IRQHandler                          0x080001bb   Thumb Code     0  startup_stm32f407xx.o(.text)
    TIM6_DAC_IRQHandler                      0x080001bb   Thumb Code     0  startup_stm32f407xx.o(.text)
    TIM7_IRQHandler                          0x080001bb   Thumb Code     0  startup_stm32f407xx.o(.text)
    TIM8_BRK_TIM12_IRQHandler                0x080001bb   Thumb Code     0  startup_stm32f407xx.o(.text)
    TIM8_CC_IRQHandler                       0x080001bb   Thumb Code     0  startup_stm32f407xx.o(.text)
    TIM8_TRG_COM_TIM14_IRQHandler            0x080001bb   Thumb Code     0  startup_stm32f407xx.o(.text)
    TIM8_UP_TIM13_IRQHandler                 0x080001bb   Thumb Code     0  startup_stm32f407xx.o(.text)
    UART5_IRQHandler                         0x080001bb   Thumb Code     0  startup_stm32f407xx.o(.text)
    USART1_IRQHandler                        0x080001bb   Thumb Code     0  startup_stm32f407xx.o(.text)
    USART2_IRQHandler                        0x080001bb   Thumb Code     0  startup_stm32f407xx.o(.text)
    USART3_IRQHandler                        0x080001bb   Thumb Code     0  startup_stm32f407xx.o(.text)
    USART6_IRQHandler                        0x080001bb   Thumb Code     0  startup_stm32f407xx.o(.text)
    WWDG_IRQHandler                          0x080001bb   Thumb Code     0  startup_stm32f407xx.o(.text)
    __aeabi_uldivmod                         0x080001c5   Thumb Code    98  uldiv.o(.text)
    __aeabi_memset                           0x08000227   Thumb Code    14  memseta.o(.text)
    __aeabi_memset4                          0x08000227   Thumb Code     0  memseta.o(.text)
    __aeabi_memset8                          0x08000227   Thumb Code     0  memseta.o(.text)
    __aeabi_memclr                           0x08000235   Thumb Code     4  memseta.o(.text)
    __aeabi_memclr4                          0x08000235   Thumb Code     0  memseta.o(.text)
    __aeabi_memclr8                          0x08000235   Thumb Code     0  memseta.o(.text)
    _memset$wrapper                          0x08000239   Thumb Code    18  memseta.o(.text)
    __aeabi_llsl                             0x0800024b   Thumb Code    30  llshl.o(.text)
    _ll_shift_l                              0x0800024b   Thumb Code     0  llshl.o(.text)
    __aeabi_llsr                             0x08000269   Thumb Code    32  llushr.o(.text)
    _ll_ushift_r                             0x08000269   Thumb Code     0  llushr.o(.text)
    __scatterload                            0x08000289   Thumb Code    28  init.o(.text)
    __scatterload_rt2                        0x08000289   Thumb Code     0  init.o(.text)
    BusFault_Handler                         0x080002ad   Thumb Code     2  stm32f4xx_it.o(i.BusFault_Handler)
    ChipParametersConfiguration              0x080002b1   Thumb Code    56  w5500_port_hal.o(i.ChipParametersConfiguration)
    DebugMon_Handler                         0x080002ed   Thumb Code     2  stm32f4xx_it.o(i.DebugMon_Handler)
    Error_Handler                            0x080002ef   Thumb Code     4  main.o(i.Error_Handler)
    HAL_DMA_Abort                            0x080002f3   Thumb Code   146  stm32f4xx_hal_dma.o(i.HAL_DMA_Abort)
    HAL_DMA_Abort_IT                         0x08000385   Thumb Code    36  stm32f4xx_hal_dma.o(i.HAL_DMA_Abort_IT)
    HAL_Delay                                0x080003a9   Thumb Code    32  stm32f4xx_hal.o(i.HAL_Delay)
    HAL_GPIO_Init                            0x080003cd   Thumb Code   450  stm32f4xx_hal_gpio.o(i.HAL_GPIO_Init)
    HAL_GPIO_WritePin                        0x080005bd   Thumb Code    10  stm32f4xx_hal_gpio.o(i.HAL_GPIO_WritePin)
    HAL_GetTick                              0x080005c9   Thumb Code     6  stm32f4xx_hal.o(i.HAL_GetTick)
    HAL_I2C_Init                             0x080005d5   Thumb Code   376  stm32f4xx_hal_i2c.o(i.HAL_I2C_Init)
    HAL_I2C_MspInit                          0x0800075d   Thumb Code    92  i2c.o(i.HAL_I2C_MspInit)
    HAL_IncTick                              0x080007c5   Thumb Code    12  stm32f4xx_hal.o(i.HAL_IncTick)
    HAL_Init                                 0x080007d5   Thumb Code    48  stm32f4xx_hal.o(i.HAL_Init)
    HAL_InitTick                             0x08000809   Thumb Code    54  stm32f4xx_hal.o(i.HAL_InitTick)
    HAL_MspInit                              0x08000849   Thumb Code    42  stm32f4xx_hal_msp.o(i.HAL_MspInit)
    HAL_NVIC_EnableIRQ                       0x08000879   Thumb Code    26  stm32f4xx_hal_cortex.o(i.HAL_NVIC_EnableIRQ)
    HAL_NVIC_SetPriority                     0x08000895   Thumb Code    60  stm32f4xx_hal_cortex.o(i.HAL_NVIC_SetPriority)
    HAL_NVIC_SetPriorityGrouping             0x080008d5   Thumb Code    26  stm32f4xx_hal_cortex.o(i.HAL_NVIC_SetPriorityGrouping)
    HAL_RCC_ClockConfig                      0x080008f9   Thumb Code   288  stm32f4xx_hal_rcc.o(i.HAL_RCC_ClockConfig)
    HAL_RCC_GetPCLK1Freq                     0x08000a2d   Thumb Code    20  stm32f4xx_hal_rcc.o(i.HAL_RCC_GetPCLK1Freq)
    HAL_RCC_GetPCLK2Freq                     0x08000a4d   Thumb Code    20  stm32f4xx_hal_rcc.o(i.HAL_RCC_GetPCLK2Freq)
    HAL_RCC_GetSysClockFreq                  0x08000a6d   Thumb Code    88  stm32f4xx_hal_rcc.o(i.HAL_RCC_GetSysClockFreq)
    HAL_RCC_OscConfig                        0x08000acd   Thumb Code   856  stm32f4xx_hal_rcc.o(i.HAL_RCC_OscConfig)
    HAL_SPI_ErrorCallback                    0x08000e39   Thumb Code     2  stm32f4xx_hal_spi.o(i.HAL_SPI_ErrorCallback)
    HAL_SPI_IRQHandler                       0x08000e3d   Thumb Code   246  stm32f4xx_hal_spi.o(i.HAL_SPI_IRQHandler)
    HAL_SPI_Init                             0x08000f39   Thumb Code   188  stm32f4xx_hal_spi.o(i.HAL_SPI_Init)
    HAL_SPI_MspInit                          0x08000ff5   Thumb Code   108  spi.o(i.HAL_SPI_MspInit)
    HAL_SPI_TransmitReceive                  0x0800106d   Thumb Code   496  stm32f4xx_hal_spi.o(i.HAL_SPI_TransmitReceive)
    HAL_SYSTICK_Config                       0x0800125d   Thumb Code    40  stm32f4xx_hal_cortex.o(i.HAL_SYSTICK_Config)
    HAL_UARTEx_RxEventCallback               0x08001285   Thumb Code     2  stm32f4xx_hal_uart.o(i.HAL_UARTEx_RxEventCallback)
    HAL_UART_AbortReceiveCpltCallback        0x08001287   Thumb Code     2  stm32f4xx_hal_uart.o(i.HAL_UART_AbortReceiveCpltCallback)
    HAL_UART_AbortReceive_IT                 0x08001289   Thumb Code   148  stm32f4xx_hal_uart.o(i.HAL_UART_AbortReceive_IT)
    HAL_UART_DMAStop                         0x08001321   Thumb Code   112  stm32f4xx_hal_uart.o(i.HAL_UART_DMAStop)
    HAL_UART_ErrorCallback                   0x08001391   Thumb Code     2  stm32f4xx_hal_uart.o(i.HAL_UART_ErrorCallback)
    HAL_UART_IRQHandler                      0x08001395   Thumb Code   618  stm32f4xx_hal_uart.o(i.HAL_UART_IRQHandler)
    HAL_UART_Init                            0x08001605   Thumb Code   100  stm32f4xx_hal_uart.o(i.HAL_UART_Init)
    HAL_UART_MspInit                         0x08001669   Thumb Code   172  usart.o(i.HAL_UART_MspInit)
    HAL_UART_Receive_IT                      0x08001725   Thumb Code    28  stm32f4xx_hal_uart.o(i.HAL_UART_Receive_IT)
    HAL_UART_RxCpltCallback                  0x08001741   Thumb Code     2  stm32f4xx_hal_uart.o(i.HAL_UART_RxCpltCallback)
    HAL_UART_Transmit                        0x08001743   Thumb Code   160  stm32f4xx_hal_uart.o(i.HAL_UART_Transmit)
    HAL_UART_TxCpltCallback                  0x080017e5   Thumb Code    20  main.o(i.HAL_UART_TxCpltCallback)
    HardFault_Handler                        0x08001801   Thumb Code     2  stm32f4xx_it.o(i.HardFault_Handler)
    MX_GPIO_Init                             0x08001805   Thumb Code   206  gpio.o(i.MX_GPIO_Init)
    MX_I2C1_Init                             0x080018e5   Thumb Code    50  i2c.o(i.MX_I2C1_Init)
    MX_SPI1_Init                             0x08001925   Thumb Code    60  spi.o(i.MX_SPI1_Init)
    MX_UART4_Init                            0x08001969   Thumb Code    48  usart.o(i.MX_UART4_Init)
    MX_USART1_UART_Init                      0x080019a1   Thumb Code    48  usart.o(i.MX_USART1_UART_Init)
    MemManage_Handler                        0x080019d9   Thumb Code     2  stm32f4xx_it.o(i.MemManage_Handler)
    NMI_Handler                              0x080019db   Thumb Code     2  stm32f4xx_it.o(i.NMI_Handler)
    NetworkParameterConfiguration            0x080019dd   Thumb Code    28  w5500_port_hal.o(i.NetworkParameterConfiguration)
    PendSV_Handler                           0x080019fd   Thumb Code     2  stm32f4xx_it.o(i.PendSV_Handler)
    SPI1_IRQHandler                          0x08001a01   Thumb Code     6  stm32f4xx_it.o(i.SPI1_IRQHandler)
    SPI_CS_Deselect                          0x08001a0d   Thumb Code    10  w5500_port_hal.o(i.SPI_CS_Deselect)
    SPI_CS_Select                            0x08001a1d   Thumb Code    10  w5500_port_hal.o(i.SPI_CS_Select)
    SPI_CrisEnter                            0x08001a2d   Thumb Code     8  w5500_port_hal.o(i.SPI_CrisEnter)
    SPI_CrisExit                             0x08001a35   Thumb Code     8  w5500_port_hal.o(i.SPI_CrisExit)
    SPI_ReadByte                             0x08001ab9   Thumb Code    32  w5500_port_hal.o(i.SPI_ReadByte)
    SPI_WriteByte                            0x08001b99   Thumb Code    22  w5500_port_hal.o(i.SPI_WriteByte)
    SVC_Handler                              0x08001bb5   Thumb Code     2  stm32f4xx_it.o(i.SVC_Handler)
    SysTick_Handler                          0x08001bb7   Thumb Code     4  stm32f4xx_it.o(i.SysTick_Handler)
    SystemClock_Config                       0x08001bbd   Thumb Code   138  main.o(i.SystemClock_Config)
    SystemInit                               0x08001c51   Thumb Code    12  system_stm32f4xx.o(i.SystemInit)
    UART4_IRQHandler                         0x08001c61   Thumb Code    46  stm32f4xx_it.o(i.UART4_IRQHandler)
    UART_Start_Receive_IT                    0x08001ef5   Thumb Code    54  stm32f4xx_hal_uart.o(i.UART_Start_Receive_IT)
    UsageFault_Handler                       0x08001f9d   Thumb Code     2  stm32f4xx_it.o(i.UsageFault_Handler)
    UsartReceive_IDLE                        0x08001fa1   Thumb Code    40  main.o(i.UsartReceive_IDLE)
    W5500_ChipInit                           0x08001fd5   Thumb Code    42  w5500_port_hal.o(i.W5500_ChipInit)
    W5500_RESET                              0x08002019   Thumb Code    44  w5500_port_hal.o(i.W5500_RESET)
    WIZCHIP_READ                             0x08002049   Thumb Code    84  w5500_1.o(i.WIZCHIP_READ)
    WIZCHIP_READ_BUF                         0x080020a1   Thumb Code   112  w5500_1.o(i.WIZCHIP_READ_BUF)
    WIZCHIP_WRITE                            0x08002115   Thumb Code    90  w5500_1.o(i.WIZCHIP_WRITE)
    WIZCHIP_WRITE_BUF                        0x08002175   Thumb Code   108  w5500_1.o(i.WIZCHIP_WRITE_BUF)
    __0printf$2                              0x080021e5   Thumb Code    22  printf2.o(i.__0printf$2)
    __1printf$2                              0x080021e5   Thumb Code     0  printf2.o(i.__0printf$2)
    __2printf                                0x080021e5   Thumb Code     0  printf2.o(i.__0printf$2)
    __scatterload_copy                       0x08002225   Thumb Code    14  handlers.o(i.__scatterload_copy)
    __scatterload_null                       0x08002233   Thumb Code     2  handlers.o(i.__scatterload_null)
    __scatterload_zeroinit                   0x08002235   Thumb Code    14  handlers.o(i.__scatterload_zeroinit)
    close                                    0x08002319   Thumb Code   108  socket.o(i.close)
    ctlnetwork                               0x0800238d   Thumb Code    76  wizchip_conf.o(i.ctlnetwork)
    ctlwizchip                               0x080023d9   Thumb Code   230  wizchip_conf.o(i.ctlwizchip)
    do_tcpc                                  0x080024c5   Thumb Code   150  w5500_port_hal.o(i.do_tcpc)
    fputc                                    0x0800256d   Thumb Code    30  usart.o(i.fputc)
    getSn_RX_RSR                             0x08002595   Thumb Code    76  w5500_1.o(i.getSn_RX_RSR)
    getSn_TX_FSR                             0x080025e1   Thumb Code    76  w5500_1.o(i.getSn_TX_FSR)
    listen                                   0x0800262d   Thumb Code   112  socket.o(i.listen)
    main                                     0x0800269d   Thumb Code    62  main.o(i.main)
    recv                                     0x080026e5   Thumb Code   224  socket.o(i.recv)
    reg_wizchip_cris_cbfunc                  0x080027c9   Thumb Code    22  wizchip_conf.o(i.reg_wizchip_cris_cbfunc)
    reg_wizchip_cs_cbfunc                    0x080027ed   Thumb Code    22  wizchip_conf.o(i.reg_wizchip_cs_cbfunc)
    reg_wizchip_spi_cbfunc                   0x08002811   Thumb Code    30  wizchip_conf.o(i.reg_wizchip_spi_cbfunc)
    send                                     0x0800283d   Thumb Code   278  socket.o(i.send)
    socket                                   0x08002959   Thumb Code   276  socket.o(i.socket)
    wiz_recv_data                            0x08002a75   Thumb Code    96  w5500_1.o(i.wiz_recv_data)
    wiz_send_data                            0x08002ad5   Thumb Code    96  w5500_1.o(i.wiz_send_data)
    wizchip_bus_readdata                     0x08002b35   Thumb Code     4  wizchip_conf.o(i.wizchip_bus_readdata)
    wizchip_bus_writedata                    0x08002b39   Thumb Code     4  wizchip_conf.o(i.wizchip_bus_writedata)
    wizchip_clrinterrupt                     0x08002b3d   Thumb Code    58  wizchip_conf.o(i.wizchip_clrinterrupt)
    wizchip_cris_enter                       0x08002b77   Thumb Code     8  wizchip_conf.o(i.wizchip_cris_enter)
    wizchip_cris_exit                        0x08002b7f   Thumb Code     8  wizchip_conf.o(i.wizchip_cris_exit)
    wizchip_cs_deselect                      0x08002b89   Thumb Code    10  wizchip_conf.o(i.wizchip_cs_deselect)
    wizchip_cs_select                        0x08002b99   Thumb Code    10  wizchip_conf.o(i.wizchip_cs_select)
    wizchip_getinterrupt                     0x08002ba9   Thumb Code    30  wizchip_conf.o(i.wizchip_getinterrupt)
    wizchip_getinterruptmask                 0x08002bc7   Thumb Code    28  wizchip_conf.o(i.wizchip_getinterruptmask)
    wizchip_getnetinfo                       0x08002be5   Thumb Code    82  wizchip_conf.o(i.wizchip_getnetinfo)
    wizchip_getnetmode                       0x08002c3d   Thumb Code     6  wizchip_conf.o(i.wizchip_getnetmode)
    wizchip_gettimeout                       0x08002c43   Thumb Code    40  wizchip_conf.o(i.wizchip_gettimeout)
    wizchip_init                             0x08002c6b   Thumb Code   122  wizchip_conf.o(i.wizchip_init)
    wizchip_setinterruptmask                 0x08002ce5   Thumb Code    28  wizchip_conf.o(i.wizchip_setinterruptmask)
    wizchip_setnetinfo                       0x08002d01   Thumb Code    82  wizchip_conf.o(i.wizchip_setnetinfo)
    wizchip_setnetmode                       0x08002d59   Thumb Code    36  wizchip_conf.o(i.wizchip_setnetmode)
    wizchip_settimeout                       0x08002d7d   Thumb Code    40  wizchip_conf.o(i.wizchip_settimeout)
    wizchip_spi_readbyte                     0x08002da5   Thumb Code    30  wizchip_conf.o(i.wizchip_spi_readbyte)
    wizchip_spi_writebyte                    0x08002dcd   Thumb Code    22  wizchip_conf.o(i.wizchip_spi_writebyte)
    wizchip_sw_reset                         0x08002de9   Thumb Code   116  wizchip_conf.o(i.wizchip_sw_reset)
    wizphy_getphyconf                        0x08002e5d   Thumb Code    78  wizchip_conf.o(i.wizphy_getphyconf)
    wizphy_getphylink                        0x08002eab   Thumb Code    22  wizchip_conf.o(i.wizphy_getphylink)
    wizphy_getphypmode                       0x08002ec1   Thumb Code    26  wizchip_conf.o(i.wizphy_getphypmode)
    wizphy_reset                             0x08002edb   Thumb Code    42  wizchip_conf.o(i.wizphy_reset)
    wizphy_setphyconf                        0x08002f05   Thumb Code    74  wizchip_conf.o(i.wizphy_setphyconf)
    wizphy_setphypmode                       0x08002f4f   Thumb Code    80  wizchip_conf.o(i.wizphy_setphypmode)
    AHBPrescTable                            0x08002f9e   Data          16  system_stm32f4xx.o(.constdata)
    APBPrescTable                            0x08002fae   Data           8  system_stm32f4xx.o(.constdata)
    Region$$Table$$Base                      0x08002fc8   Number         0  anon$$obj.o(Region$$Table)
    Region$$Table$$Limit                     0x08002fe8   Number         0  anon$$obj.o(Region$$Table)
    rx_len                                   0x20000000   Data           1  main.o(.data)
    uwTickFreq                               0x20000004   Data           1  stm32f4xx_hal.o(.data)
    uwTickPrio                               0x20000008   Data           4  stm32f4xx_hal.o(.data)
    uwTick                                   0x2000000c   Data           4  stm32f4xx_hal.o(.data)
    SystemCoreClock                          0x20000010   Data           4  system_stm32f4xx.o(.data)
    sock_pack_info                           0x2000001a   Data           8  socket.o(.data)
    WIZCHIP                                  0x2000002c   Data          44  wizchip_conf.o(.data)
    Net_Status                               0x20000058   Data           2  w5500_port_hal.o(.data)
    gWIZNETINFO                              0x2000005a   Data          23  w5500_port_hal.o(.data)
    __stdout                                 0x20000074   Data           4  stdout.o(.data)
    rs485_buff                               0x20000078   Data         256  main.o(.bss)
    hi2c1                                    0x20000178   Data          84  i2c.o(.bss)
    hspi1                                    0x200001cc   Data          88  spi.o(.bss)
    huart4                                   0x20000224   Data          72  usart.o(.bss)
    huart1                                   0x2000026c   Data          72  usart.o(.bss)
    buffer                                   0x200002c4   Data        2048  w5500_port_hal.o(.bss)
    __initial_sp                             0x20000ec8   Data           0  startup_stm32f407xx.o(STACK)



==============================================================================

Memory Map of the image

  Image Entry point : 0x08000189

  Load Region LR_IROM1 (Base: 0x08000000, Size: 0x00003060, Max: 0x00080000, ABSOLUTE)

    Execution Region ER_IROM1 (Exec base: 0x08000000, Load base: 0x08000000, Size: 0x00002fe8, Max: 0x00080000, ABSOLUTE)

    Exec Addr    Load Addr    Size         Type   Attr      Idx    E Section Name        Object

    0x08000000   0x08000000   0x00000188   Data   RO            3    RESET               startup_stm32f407xx.o
    0x08000188   0x08000188   0x00000000   Code   RO         3357  * .ARM.Collect$$$$00000000  mc_w.l(entry.o)
    0x08000188   0x08000188   0x00000004   Code   RO         3625    .ARM.Collect$$$$00000001  mc_w.l(entry2.o)
    0x0800018c   0x0800018c   0x00000004   Code   RO         3628    .ARM.Collect$$$$00000004  mc_w.l(entry5.o)
    0x08000190   0x08000190   0x00000000   Code   RO         3630    .ARM.Collect$$$$00000008  mc_w.l(entry7b.o)
    0x08000190   0x08000190   0x00000000   Code   RO         3632    .ARM.Collect$$$$0000000A  mc_w.l(entry8b.o)
    0x08000190   0x08000190   0x00000008   Code   RO         3633    .ARM.Collect$$$$0000000B  mc_w.l(entry9a.o)
    0x08000198   0x08000198   0x00000004   Code   RO         3640    .ARM.Collect$$$$0000000E  mc_w.l(entry12b.o)
    0x0800019c   0x0800019c   0x00000000   Code   RO         3635    .ARM.Collect$$$$0000000F  mc_w.l(entry10a.o)
    0x0800019c   0x0800019c   0x00000000   Code   RO         3637    .ARM.Collect$$$$00000011  mc_w.l(entry11a.o)
    0x0800019c   0x0800019c   0x00000004   Code   RO         3626    .ARM.Collect$$$$00002712  mc_w.l(entry2.o)
    0x080001a0   0x080001a0   0x00000024   Code   RO            4    .text               startup_stm32f407xx.o
    0x080001c4   0x080001c4   0x00000062   Code   RO         3360    .text               mc_w.l(uldiv.o)
    0x08000226   0x08000226   0x00000024   Code   RO         3362    .text               mc_w.l(memseta.o)
    0x0800024a   0x0800024a   0x0000001e   Code   RO         3644    .text               mc_w.l(llshl.o)
    0x08000268   0x08000268   0x00000020   Code   RO         3646    .text               mc_w.l(llushr.o)
    0x08000288   0x08000288   0x00000024   Code   RO         3659    .text               mc_w.l(init.o)
    0x080002ac   0x080002ac   0x00000002   Code   RO          372    i.BusFault_Handler  stm32f4xx_it.o
    0x080002ae   0x080002ae   0x00000002   PAD
    0x080002b0   0x080002b0   0x0000003c   Code   RO         3253    i.ChipParametersConfiguration  w5500_port_hal.o
    0x080002ec   0x080002ec   0x00000002   Code   RO          373    i.DebugMon_Handler  stm32f4xx_it.o
    0x080002ee   0x080002ee   0x00000004   Code   RO           13    i.Error_Handler     main.o
    0x080002f2   0x080002f2   0x00000092   Code   RO         1480    i.HAL_DMA_Abort     stm32f4xx_hal_dma.o
    0x08000384   0x08000384   0x00000024   Code   RO         1481    i.HAL_DMA_Abort_IT  stm32f4xx_hal_dma.o
    0x080003a8   0x080003a8   0x00000024   Code   RO         1917    i.HAL_Delay         stm32f4xx_hal.o
    0x080003cc   0x080003cc   0x000001f0   Code   RO         1373    i.HAL_GPIO_Init     stm32f4xx_hal_gpio.o
    0x080005bc   0x080005bc   0x0000000a   Code   RO         1377    i.HAL_GPIO_WritePin  stm32f4xx_hal_gpio.o
    0x080005c6   0x080005c6   0x00000002   PAD
    0x080005c8   0x080005c8   0x0000000c   Code   RO         1923    i.HAL_GetTick       stm32f4xx_hal.o
    0x080005d4   0x080005d4   0x00000188   Code   RO          574    i.HAL_I2C_Init      stm32f4xx_hal_i2c.o
    0x0800075c   0x0800075c   0x00000068   Code   RO          235    i.HAL_I2C_MspInit   i2c.o
    0x080007c4   0x080007c4   0x00000010   Code   RO         1929    i.HAL_IncTick       stm32f4xx_hal.o
    0x080007d4   0x080007d4   0x00000034   Code   RO         1930    i.HAL_Init          stm32f4xx_hal.o
    0x08000808   0x08000808   0x00000040   Code   RO         1931    i.HAL_InitTick      stm32f4xx_hal.o
    0x08000848   0x08000848   0x00000030   Code   RO          460    i.HAL_MspInit       stm32f4xx_hal_msp.o
    0x08000878   0x08000878   0x0000001a   Code   RO         1765    i.HAL_NVIC_EnableIRQ  stm32f4xx_hal_cortex.o
    0x08000892   0x08000892   0x00000002   PAD
    0x08000894   0x08000894   0x00000040   Code   RO         1771    i.HAL_NVIC_SetPriority  stm32f4xx_hal_cortex.o
    0x080008d4   0x080008d4   0x00000024   Code   RO         1772    i.HAL_NVIC_SetPriorityGrouping  stm32f4xx_hal_cortex.o
    0x080008f8   0x080008f8   0x00000134   Code   RO         1019    i.HAL_RCC_ClockConfig  stm32f4xx_hal_rcc.o
    0x08000a2c   0x08000a2c   0x00000020   Code   RO         1026    i.HAL_RCC_GetPCLK1Freq  stm32f4xx_hal_rcc.o
    0x08000a4c   0x08000a4c   0x00000020   Code   RO         1027    i.HAL_RCC_GetPCLK2Freq  stm32f4xx_hal_rcc.o
    0x08000a6c   0x08000a6c   0x00000060   Code   RO         1028    i.HAL_RCC_GetSysClockFreq  stm32f4xx_hal_rcc.o
    0x08000acc   0x08000acc   0x0000036c   Code   RO         1031    i.HAL_RCC_OscConfig  stm32f4xx_hal_rcc.o
    0x08000e38   0x08000e38   0x00000002   Code   RO         2175    i.HAL_SPI_ErrorCallback  stm32f4xx_hal_spi.o
    0x08000e3a   0x08000e3a   0x00000002   PAD
    0x08000e3c   0x08000e3c   0x000000fc   Code   RO         2178    i.HAL_SPI_IRQHandler  stm32f4xx_hal_spi.o
    0x08000f38   0x08000f38   0x000000bc   Code   RO         2179    i.HAL_SPI_Init      stm32f4xx_hal_spi.o
    0x08000ff4   0x08000ff4   0x00000078   Code   RO          277    i.HAL_SPI_MspInit   spi.o
    0x0800106c   0x0800106c   0x000001f0   Code   RO         2188    i.HAL_SPI_TransmitReceive  stm32f4xx_hal_spi.o
    0x0800125c   0x0800125c   0x00000028   Code   RO         1776    i.HAL_SYSTICK_Config  stm32f4xx_hal_cortex.o
    0x08001284   0x08001284   0x00000002   Code   RO         2538    i.HAL_UARTEx_RxEventCallback  stm32f4xx_hal_uart.o
    0x08001286   0x08001286   0x00000002   Code   RO         2542    i.HAL_UART_AbortReceiveCpltCallback  stm32f4xx_hal_uart.o
    0x08001288   0x08001288   0x00000098   Code   RO         2543    i.HAL_UART_AbortReceive_IT  stm32f4xx_hal_uart.o
    0x08001320   0x08001320   0x00000070   Code   RO         2550    i.HAL_UART_DMAStop  stm32f4xx_hal_uart.o
    0x08001390   0x08001390   0x00000002   Code   RO         2552    i.HAL_UART_ErrorCallback  stm32f4xx_hal_uart.o
    0x08001392   0x08001392   0x00000002   PAD
    0x08001394   0x08001394   0x00000270   Code   RO         2555    i.HAL_UART_IRQHandler  stm32f4xx_hal_uart.o
    0x08001604   0x08001604   0x00000064   Code   RO         2556    i.HAL_UART_Init     stm32f4xx_hal_uart.o
    0x08001668   0x08001668   0x000000bc   Code   RO          319    i.HAL_UART_MspInit  usart.o
    0x08001724   0x08001724   0x0000001c   Code   RO         2561    i.HAL_UART_Receive_IT  stm32f4xx_hal_uart.o
    0x08001740   0x08001740   0x00000002   Code   RO         2562    i.HAL_UART_RxCpltCallback  stm32f4xx_hal_uart.o
    0x08001742   0x08001742   0x000000a0   Code   RO         2564    i.HAL_UART_Transmit  stm32f4xx_hal_uart.o
    0x080017e2   0x080017e2   0x00000002   PAD
    0x080017e4   0x080017e4   0x0000001c   Code   RO           14    i.HAL_UART_TxCpltCallback  main.o
    0x08001800   0x08001800   0x00000002   Code   RO          374    i.HardFault_Handler  stm32f4xx_it.o
    0x08001802   0x08001802   0x00000002   PAD
    0x08001804   0x08001804   0x000000e0   Code   RO          206    i.MX_GPIO_Init      gpio.o
    0x080018e4   0x080018e4   0x00000040   Code   RO          236    i.MX_I2C1_Init      i2c.o
    0x08001924   0x08001924   0x00000044   Code   RO          278    i.MX_SPI1_Init      spi.o
    0x08001968   0x08001968   0x00000038   Code   RO          320    i.MX_UART4_Init     usart.o
    0x080019a0   0x080019a0   0x00000038   Code   RO          321    i.MX_USART1_UART_Init  usart.o
    0x080019d8   0x080019d8   0x00000002   Code   RO          375    i.MemManage_Handler  stm32f4xx_it.o
    0x080019da   0x080019da   0x00000002   Code   RO          376    i.NMI_Handler       stm32f4xx_it.o
    0x080019dc   0x080019dc   0x00000020   Code   RO         3254    i.NetworkParameterConfiguration  w5500_port_hal.o
    0x080019fc   0x080019fc   0x00000002   Code   RO          377    i.PendSV_Handler    stm32f4xx_it.o
    0x080019fe   0x080019fe   0x00000002   PAD
    0x08001a00   0x08001a00   0x0000000c   Code   RO          378    i.SPI1_IRQHandler   stm32f4xx_it.o
    0x08001a0c   0x08001a0c   0x00000010   Code   RO         3255    i.SPI_CS_Deselect   w5500_port_hal.o
    0x08001a1c   0x08001a1c   0x00000010   Code   RO         3256    i.SPI_CS_Select     w5500_port_hal.o
    0x08001a2c   0x08001a2c   0x00000008   Code   RO         3257    i.SPI_CrisEnter     w5500_port_hal.o
    0x08001a34   0x08001a34   0x00000008   Code   RO         3258    i.SPI_CrisExit      w5500_port_hal.o
    0x08001a3c   0x08001a3c   0x00000010   Code   RO         2206    i.SPI_DMAAbortOnError  stm32f4xx_hal_spi.o
    0x08001a4c   0x08001a4c   0x0000006c   Code   RO         2217    i.SPI_EndRxTxTransaction  stm32f4xx_hal_spi.o
    0x08001ab8   0x08001ab8   0x00000028   Code   RO         3259    i.SPI_ReadByte      w5500_port_hal.o
    0x08001ae0   0x08001ae0   0x000000b8   Code   RO         2222    i.SPI_WaitFlagStateUntilTimeout  stm32f4xx_hal_spi.o
    0x08001b98   0x08001b98   0x0000001c   Code   RO         3260    i.SPI_WriteByte     w5500_port_hal.o
    0x08001bb4   0x08001bb4   0x00000002   Code   RO          379    i.SVC_Handler       stm32f4xx_it.o
    0x08001bb6   0x08001bb6   0x00000004   Code   RO          380    i.SysTick_Handler   stm32f4xx_it.o
    0x08001bba   0x08001bba   0x00000002   PAD
    0x08001bbc   0x08001bbc   0x00000094   Code   RO           16    i.SystemClock_Config  main.o
    0x08001c50   0x08001c50   0x00000010   Code   RO         2890    i.SystemInit        system_stm32f4xx.o
    0x08001c60   0x08001c60   0x00000034   Code   RO          381    i.UART4_IRQHandler  stm32f4xx_it.o
    0x08001c94   0x08001c94   0x00000010   Code   RO         2569    i.UART_DMAAbortOnError  stm32f4xx_hal_uart.o
    0x08001ca4   0x08001ca4   0x00000016   Code   RO         2574    i.UART_DMARxOnlyAbortCallback  stm32f4xx_hal_uart.o
    0x08001cba   0x08001cba   0x0000004e   Code   RO         2579    i.UART_EndRxTransfer  stm32f4xx_hal_uart.o
    0x08001d08   0x08001d08   0x0000001c   Code   RO         2580    i.UART_EndTxTransfer  stm32f4xx_hal_uart.o
    0x08001d24   0x08001d24   0x000000c2   Code   RO         2581    i.UART_Receive_IT   stm32f4xx_hal_uart.o
    0x08001de6   0x08001de6   0x00000002   PAD
    0x08001de8   0x08001de8   0x0000010c   Code   RO         2582    i.UART_SetConfig    stm32f4xx_hal_uart.o
    0x08001ef4   0x08001ef4   0x00000036   Code   RO         2584    i.UART_Start_Receive_IT  stm32f4xx_hal_uart.o
    0x08001f2a   0x08001f2a   0x00000072   Code   RO         2585    i.UART_WaitOnFlagUntilTimeout  stm32f4xx_hal_uart.o
    0x08001f9c   0x08001f9c   0x00000002   Code   RO          382    i.UsageFault_Handler  stm32f4xx_it.o
    0x08001f9e   0x08001f9e   0x00000002   PAD
    0x08001fa0   0x08001fa0   0x00000034   Code   RO           17    i.UsartReceive_IDLE  main.o
    0x08001fd4   0x08001fd4   0x00000044   Code   RO         3261    i.W5500_ChipInit    w5500_port_hal.o
    0x08002018   0x08002018   0x00000030   Code   RO         3262    i.W5500_RESET       w5500_port_hal.o
    0x08002048   0x08002048   0x00000058   Code   RO          484    i.WIZCHIP_READ      w5500_1.o
    0x080020a0   0x080020a0   0x00000074   Code   RO          485    i.WIZCHIP_READ_BUF  w5500_1.o
    0x08002114   0x08002114   0x00000060   Code   RO          486    i.WIZCHIP_WRITE     w5500_1.o
    0x08002174   0x08002174   0x00000070   Code   RO          487    i.WIZCHIP_WRITE_BUF  w5500_1.o
    0x080021e4   0x080021e4   0x00000020   Code   RO         3431    i.__0printf$2       mc_w.l(printf2.o)
    0x08002204   0x08002204   0x00000020   Code   RO         1778    i.__NVIC_SetPriority  stm32f4xx_hal_cortex.o
    0x08002224   0x08002224   0x0000000e   Code   RO         3667    i.__scatterload_copy  mc_w.l(handlers.o)
    0x08002232   0x08002232   0x00000002   Code   RO         3668    i.__scatterload_null  mc_w.l(handlers.o)
    0x08002234   0x08002234   0x0000000e   Code   RO         3669    i.__scatterload_zeroinit  mc_w.l(handlers.o)
    0x08002242   0x08002242   0x000000d6   Code   RO         3438    i._printf_core      mc_w.l(printf2.o)
    0x08002318   0x08002318   0x00000074   Code   RO         2924    i.close             socket.o
    0x0800238c   0x0800238c   0x0000004c   Code   RO         3019    i.ctlnetwork        wizchip_conf.o
    0x080023d8   0x080023d8   0x000000ec   Code   RO         3020    i.ctlwizchip        wizchip_conf.o
    0x080024c4   0x080024c4   0x000000a8   Code   RO         3263    i.do_tcpc           w5500_port_hal.o
    0x0800256c   0x0800256c   0x00000028   Code   RO          322    i.fputc             usart.o
    0x08002594   0x08002594   0x0000004c   Code   RO          488    i.getSn_RX_RSR      w5500_1.o
    0x080025e0   0x080025e0   0x0000004c   Code   RO          489    i.getSn_TX_FSR      w5500_1.o
    0x0800262c   0x0800262c   0x00000070   Code   RO         2929    i.listen            socket.o
    0x0800269c   0x0800269c   0x00000048   Code   RO           18    i.main              main.o
    0x080026e4   0x080026e4   0x000000e4   Code   RO         2930    i.recv              socket.o
    0x080027c8   0x080027c8   0x00000024   Code   RO         3022    i.reg_wizchip_cris_cbfunc  wizchip_conf.o
    0x080027ec   0x080027ec   0x00000024   Code   RO         3023    i.reg_wizchip_cs_cbfunc  wizchip_conf.o
    0x08002810   0x08002810   0x0000002c   Code   RO         3024    i.reg_wizchip_spi_cbfunc  wizchip_conf.o
    0x0800283c   0x0800283c   0x0000011c   Code   RO         2932    i.send              socket.o
    0x08002958   0x08002958   0x0000011c   Code   RO         2935    i.socket            socket.o
    0x08002a74   0x08002a74   0x00000060   Code   RO          490    i.wiz_recv_data     w5500_1.o
    0x08002ad4   0x08002ad4   0x00000060   Code   RO          492    i.wiz_send_data     w5500_1.o
    0x08002b34   0x08002b34   0x00000004   Code   RO         3026    i.wizchip_bus_readdata  wizchip_conf.o
    0x08002b38   0x08002b38   0x00000004   Code   RO         3027    i.wizchip_bus_writedata  wizchip_conf.o
    0x08002b3c   0x08002b3c   0x0000003a   Code   RO         3028    i.wizchip_clrinterrupt  wizchip_conf.o
    0x08002b76   0x08002b76   0x00000008   Code   RO         3029    i.wizchip_cris_enter  wizchip_conf.o
    0x08002b7e   0x08002b7e   0x00000008   Code   RO         3030    i.wizchip_cris_exit  wizchip_conf.o
    0x08002b86   0x08002b86   0x00000002   PAD
    0x08002b88   0x08002b88   0x00000010   Code   RO         3031    i.wizchip_cs_deselect  wizchip_conf.o
    0x08002b98   0x08002b98   0x00000010   Code   RO         3032    i.wizchip_cs_select  wizchip_conf.o
    0x08002ba8   0x08002ba8   0x0000001e   Code   RO         3033    i.wizchip_getinterrupt  wizchip_conf.o
    0x08002bc6   0x08002bc6   0x0000001c   Code   RO         3034    i.wizchip_getinterruptmask  wizchip_conf.o
    0x08002be2   0x08002be2   0x00000002   PAD
    0x08002be4   0x08002be4   0x00000058   Code   RO         3035    i.wizchip_getnetinfo  wizchip_conf.o
    0x08002c3c   0x08002c3c   0x00000006   Code   RO         3036    i.wizchip_getnetmode  wizchip_conf.o
    0x08002c42   0x08002c42   0x00000028   Code   RO         3037    i.wizchip_gettimeout  wizchip_conf.o
    0x08002c6a   0x08002c6a   0x0000007a   Code   RO         3038    i.wizchip_init      wizchip_conf.o
    0x08002ce4   0x08002ce4   0x0000001c   Code   RO         3039    i.wizchip_setinterruptmask  wizchip_conf.o
    0x08002d00   0x08002d00   0x00000058   Code   RO         3040    i.wizchip_setnetinfo  wizchip_conf.o
    0x08002d58   0x08002d58   0x00000024   Code   RO         3041    i.wizchip_setnetmode  wizchip_conf.o
    0x08002d7c   0x08002d7c   0x00000028   Code   RO         3042    i.wizchip_settimeout  wizchip_conf.o
    0x08002da4   0x08002da4   0x00000028   Code   RO         3044    i.wizchip_spi_readbyte  wizchip_conf.o
    0x08002dcc   0x08002dcc   0x0000001c   Code   RO         3046    i.wizchip_spi_writebyte  wizchip_conf.o
    0x08002de8   0x08002de8   0x00000074   Code   RO         3047    i.wizchip_sw_reset  wizchip_conf.o
    0x08002e5c   0x08002e5c   0x0000004e   Code   RO         3048    i.wizphy_getphyconf  wizchip_conf.o
    0x08002eaa   0x08002eaa   0x00000016   Code   RO         3049    i.wizphy_getphylink  wizchip_conf.o
    0x08002ec0   0x08002ec0   0x0000001a   Code   RO         3050    i.wizphy_getphypmode  wizchip_conf.o
    0x08002eda   0x08002eda   0x0000002a   Code   RO         3052    i.wizphy_reset      wizchip_conf.o
    0x08002f04   0x08002f04   0x0000004a   Code   RO         3053    i.wizphy_setphyconf  wizchip_conf.o
    0x08002f4e   0x08002f4e   0x00000050   Code   RO         3054    i.wizphy_setphypmode  wizchip_conf.o
    0x08002f9e   0x08002f9e   0x00000010   Data   RO         2891    .constdata          system_stm32f4xx.o
    0x08002fae   0x08002fae   0x00000008   Data   RO         2892    .constdata          system_stm32f4xx.o
    0x08002fb6   0x08002fb6   0x00000002   PAD
    0x08002fb8   0x08002fb8   0x00000010   Data   RO         3265    .constdata          w5500_port_hal.o
    0x08002fc8   0x08002fc8   0x00000020   Data   RO         3665    Region$$Table       anon$$obj.o


    Execution Region RW_IRAM1 (Exec base: 0x20000000, Load base: 0x08002fe8, Size: 0x00000ec8, Max: 0x0001c000, ABSOLUTE)

    Exec Addr    Load Addr    Size         Type   Attr      Idx    E Section Name        Object

    0x20000000   0x08002fe8   0x00000001   Data   RW           20    .data               main.o
    0x20000001   0x08002fe9   0x00000003   PAD
    0x20000004   0x08002fec   0x0000000c   Data   RW         1937    .data               stm32f4xx_hal.o
    0x20000010   0x08002ff8   0x00000004   Data   RW         2893    .data               system_stm32f4xx.o
    0x20000014   0x08002ffc   0x0000000e   Data   RW         2937    .data               socket.o
    0x20000022   0x0800300a   0x00000002   PAD
    0x20000024   0x0800300c   0x00000034   Data   RW         3055    .data               wizchip_conf.o
    0x20000058   0x08003040   0x00000019   Data   RW         3266    .data               w5500_port_hal.o
    0x20000071   0x08003059   0x00000003   PAD
    0x20000074   0x0800305c   0x00000004   Data   RW         3641    .data               mc_w.l(stdout.o)
    0x20000078        -       0x00000100   Zero   RW           19    .bss                main.o
    0x20000178        -       0x00000054   Zero   RW          237    .bss                i2c.o
    0x200001cc        -       0x00000058   Zero   RW          279    .bss                spi.o
    0x20000224        -       0x00000090   Zero   RW          323    .bss                usart.o
    0x200002b4        -       0x00000010   Zero   RW         2936    .bss                socket.o
    0x200002c4        -       0x00000800   Zero   RW         3264    .bss                w5500_port_hal.o
    0x20000ac4   0x08003060   0x00000004   PAD
    0x20000ac8        -       0x00000400   Zero   RW            1    STACK               startup_stm32f407xx.o


    Execution Region RW_IRAM2 (Exec base: 0x2001c000, Load base: 0x08003060, Size: 0x00000000, Max: 0x00004000, ABSOLUTE)

    **** No section assigned to this execution region ****


==============================================================================

Image component sizes


      Code (inc. data)   RO Data    RW Data    ZI Data      Debug   Object Name

       224         18          0          0          0       1015   gpio.o
       168         26          0          0         84       1693   i2c.o
       304         40          0          1        256     677130   main.o
      1024         26          0         14         16       6017   socket.o
       188         20          0          0         88       1709   spi.o
        36          8        392          0       1024        840   startup_stm32f407xx.o
       180         28          0         12          0       9453   stm32f4xx_hal.o
       198         14          0          0          0      33847   stm32f4xx_hal_cortex.o
       182          0          0          0          0       2111   stm32f4xx_hal_dma.o
       506         46          0          0          0       2204   stm32f4xx_hal_gpio.o
       392         16          0          0          0       3235   stm32f4xx_hal_i2c.o
        48          6          0          0          0        870   stm32f4xx_hal_msp.o
      1344         72          0          0          0       5264   stm32f4xx_hal_rcc.o
      1246         20          0          0          0       7178   stm32f4xx_hal_spi.o
      1958         20          0          0          0      14834   stm32f4xx_hal_uart.o
        84         12          0          0          0       5243   stm32f4xx_it.o
        16          4         24          4          0       1139   system_stm32f4xx.o
       340         42          0          0        144       3077   usart.o
       756         18          0          0          0       7152   w5500_1.o
       492         82         16         25       2048      10079   w5500_port_hal.o
      1554        110          0         52          0      31495   wizchip_conf.o

    ----------------------------------------------------------------------
     11266        628        466        116       3664     825585   Object Totals
         0          0         32          0          0          0   (incl. Generated)
        26          0          2          8          4          0   (incl. Padding)

    ----------------------------------------------------------------------

      Code (inc. data)   RO Data    RW Data    ZI Data      Debug   Library Member Name

         0          0          0          0          0          0   entry.o
         0          0          0          0          0          0   entry10a.o
         0          0          0          0          0          0   entry11a.o
         4          0          0          0          0          0   entry12b.o
         8          4          0          0          0          0   entry2.o
         4          0          0          0          0          0   entry5.o
         0          0          0          0          0          0   entry7b.o
         0          0          0          0          0          0   entry8b.o
         8          4          0          0          0          0   entry9a.o
        30          0          0          0          0          0   handlers.o
        36          8          0          0          0         68   init.o
        30          0          0          0          0         68   llshl.o
        32          0          0          0          0         68   llushr.o
        36          0          0          0          0        108   memseta.o
       246         10          0          0          0        176   printf2.o
         0          0          0          4          0          0   stdout.o
        98          0          0          0          0         92   uldiv.o

    ----------------------------------------------------------------------
       532         26          0          4          0        580   Library Totals
         0          0          0          0          0          0   (incl. Padding)

    ----------------------------------------------------------------------

      Code (inc. data)   RO Data    RW Data    ZI Data      Debug   Library Name

       532         26          0          4          0        580   mc_w.l

    ----------------------------------------------------------------------
       532         26          0          4          0        580   Library Totals

    ----------------------------------------------------------------------

==============================================================================


      Code (inc. data)   RO Data    RW Data    ZI Data      Debug   

     11798        654        466        120       3664     814261   Grand Totals
     11798        654        466        120       3664     814261   ELF Image Totals
     11798        654        466        120          0          0   ROM Totals

==============================================================================

    Total RO  Size (Code + RO Data)                12264 (  11.98kB)
    Total RW  Size (RW Data + ZI Data)              3784 (   3.70kB)
    Total ROM Size (Code + RO Data + RW Data)      12384 (  12.09kB)

==============================================================================

