Component: ARM Compiler 5.06 update 7 (build 960) Tool: armlink [4d3601]

==============================================================================

Section Cross References

    startup_stm32f407xx.o(RESET) refers to startup_stm32f407xx.o(STACK) for __initial_sp
    startup_stm32f407xx.o(RESET) refers to startup_stm32f407xx.o(.text) for Reset_Handler
    startup_stm32f407xx.o(RESET) refers to stm32f4xx_it.o(i.NMI_Handler) for NMI_Handler
    startup_stm32f407xx.o(RESET) refers to stm32f4xx_it.o(i.HardFault_Handler) for HardFault_Handler
    startup_stm32f407xx.o(RESET) refers to stm32f4xx_it.o(i.MemManage_Handler) for MemManage_Handler
    startup_stm32f407xx.o(RESET) refers to stm32f4xx_it.o(i.BusFault_Handler) for BusFault_Handler
    startup_stm32f407xx.o(RESET) refers to stm32f4xx_it.o(i.UsageFault_Handler) for UsageFault_Handler
    startup_stm32f407xx.o(RESET) refers to stm32f4xx_it.o(i.SVC_Handler) for SVC_Handler
    startup_stm32f407xx.o(RESET) refers to stm32f4xx_it.o(i.DebugMon_Handler) for DebugMon_Handler
    startup_stm32f407xx.o(RESET) refers to stm32f4xx_it.o(i.PendSV_Handler) for PendSV_Handler
    startup_stm32f407xx.o(RESET) refers to stm32f4xx_it.o(i.SysTick_Handler) for SysTick_Handler
    startup_stm32f407xx.o(RESET) refers to stm32f4xx_it.o(i.TIM6_DAC_IRQHandler) for TIM6_DAC_IRQHandler
    startup_stm32f407xx.o(.text) refers to system_stm32f4xx.o(i.SystemInit) for SystemInit
    startup_stm32f407xx.o(.text) refers to entry.o(.ARM.Collect$$$$00000000) for __main
    main.o(i.HAL_TIM_PeriodElapsedCallback) refers to stm32f4xx_hal_gpio.o(i.HAL_GPIO_TogglePin) for HAL_GPIO_TogglePin
    main.o(i.HAL_UART_RxCpltCallback) refers to stm32f4xx_hal_uart.o(i.HAL_UART_Receive_IT) for HAL_UART_Receive_IT
    main.o(i.HAL_UART_RxCpltCallback) refers to main.o(.bss) for .bss
    main.o(i.HAL_UART_RxCpltCallback) refers to usart.o(.bss) for huart2
    main.o(i.HAL_UART_TxCpltCallback) refers to stm32f4xx_hal_uart.o(i.HAL_UART_Receive_IT) for HAL_UART_Receive_IT
    main.o(i.HAL_UART_TxCpltCallback) refers to usart.o(.bss) for huart2
    main.o(i.HAL_UART_TxCpltCallback) refers to main.o(.bss) for .bss
    main.o(i.SystemClock_Config) refers to memseta.o(.text) for __aeabi_memclr4
    main.o(i.SystemClock_Config) refers to stm32f4xx_hal_rcc.o(i.HAL_RCC_OscConfig) for HAL_RCC_OscConfig
    main.o(i.SystemClock_Config) refers to stm32f4xx_hal_rcc.o(i.HAL_RCC_ClockConfig) for HAL_RCC_ClockConfig
    main.o(i.fputc) refers to stm32f4xx_hal_uart.o(i.HAL_UART_Transmit) for HAL_UART_Transmit
    main.o(i.fputc) refers to usart.o(.bss) for huart2
    main.o(i.lv_color_white) refers to main.o(i.lv_color_make) for lv_color_make
    main.o(i.lv_demo_button) refers to lv_style.o(i.lv_style_init) for lv_style_init
    main.o(i.lv_demo_button) refers to main.o(i.lv_color_white) for lv_color_white
    main.o(i.lv_demo_button) refers to lv_style_gen.o(i.lv_style_set_bg_color) for lv_style_set_bg_color
    main.o(i.lv_demo_button) refers to lv_style_gen.o(i.lv_style_set_outline_width) for lv_style_set_outline_width
    main.o(i.lv_demo_button) refers to main.o(i.lv_scr_act) for lv_scr_act
    main.o(i.lv_demo_button) refers to lv_obj_style_gen.o(i.lv_obj_set_style_bg_color) for lv_obj_set_style_bg_color
    main.o(i.lv_demo_button) refers to lv_btn.o(i.lv_btn_create) for lv_btn_create
    main.o(i.lv_demo_button) refers to lv_obj_pos.o(i.lv_obj_set_pos) for lv_obj_set_pos
    main.o(i.lv_demo_button) refers to lv_obj_pos.o(i.lv_obj_set_size) for lv_obj_set_size
    main.o(i.lv_demo_button) refers to lv_obj_style.o(i.lv_obj_add_style) for lv_obj_add_style
    main.o(i.lv_demo_button) refers to lv_label.o(i.lv_label_create) for lv_label_create
    main.o(i.lv_demo_button) refers to lv_label.o(i.lv_label_set_text) for lv_label_set_text
    main.o(i.lv_demo_button) refers to main.o(i.lv_color_make) for lv_color_make
    main.o(i.lv_demo_button) refers to lv_obj_style_gen.o(i.lv_obj_set_style_text_color) for lv_obj_set_style_text_color
    main.o(i.lv_demo_button) refers to lv_obj_pos.o(i.lv_obj_align) for lv_obj_align
    main.o(i.lv_scr_act) refers to lv_hal_disp.o(i.lv_disp_get_default) for lv_disp_get_default
    main.o(i.lv_scr_act) refers to lv_disp.o(i.lv_disp_get_scr_act) for lv_disp_get_scr_act
    main.o(i.main) refers to stm32f4xx_hal.o(i.HAL_Init) for HAL_Init
    main.o(i.main) refers to main.o(i.SystemClock_Config) for SystemClock_Config
    main.o(i.main) refers to gpio.o(i.MX_GPIO_Init) for MX_GPIO_Init
    main.o(i.main) refers to i2c.o(i.MX_I2C2_Init) for MX_I2C2_Init
    main.o(i.main) refers to usart.o(i.MX_USART2_UART_Init) for MX_USART2_UART_Init
    main.o(i.main) refers to tim.o(i.MX_TIM6_Init) for MX_TIM6_Init
    main.o(i.main) refers to stm32f4xx_hal_uart.o(i.HAL_UART_Receive_IT) for HAL_UART_Receive_IT
    main.o(i.main) refers to stm32f4xx_hal_tim.o(i.HAL_TIM_Base_Start_IT) for HAL_TIM_Base_Start_IT
    main.o(i.main) refers to stm32f4xx_hal.o(i.HAL_Delay) for HAL_Delay
[...]
    Removing lv_menu.o(i.lv_menu_page_create), (60 bytes).
    Removing lv_menu.o(i.lv_menu_page_destructor), (20 bytes).
    Removing lv_menu.o(i.lv_menu_refr), (62 bytes).
    Removing lv_menu.o(i.lv_menu_refr_main_header_mode), (116 bytes).
    Removing lv_menu.o(i.lv_menu_refr_sidebar_header_mode), (110 bytes).
    Removing lv_menu.o(i.lv_menu_section_constructor), (24 bytes).
    Removing lv_menu.o(i.lv_menu_section_create), (24 bytes).
    Removing lv_menu.o(i.lv_menu_separator_create), (24 bytes).
    Removing lv_menu.o(i.lv_menu_set_load_page_event), (112 bytes).
    Removing lv_menu.o(i.lv_menu_set_mode_header), (50 bytes).
    Removing lv_menu.o(i.lv_menu_set_mode_root_back_btn), (26 bytes).
    Removing lv_menu.o(i.lv_menu_set_page), (218 bytes).
    Removing lv_menu.o(i.lv_menu_set_sidebar_page), (304 bytes).
    Removing lv_menu.o(i.lv_menu_value_changed_event_cb), (92 bytes).
    Removing lv_menu.o(.constdata), (252 bytes).
    Removing lv_meter.o(i.draw_arcs), (292 bytes).
    Removing lv_meter.o(i.draw_needles), (496 bytes).
    Removing lv_meter.o(i.draw_ticks_and_labels), (940 bytes).
    Removing lv_meter.o(i.inv_arc), (176 bytes).
    Removing lv_meter.o(i.inv_line), (370 bytes).
    Removing lv_meter.o(i.lv_meter_add_arc), (66 bytes).
    Removing lv_meter.o(i.lv_meter_add_needle_img), (66 bytes).
    Removing lv_meter.o(i.lv_meter_add_needle_line), (66 bytes).
    Removing lv_meter.o(i.lv_meter_add_scale), (56 bytes).
    Removing lv_meter.o(i.lv_meter_add_scale_lines), (70 bytes).
    Removing lv_meter.o(i.lv_meter_constructor), (28 bytes).
    Removing lv_meter.o(i.lv_meter_create), (24 bytes).
    Removing lv_meter.o(i.lv_meter_destructor), (24 bytes).
    Removing lv_meter.o(i.lv_meter_event), (212 bytes).
    Removing lv_meter.o(i.lv_meter_set_indicator_end_value), (64 bytes).
    Removing lv_meter.o(i.lv_meter_set_indicator_start_value), (64 bytes).
    Removing lv_meter.o(i.lv_meter_set_indicator_value), (94 bytes).
    Removing lv_meter.o(i.lv_meter_set_scale_major_ticks), (24 bytes).
    Removing lv_meter.o(i.lv_meter_set_scale_range), (20 bytes).
    Removing lv_meter.o(i.lv_meter_set_scale_ticks), (20 bytes).
    Removing lv_meter.o(i.lv_obj_get_style_arc_rounded), (16 bytes).
    Removing lv_meter.o(i.lv_trigo_cos), (8 bytes).
    Removing lv_meter.o(.constdata), (28 bytes).
    Removing lv_msgbox.o(i.lv_msgbox_close), (30 bytes).
    Removing lv_msgbox.o(i.lv_msgbox_close_async), (30 bytes).
    Removing lv_msgbox.o(i.lv_msgbox_create), (544 bytes).
    Removing lv_msgbox.o(i.lv_msgbox_get_active_btn), (6 bytes).
    Removing lv_msgbox.o(i.lv_msgbox_get_active_btn_text), (22 bytes).
    Removing lv_msgbox.o(i.lv_msgbox_get_btns), (4 bytes).
    Removing lv_msgbox.o(i.lv_msgbox_get_close_btn), (4 bytes).
    Removing lv_msgbox.o(i.lv_msgbox_get_content), (4 bytes).
    Removing lv_msgbox.o(i.lv_msgbox_get_text), (4 bytes).
    Removing lv_msgbox.o(i.lv_msgbox_get_title), (4 bytes).
    Removing lv_msgbox.o(i.lv_obj_get_style_text_font), (6 bytes).
    Removing lv_msgbox.o(i.lv_pct), (16 bytes).
    Removing lv_msgbox.o(i.msgbox_close_click_event_cb), (18 bytes).
    Removing lv_msgbox.o(.constdata), (84 bytes).
    Removing lv_span.o(i._lv_txt_is_break_char), (56 bytes).
    Removing lv_span.o(i.convert_indent_pct), (62 bytes).
    Removing lv_span.o(i.lv_draw_span), (1504 bytes).
    Removing lv_span.o(i.lv_get_snippet), (16 bytes).
    Removing lv_span.o(i.lv_obj_get_style_text_align), (12 bytes).
    Removing lv_span.o(i.lv_obj_get_style_text_line_space), (12 bytes).
    Removing lv_span.o(i.lv_obj_get_style_width), (12 bytes).
    Removing lv_span.o(i.lv_span_get_style_text_font), (38 bytes).
    Removing lv_span.o(i.lv_span_get_style_text_letter_space), (40 bytes).
    Removing lv_span.o(i.lv_span_set_text), (76 bytes).
    Removing lv_span.o(i.lv_span_set_text_static), (44 bytes).
    Removing lv_span.o(i.lv_spangroup_constructor), (50 bytes).
    Removing lv_span.o(i.lv_spangroup_create), (24 bytes).
    Removing lv_span.o(i.lv_spangroup_del_span), (90 bytes).
    Removing lv_span.o(i.lv_spangroup_destructor), (58 bytes).
    Removing lv_span.o(i.lv_spangroup_event), (296 bytes).
    Removing lv_span.o(i.lv_spangroup_get_align), (6 bytes).
    Removing lv_span.o(i.lv_spangroup_get_child), (66 bytes).
    Removing lv_span.o(i.lv_spangroup_get_child_cnt), (12 bytes).
    Removing lv_span.o(i.lv_spangroup_get_expand_height), (428 bytes).
    Removing lv_span.o(i.lv_spangroup_get_expand_width), (176 bytes).
    Removing lv_span.o(i.lv_spangroup_get_indent), (6 bytes).
    Removing lv_span.o(i.lv_spangroup_get_lines), (4 bytes).
    Removing lv_span.o(i.lv_spangroup_get_max_line_h), (54 bytes).
    Removing lv_span.o(i.lv_spangroup_get_mode), (10 bytes).
    Removing lv_span.o(i.lv_spangroup_get_overflow), (10 bytes).
    Removing lv_span.o(i.lv_spangroup_new_span), (56 bytes).
    Removing lv_span.o(i.lv_spangroup_refr_mode), (154 bytes).
    Removing lv_span.o(i.lv_spangroup_set_align), (6 bytes).
    Removing lv_span.o(i.lv_spangroup_set_indent), (16 bytes).
    Removing lv_span.o(i.lv_spangroup_set_lines), (6 bytes).
    Removing lv_span.o(i.lv_spangroup_set_mode), (16 bytes).
    Removing lv_span.o(i.lv_spangroup_set_overflow), (26 bytes).
    Removing lv_span.o(i.lv_txt_get_snippet), (66 bytes).
    Removing lv_span.o(i.refresh_self_size), (32 bytes).
    Removing lv_span.o(i.span_text_check), (16 bytes).
    Removing lv_span.o(.bss), (1284 bytes).
    Removing lv_span.o(.constdata), (28 bytes).
    Removing lv_spinbox.o(i.lv_spinbox_constructor), (80 bytes).
    Removing lv_spinbox.o(i.lv_spinbox_create), (24 bytes).
    Removing lv_spinbox.o(i.lv_spinbox_decrement), (52 bytes).
    Removing lv_spinbox.o(i.lv_spinbox_event), (352 bytes).
    Removing lv_spinbox.o(i.lv_spinbox_get_rollover), (10 bytes).
    Removing lv_spinbox.o(i.lv_spinbox_get_step), (4 bytes).
    Removing lv_spinbox.o(i.lv_spinbox_get_value), (4 bytes).
    Removing lv_spinbox.o(i.lv_spinbox_increment), (52 bytes).
    Removing lv_spinbox.o(i.lv_spinbox_set_cursor_pos), (74 bytes).
    Removing lv_spinbox.o(i.lv_spinbox_set_digit_format), (110 bytes).
    Removing lv_spinbox.o(i.lv_spinbox_set_digit_step_direction), (16 bytes).
    Removing lv_spinbox.o(i.lv_spinbox_set_range), (28 bytes).
    Removing lv_spinbox.o(i.lv_spinbox_set_rollover), (12 bytes).
    Removing lv_spinbox.o(i.lv_spinbox_set_step), (6 bytes).
    Removing lv_spinbox.o(i.lv_spinbox_set_value), (22 bytes).
    Removing lv_spinbox.o(i.lv_spinbox_step_next), (24 bytes).
    Removing lv_spinbox.o(i.lv_spinbox_step_prev), (46 bytes).
    Removing lv_spinbox.o(i.lv_spinbox_updatevalue), (280 bytes).
    Removing lv_spinbox.o(.constdata), (28 bytes).
    Removing lv_spinner.o(i.arc_anim_end_angle), (6 bytes).
    Removing lv_spinner.o(i.arc_anim_start_angle), (6 bytes).
    Removing lv_spinner.o(i.lv_spinner_constructor), (124 bytes).
    Removing lv_spinner.o(i.lv_spinner_create), (36 bytes).
    Removing lv_spinner.o(.constdata), (28 bytes).
    Removing lv_spinner.o(.data), (8 bytes).
    Removing lv_tabview.o(i.btns_value_changed_event_cb), (34 bytes).
    Removing lv_tabview.o(i.cont_scroll_end_event_cb), (182 bytes).
    Removing lv_tabview.o(i.lv_memcpy_small), (24 bytes).
    Removing lv_tabview.o(i.lv_obj_get_style_base_dir), (12 bytes).
    Removing lv_tabview.o(i.lv_tabview_add_tab), (284 bytes).
    Removing lv_tabview.o(i.lv_tabview_constructor), (320 bytes).
    Removing lv_tabview.o(i.lv_tabview_create), (36 bytes).
    Removing lv_tabview.o(i.lv_tabview_destructor), (92 bytes).
    Removing lv_tabview.o(i.lv_tabview_event), (52 bytes).
    Removing lv_tabview.o(i.lv_tabview_get_content), (6 bytes).
    Removing lv_tabview.o(i.lv_tabview_get_tab_act), (4 bytes).
    Removing lv_tabview.o(i.lv_tabview_get_tab_btns), (6 bytes).
    Removing lv_tabview.o(i.lv_tabview_rename_tab), (70 bytes).
    Removing lv_tabview.o(i.lv_tabview_set_act), (164 bytes).
    Removing lv_tabview.o(.constdata), (28 bytes).
    Removing lv_tabview.o(.data), (4 bytes).
    Removing lv_tileview.o(i.lv_obj_set_tile), (54 bytes).
    Removing lv_tileview.o(i.lv_obj_set_tile_id), (102 bytes).
    Removing lv_tileview.o(i.lv_tileview_add_tile), (40 bytes).
    Removing lv_tileview.o(i.lv_tileview_constructor), (60 bytes).
    Removing lv_tileview.o(i.lv_tileview_create), (24 bytes).
    Removing lv_tileview.o(i.lv_tileview_get_tile_act), (4 bytes).
    Removing lv_tileview.o(i.lv_tileview_tile_constructor), (100 bytes).
    Removing lv_tileview.o(i.tileview_event_cb), (184 bytes).
    Removing lv_tileview.o(.constdata), (56 bytes).
    Removing lv_tileview.o(.data), (12 bytes).
    Removing lv_win.o(i.lv_win_add_btn), (56 bytes).
    Removing lv_win.o(i.lv_win_add_title), (40 bytes).
    Removing lv_win.o(i.lv_win_constructor), (120 bytes).
    Removing lv_win.o(i.lv_win_create), (32 bytes).
    Removing lv_win.o(i.lv_win_get_content), (6 bytes).
    Removing lv_win.o(i.lv_win_get_header), (6 bytes).
    Removing lv_win.o(.constdata), (28 bytes).
    Removing lv_win.o(.data), (2 bytes).
    Removing lv_extra.o(i.lv_extra_init), (14 bytes).
    Removing lv_port_disp_template.o(.rev16_text), (4 bytes).
    Removing lv_port_disp_template.o(.revsh_text), (4 bytes).
    Removing lv_port_disp_template.o(.rrx_text), (6 bytes).
    Removing lv_port_disp_template.o(i.disp_disable_update), (12 bytes).
    Removing lv_port_disp_template.o(i.disp_enable_update), (12 bytes).
    Removing lv_port_disp_template.o(i.disp_flush), (76 bytes).
    Removing lv_port_disp_template.o(i.lv_port_disp_init), (64 bytes).
    Removing lv_port_disp_template.o(.bss), (1388 bytes).
    Removing lv_port_disp_template.o(.data), (1 bytes).
    Removing lv_port_indev_template.o(i.lv_port_indev_init), (2 bytes).
    Removing lv_port_indev_template.o(.data), (4 bytes).
    Removing lv_port_indev_template.o(.data), (4 bytes).
    Removing lv_port_indev_template.o(.data), (4 bytes).
    Removing lv_port_indev_template.o(.data), (4 bytes).
    Removing lv_port_indev_template.o(.data), (4 bytes).
    Removing dadd.o(.text), (334 bytes).
    Removing dmul.o(.text), (228 bytes).
    Removing ddiv.o(.text), (222 bytes).
    Removing dfixul.o(.text), (48 bytes).
    Removing cdrcmple.o(.text), (48 bytes).
    Removing depilogue.o(.text), (186 bytes).

2481 unused section(s) (total 314083 bytes) removed from the image.

==============================================================================

Image Symbol Table

    Local Symbols

    Symbol Name                              Value     Ov Type        Size  Object(Section)

    ../Core/Src/gpio.c                       0x00000000   Number         0  gpio.o ABSOLUTE
    ../Core/Src/i2c.c                        0x00000000   Number         0  i2c.o ABSOLUTE
    ../Core/Src/main.c                       0x00000000   Number         0  main.o ABSOLUTE
    ../Core/Src/stm32f4xx_hal_msp.c          0x00000000   Number         0  stm32f4xx_hal_msp.o ABSOLUTE
    ../Core/Src/stm32f4xx_it.c               0x00000000   Number         0  stm32f4xx_it.o ABSOLUTE
    ../Core/Src/system_stm32f4xx.c           0x00000000   Number         0  system_stm32f4xx.o ABSOLUTE
    ../Core/Src/tim.c                        0x00000000   Number         0  tim.o ABSOLUTE
    ../Core/Src/usart.c                      0x00000000   Number         0  usart.o ABSOLUTE
    ../Drivers/STM32F4xx_HAL_Driver/Src/stm32f4xx_hal.c 0x00000000   Number         0  stm32f4xx_hal.o ABSOLUTE
    ../Drivers/STM32F4xx_HAL_Driver/Src/stm32f4xx_hal_cortex.c 0x00000000   Number         0  stm32f4xx_hal_cortex.o ABSOLUTE
    ../Drivers/STM32F4xx_HAL_Driver/Src/stm32f4xx_hal_dma.c 0x00000000   Number         0  stm32f4xx_hal_dma.o ABSOLUTE
    ../Drivers/STM32F4xx_HAL_Driver/Src/stm32f4xx_hal_dma_ex.c 0x00000000   Number         0  stm32f4xx_hal_dma_ex.o ABSOLUTE
    ../Drivers/STM32F4xx_HAL_Driver/Src/stm32f4xx_hal_exti.c 0x00000000   Number         0  stm32f4xx_hal_exti.o ABSOLUTE
    ../Drivers/STM32F4xx_HAL_Driver/Src/stm32f4xx_hal_flash.c 0x00000000   Number         0  stm32f4xx_hal_flash.o ABSOLUTE
    ../Drivers/STM32F4xx_HAL_Driver/Src/stm32f4xx_hal_flash_ex.c 0x00000000   Number         0  stm32f4xx_hal_flash_ex.o ABSOLUTE
    ../Drivers/STM32F4xx_HAL_Driver/Src/stm32f4xx_hal_flash_ramfunc.c 0x00000000   Number         0  stm32f4xx_hal_flash_ramfunc.o ABSOLUTE
    ../Drivers/STM32F4xx_HAL_Driver/Src/stm32f4xx_hal_gpio.c 0x00000000   Number         0  stm32f4xx_hal_gpio.o ABSOLUTE
    ../Drivers/STM32F4xx_HAL_Driver/Src/stm32f4xx_hal_i2c.c 0x00000000   Number         0  stm32f4xx_hal_i2c.o ABSOLUTE
    ../Drivers/STM32F4xx_HAL_Driver/Src/stm32f4xx_hal_i2c_ex.c 0x00000000   Number         0  stm32f4xx_hal_i2c_ex.o ABSOLUTE
    ../Drivers/STM32F4xx_HAL_Driver/Src/stm32f4xx_hal_pwr.c 0x00000000   Number         0  stm32f4xx_hal_pwr.o ABSOLUTE
    ../Drivers/STM32F4xx_HAL_Driver/Src/stm32f4xx_hal_pwr_ex.c 0x00000000   Number         0  stm32f4xx_hal_pwr_ex.o ABSOLUTE
    ../Drivers/STM32F4xx_HAL_Driver/Src/stm32f4xx_hal_rcc.c 0x00000000   Number         0  stm32f4xx_hal_rcc.o ABSOLUTE
    ../Drivers/STM32F4xx_HAL_Driver/Src/stm32f4xx_hal_rcc_ex.c 0x00000000   Number         0  stm32f4xx_hal_rcc_ex.o ABSOLUTE
    ../Drivers/STM32F4xx_HAL_Driver/Src/stm32f4xx_hal_tim.c 0x00000000   Number         0  stm32f4xx_hal_tim.o ABSOLUTE
    ../Drivers/STM32F4xx_HAL_Driver/Src/stm32f4xx_hal_tim_ex.c 0x00000000   Number         0  stm32f4xx_hal_tim_ex.o ABSOLUTE
    ../Drivers/STM32F4xx_HAL_Driver/Src/stm32f4xx_hal_uart.c 0x00000000   Number         0  stm32f4xx_hal_uart.o ABSOLUTE
    ../clib/microlib/division.c              0x00000000   Number         0  uldiv.o ABSOLUTE
    ../clib/microlib/division.c              0x00000000   Number         0  uidiv.o ABSOLUTE
    ../clib/microlib/init/entry.s            0x00000000   Number         0  entry5.o ABSOLUTE
    ../clib/microlib/init/entry.s            0x00000000   Number         0  entry7a.o ABSOLUTE
    ../clib/microlib/init/entry.s            0x00000000   Number         0  entry7b.o ABSOLUTE
    ../clib/microlib/init/entry.s            0x00000000   Number         0  entry8a.o ABSOLUTE
    ../clib/microlib/init/entry.s            0x00000000   Number         0  entry9a.o ABSOLUTE
    ../clib/microlib/init/entry.s            0x00000000   Number         0  entry11a.o ABSOLUTE
    ../clib/microlib/init/entry.s            0x00000000   Number         0  entry11b.o ABSOLUTE
    ../clib/microlib/init/entry.s            0x00000000   Number         0  entry10b.o ABSOLUTE
    ../clib/microlib/init/entry.s            0x00000000   Number         0  entry12a.o ABSOLUTE
    ../clib/microlib/init/entry.s            0x00000000   Number         0  entry10a.o ABSOLUTE
    ../clib/microlib/init/entry.s            0x00000000   Number         0  entry12b.o ABSOLUTE
    ../clib/microlib/init/entry.s            0x00000000   Number         0  entry2.o ABSOLUTE
    ../clib/microlib/init/entry.s            0x00000000   Number         0  entry9b.o ABSOLUTE
    ../clib/microlib/init/entry.s            0x00000000   Number         0  entry8b.o ABSOLUTE
    ../clib/microlib/init/entry.s            0x00000000   Number         0  entry.o ABSOLUTE
    ../clib/microlib/longlong.c              0x00000000   Number         0  llushr.o ABSOLUTE
    ../clib/microlib/longlong.c              0x00000000   Number         0  llshl.o ABSOLUTE
    ../clib/microlib/longlong.c              0x00000000   Number         0  llsshr.o ABSOLUTE
    ../clib/microlib/printf/printf.c         0x00000000   Number         0  printfb.o ABSOLUTE
    ../clib/microlib/printf/printf.c         0x00000000   Number         0  printf0.o ABSOLUTE
    ../clib/microlib/printf/printf.c         0x00000000   Number         0  printf1.o ABSOLUTE
    ../clib/microlib/printf/printf.c         0x00000000   Number         0  printf2.o ABSOLUTE
    ../clib/microlib/printf/printf.c         0x00000000   Number         0  printf3.o ABSOLUTE
    ../clib/microlib/printf/printf.c         0x00000000   Number         0  printf4.o ABSOLUTE
    ../clib/microlib/printf/printf.c         0x00000000   Number         0  printf6.o ABSOLUTE
    ../clib/microlib/printf/printf.c         0x00000000   Number         0  printfa.o ABSOLUTE
    ../clib/microlib/printf/printf.c         0x00000000   Number         0  printf8.o ABSOLUTE
    ../clib/microlib/printf/printf.c         0x00000000   Number         0  printf5.o ABSOLUTE
    ../clib/microlib/printf/printf.c         0x00000000   Number         0  printf7.o ABSOLUTE
    ../clib/microlib/printf/stubs.s          0x00000000   Number         0  stubs.o ABSOLUTE
    ../clib/microlib/stdio/streams.c         0x00000000   Number         0  stdout.o ABSOLUTE
    ../clib/microlib/string/memcmp.c         0x00000000   Number         0  memcmp.o ABSOLUTE
    ../clib/microlib/string/memcpy.c         0x00000000   Number         0  memcpyb.o ABSOLUTE
    ../clib/microlib/string/memcpy.c         0x00000000   Number         0  memcpya.o ABSOLUTE
    ../clib/microlib/string/memset.c         0x00000000   Number         0  memseta.o ABSOLUTE
    ../clib/microlib/string/strcat.c         0x00000000   Number         0  strcat.o ABSOLUTE
    ../clib/microlib/string/strcmp.c         0x00000000   Number         0  strcmp.o ABSOLUTE
    ../clib/microlib/string/strcpy.c         0x00000000   Number         0  strcpy.o ABSOLUTE
    ../clib/microlib/string/strlen.c         0x00000000   Number         0  strlen.o ABSOLUTE
    ../clib/microlib/string/strtok.c         0x00000000   Number         0  strtok.o ABSOLUTE
    ../clib/microlib/string/strtok.c         0x00000000   Number         0  strtok_r.o ABSOLUTE
    ../clib/microlib/stubs.s                 0x00000000   Number         0  iusefp.o ABSOLUTE
    ../fplib/microlib/fpadd.c                0x00000000   Number         0  dadd.o ABSOLUTE
    ../fplib/microlib/fpdiv.c                0x00000000   Number         0  ddiv.o ABSOLUTE
    ../fplib/microlib/fpepilogue.c           0x00000000   Number         0  depilogue.o ABSOLUTE
    ../fplib/microlib/fpfix.c                0x00000000   Number         0  dfixul.o ABSOLUTE
    ../fplib/microlib/fpmul.c                0x00000000   Number         0  dmul.o ABSOLUTE
    ..\Core\Src\gpio.c                       0x00000000   Number         0  gpio.o ABSOLUTE
    ..\Core\Src\i2c.c                        0x00000000   Number         0  i2c.o ABSOLUTE
    ..\Core\Src\main.c                       0x00000000   Number         0  main.o ABSOLUTE
    ..\Core\Src\stm32f4xx_hal_msp.c          0x00000000   Number         0  stm32f4xx_hal_msp.o ABSOLUTE
    ..\Core\Src\stm32f4xx_it.c               0x00000000   Number         0  stm32f4xx_it.o ABSOLUTE
    ..\Core\Src\system_stm32f4xx.c           0x00000000   Number         0  system_stm32f4xx.o ABSOLUTE
    ..\Core\Src\tim.c                        0x00000000   Number         0  tim.o ABSOLUTE
    ..\Core\Src\usart.c                      0x00000000   Number         0  usart.o ABSOLUTE
    ..\Drivers\STM32F4xx_HAL_Driver\Src\stm32f4xx_hal.c 0x00000000   Number         0  stm32f4xx_hal.o ABSOLUTE
    ..\Drivers\STM32F4xx_HAL_Driver\Src\stm32f4xx_hal_cortex.c 0x00000000   Number         0  stm32f4xx_hal_cortex.o ABSOLUTE
    ..\Drivers\STM32F4xx_HAL_Driver\Src\stm32f4xx_hal_dma.c 0x00000000   Number         0  stm32f4xx_hal_dma.o ABSOLUTE
    ..\Drivers\STM32F4xx_HAL_Driver\Src\stm32f4xx_hal_dma_ex.c 0x00000000   Number         0  stm32f4xx_hal_dma_ex.o ABSOLUTE
    ..\Drivers\STM32F4xx_HAL_Driver\Src\stm32f4xx_hal_exti.c 0x00000000   Number         0  stm32f4xx_hal_exti.o ABSOLUTE
    ..\Drivers\STM32F4xx_HAL_Driver\Src\stm32f4xx_hal_flash.c 0x00000000   Number         0  stm32f4xx_hal_flash.o ABSOLUTE
    ..\Drivers\STM32F4xx_HAL_Driver\Src\stm32f4xx_hal_flash_ex.c 0x00000000   Number         0  stm32f4xx_hal_flash_ex.o ABSOLUTE
    ..\Drivers\STM32F4xx_HAL_Driver\Src\stm32f4xx_hal_flash_ramfunc.c 0x00000000   Number         0  stm32f4xx_hal_flash_ramfunc.o ABSOLUTE
    ..\Drivers\STM32F4xx_HAL_Driver\Src\stm32f4xx_hal_gpio.c 0x00000000   Number         0  stm32f4xx_hal_gpio.o ABSOLUTE
    ..\Drivers\STM32F4xx_HAL_Driver\Src\stm32f4xx_hal_i2c.c 0x00000000   Number         0  stm32f4xx_hal_i2c.o ABSOLUTE
    ..\Drivers\STM32F4xx_HAL_Driver\Src\stm32f4xx_hal_i2c_ex.c 0x00000000   Number         0  stm32f4xx_hal_i2c_ex.o ABSOLUTE
    ..\Drivers\STM32F4xx_HAL_Driver\Src\stm32f4xx_hal_pwr.c 0x00000000   Number         0  stm32f4xx_hal_pwr.o ABSOLUTE
    ..\Drivers\STM32F4xx_HAL_Driver\Src\stm32f4xx_hal_pwr_ex.c 0x00000000   Number         0  stm32f4xx_hal_pwr_ex.o ABSOLUTE
    ..\Drivers\STM32F4xx_HAL_Driver\Src\stm32f4xx_hal_rcc.c 0x00000000   Number         0  stm32f4xx_hal_rcc.o ABSOLUTE
    ..\Drivers\STM32F4xx_HAL_Driver\Src\stm32f4xx_hal_rcc_ex.c 0x00000000   Number         0  stm32f4xx_hal_rcc_ex.o ABSOLUTE
    ..\Drivers\STM32F4xx_HAL_Driver\Src\stm32f4xx_hal_tim.c 0x00000000   Number         0  stm32f4xx_hal_tim.o ABSOLUTE
    ..\Drivers\STM32F4xx_HAL_Driver\Src\stm32f4xx_hal_tim_ex.c 0x00000000   Number         0  stm32f4xx_hal_tim_ex.o ABSOLUTE
    ..\Drivers\STM32F4xx_HAL_Driver\Src\stm32f4xx_hal_uart.c 0x00000000   Number         0  stm32f4xx_hal_uart.o ABSOLUTE
    ..\\bsp\\12864.c                         0x00000000   Number         0  12864.o ABSOLUTE
    ..\\bsp\\flash.c                         0x00000000   Number         0  flash.o ABSOLUTE
    ..\\bsp\\font.c                          0x00000000   Number         0  font.o ABSOLUTE
    ..\\lvgl\\examples\\porting\\lv_port_disp_template.c 0x00000000   Number         0  lv_port_disp_template.o ABSOLUTE
    ..\bsp\12864.c                           0x00000000   Number         0  12864.o ABSOLUTE
    ..\bsp\flash.c                           0x00000000   Number         0  flash.o ABSOLUTE
    ..\bsp\font.c                            0x00000000   Number         0  font.o ABSOLUTE
    ..\ioLibrary_Driver-master (1)\ioLibrary_Driver-master\Ethernet\W5500\w5500.c 0x00000000   Number         0  w5500.o ABSOLUTE
    ..\lvgl\examples\porting\lv_port_disp_template.c 0x00000000   Number         0  lv_port_disp_template.o ABSOLUTE
    ..\lvgl\examples\porting\lv_port_indev_template.c 0x00000000   Number         0  lv_port_indev_template.o ABSOLUTE
    ..\lvgl\src\core\lv_disp.c               0x00000000   Number         0  lv_disp.o ABSOLUTE
    ..\lvgl\src\core\lv_event.c              0x00000000   Number         0  lv_event.o ABSOLUTE
    ..\lvgl\src\core\lv_group.c              0x00000000   Number         0  lv_group.o ABSOLUTE
    ..\lvgl\src\core\lv_indev.c              0x00000000   Number         0  lv_indev.o ABSOLUTE
    ..\lvgl\src\core\lv_indev_scroll.c       0x00000000   Number         0  lv_indev_scroll.o ABSOLUTE
    ..\lvgl\src\core\lv_obj.c                0x00000000   Number         0  lv_obj.o ABSOLUTE
    ..\lvgl\src\core\lv_obj_class.c          0x00000000   Number         0  lv_obj_class.o ABSOLUTE
    ..\lvgl\src\core\lv_obj_draw.c           0x00000000   Number         0  lv_obj_draw.o ABSOLUTE
    ..\lvgl\src\core\lv_obj_pos.c            0x00000000   Number         0  lv_obj_pos.o ABSOLUTE
    ..\lvgl\src\core\lv_obj_scroll.c         0x00000000   Number         0  lv_obj_scroll.o ABSOLUTE
    ..\lvgl\src\core\lv_obj_style.c          0x00000000   Number         0  lv_obj_style.o ABSOLUTE
    ..\lvgl\src\core\lv_obj_style_gen.c      0x00000000   Number         0  lv_obj_style_gen.o ABSOLUTE
    ..\lvgl\src\core\lv_obj_tree.c           0x00000000   Number         0  lv_obj_tree.o ABSOLUTE
    ..\lvgl\src\core\lv_refr.c               0x00000000   Number         0  lv_refr.o ABSOLUTE
    ..\lvgl\src\core\lv_theme.c              0x00000000   Number         0  lv_theme.o ABSOLUTE
    ..\lvgl\src\draw\arm2d\lv_gpu_arm2d.c    0x00000000   Number         0  lv_gpu_arm2d.o ABSOLUTE
    ..\lvgl\src\draw\lv_draw.c               0x00000000   Number         0  lv_draw.o ABSOLUTE
    ..\lvgl\src\draw\lv_draw_arc.c           0x00000000   Number         0  lv_draw_arc.o ABSOLUTE
    ..\lvgl\src\draw\lv_draw_img.c           0x00000000   Number         0  lv_draw_img.o ABSOLUTE
    ..\lvgl\src\draw\lv_draw_label.c         0x00000000   Number         0  lv_draw_label.o ABSOLUTE
    ..\lvgl\src\draw\lv_draw_layer.c         0x00000000   Number         0  lv_draw_layer.o ABSOLUTE
    ..\lvgl\src\draw\lv_draw_line.c          0x00000000   Number         0  lv_draw_line.o ABSOLUTE
    ..\lvgl\src\draw\lv_draw_mask.c          0x00000000   Number         0  lv_draw_mask.o ABSOLUTE
    ..\lvgl\src\draw\lv_draw_rect.c          0x00000000   Number         0  lv_draw_rect.o ABSOLUTE
    ..\lvgl\src\draw\lv_draw_transform.c     0x00000000   Number         0  lv_draw_transform.o ABSOLUTE
    ..\lvgl\src\draw\lv_draw_triangle.c      0x00000000   Number         0  lv_draw_triangle.o ABSOLUTE
    ..\lvgl\src\draw\lv_img_buf.c            0x00000000   Number         0  lv_img_buf.o ABSOLUTE
    ..\lvgl\src\draw\lv_img_cache.c          0x00000000   Number         0  lv_img_cache.o ABSOLUTE
    ..\lvgl\src\draw\lv_img_decoder.c        0x00000000   Number         0  lv_img_decoder.o ABSOLUTE
    ..\lvgl\src\draw\nxp\pxp\lv_draw_pxp.c   0x00000000   Number         0  lv_draw_pxp.o ABSOLUTE
    ..\lvgl\src\draw\nxp\pxp\lv_draw_pxp_blend.c 0x00000000   Number         0  lv_draw_pxp_blend.o ABSOLUTE
    ..\lvgl\src\draw\nxp\pxp\lv_gpu_nxp_pxp.c 0x00000000   Number         0  lv_gpu_nxp_pxp.o ABSOLUTE
    ..\lvgl\src\draw\nxp\pxp\lv_gpu_nxp_pxp_osa.c 0x00000000   Number         0  lv_gpu_nxp_pxp_osa.o ABSOLUTE
    ..\lvgl\src\draw\nxp\vglite\lv_draw_vglite.c 0x00000000   Number         0  lv_draw_vglite.o ABSOLUTE
    ..\lvgl\src\draw\nxp\vglite\lv_draw_vglite_arc.c 0x00000000   Number         0  lv_draw_vglite_arc.o ABSOLUTE
    ..\lvgl\src\draw\nxp\vglite\lv_draw_vglite_blend.c 0x00000000   Number         0  lv_draw_vglite_blend.o ABSOLUTE
    ..\lvgl\src\draw\nxp\vglite\lv_draw_vglite_line.c 0x00000000   Number         0  lv_draw_vglite_line.o ABSOLUTE
    ..\lvgl\src\draw\nxp\vglite\lv_draw_vglite_rect.c 0x00000000   Number         0  lv_draw_vglite_rect.o ABSOLUTE
    ..\lvgl\src\draw\nxp\vglite\lv_vglite_buf.c 0x00000000   Number         0  lv_vglite_buf.o ABSOLUTE
    ..\lvgl\src\draw\nxp\vglite\lv_vglite_utils.c 0x00000000   Number         0  lv_vglite_utils.o ABSOLUTE
    ..\lvgl\src\draw\renesas\lv_gpu_d2_draw_label.c 0x00000000   Number         0  lv_gpu_d2_draw_label.o ABSOLUTE
    ..\lvgl\src\draw\renesas\lv_gpu_d2_ra6m3.c 0x00000000   Number         0  lv_gpu_d2_ra6m3.o ABSOLUTE
    ..\lvgl\src\draw\sdl\lv_draw_sdl.c       0x00000000   Number         0  lv_draw_sdl.o ABSOLUTE
    ..\lvgl\src\draw\sdl\lv_draw_sdl_arc.c   0x00000000   Number         0  lv_draw_sdl_arc.o ABSOLUTE
    ..\lvgl\src\draw\sdl\lv_draw_sdl_bg.c    0x00000000   Number         0  lv_draw_sdl_bg.o ABSOLUTE
    ..\lvgl\src\draw\sdl\lv_draw_sdl_composite.c 0x00000000   Number         0  lv_draw_sdl_composite.o ABSOLUTE
    ..\lvgl\src\draw\sdl\lv_draw_sdl_img.c   0x00000000   Number         0  lv_draw_sdl_img.o ABSOLUTE
    ..\lvgl\src\draw\sdl\lv_draw_sdl_label.c 0x00000000   Number         0  lv_draw_sdl_label.o ABSOLUTE
    ..\lvgl\src\draw\sdl\lv_draw_sdl_layer.c 0x00000000   Number         0  lv_draw_sdl_layer.o ABSOLUTE
    ..\lvgl\src\draw\sdl\lv_draw_sdl_line.c  0x00000000   Number         0  lv_draw_sdl_line.o ABSOLUTE
    ..\lvgl\src\draw\sdl\lv_draw_sdl_mask.c  0x00000000   Number         0  lv_draw_sdl_mask.o ABSOLUTE
    ..\lvgl\src\draw\sdl\lv_draw_sdl_polygon.c 0x00000000   Number         0  lv_draw_sdl_polygon.o ABSOLUTE
    ..\lvgl\src\draw\sdl\lv_draw_sdl_rect.c  0x00000000   Number         0  lv_draw_sdl_rect.o ABSOLUTE
    ..\lvgl\src\draw\sdl\lv_draw_sdl_stack_blur.c 0x00000000   Number         0  lv_draw_sdl_stack_blur.o ABSOLUTE
    ..\lvgl\src\draw\sdl\lv_draw_sdl_texture_cache.c 0x00000000   Number         0  lv_draw_sdl_texture_cache.o ABSOLUTE
    ..\lvgl\src\draw\sdl\lv_draw_sdl_utils.c 0x00000000   Number         0  lv_draw_sdl_utils.o ABSOLUTE
    ..\lvgl\src\draw\stm32_dma2d\lv_gpu_stm32_dma2d.c 0x00000000   Number         0  lv_gpu_stm32_dma2d.o ABSOLUTE
    ..\lvgl\src\draw\sw\lv_draw_sw.c         0x00000000   Number         0  lv_draw_sw.o ABSOLUTE
    ..\lvgl\src\draw\sw\lv_draw_sw_arc.c     0x00000000   Number         0  lv_draw_sw_arc.o ABSOLUTE
    ..\lvgl\src\draw\sw\lv_draw_sw_blend.c   0x00000000   Number         0  lv_draw_sw_blend.o ABSOLUTE
    ..\lvgl\src\draw\sw\lv_draw_sw_dither.c  0x00000000   Number         0  lv_draw_sw_dither.o ABSOLUTE
    ..\lvgl\src\draw\sw\lv_draw_sw_gradient.c 0x00000000   Number         0  lv_draw_sw_gradient.o ABSOLUTE
    ..\lvgl\src\draw\sw\lv_draw_sw_img.c     0x00000000   Number         0  lv_draw_sw_img.o ABSOLUTE
    ..\lvgl\src\draw\sw\lv_draw_sw_layer.c   0x00000000   Number         0  lv_draw_sw_layer.o ABSOLUTE
    ..\lvgl\src\draw\sw\lv_draw_sw_letter.c  0x00000000   Number         0  lv_draw_sw_letter.o ABSOLUTE
    ..\lvgl\src\draw\sw\lv_draw_sw_line.c    0x00000000   Number         0  lv_draw_sw_line.o ABSOLUTE
    ..\lvgl\src\draw\sw\lv_draw_sw_polygon.c 0x00000000   Number         0  lv_draw_sw_polygon.o ABSOLUTE
    ..\lvgl\src\draw\sw\lv_draw_sw_rect.c    0x00000000   Number         0  lv_draw_sw_rect.o ABSOLUTE
    ..\lvgl\src\draw\sw\lv_draw_sw_transform.c 0x00000000   Number         0  lv_draw_sw_transform.o ABSOLUTE
    ..\lvgl\src\draw\swm341_dma2d\lv_gpu_swm341_dma2d.c 0x00000000   Number         0  lv_gpu_swm341_dma2d.o ABSOLUTE
    ..\lvgl\src\extra\layouts\flex\lv_flex.c 0x00000000   Number         0  lv_flex.o ABSOLUTE
    ..\lvgl\src\extra\layouts\grid\lv_grid.c 0x00000000   Number         0  lv_grid.o ABSOLUTE
    ..\lvgl\src\extra\lv_extra.c             0x00000000   Number         0  lv_extra.o ABSOLUTE
    ..\lvgl\src\extra\themes\basic\lv_theme_basic.c 0x00000000   Number         0  lv_theme_basic.o ABSOLUTE
    ..\lvgl\src\extra\themes\default\lv_theme_default.c 0x00000000   Number         0  lv_theme_default.o ABSOLUTE
    ..\lvgl\src\extra\themes\mono\lv_theme_mono.c 0x00000000   Number         0  lv_theme_mono.o ABSOLUTE
    ..\lvgl\src\extra\widgets\animimg\lv_animimg.c 0x00000000   Number         0  lv_animimg.o ABSOLUTE
    ..\lvgl\src\extra\widgets\calendar\lv_calendar.c 0x00000000   Number         0  lv_calendar.o ABSOLUTE
    ..\lvgl\src\extra\widgets\calendar\lv_calendar_header_arrow.c 0x00000000   Number         0  lv_calendar_header_arrow.o ABSOLUTE
    ..\lvgl\src\extra\widgets\calendar\lv_calendar_header_dropdown.c 0x00000000   Number         0  lv_calendar_header_dropdown.o ABSOLUTE
    ..\lvgl\src\extra\widgets\chart\lv_chart.c 0x00000000   Number         0  lv_chart.o ABSOLUTE
    ..\lvgl\src\extra\widgets\colorwheel\lv_colorwheel.c 0x00000000   Number         0  lv_colorwheel.o ABSOLUTE
    ..\lvgl\src\extra\widgets\imgbtn\lv_imgbtn.c 0x00000000   Number         0  lv_imgbtn.o ABSOLUTE
    ..\lvgl\src\extra\widgets\keyboard\lv_keyboard.c 0x00000000   Number         0  lv_keyboard.o ABSOLUTE
    ..\lvgl\src\extra\widgets\led\lv_led.c   0x00000000   Number         0  lv_led.o ABSOLUTE
    ..\lvgl\src\extra\widgets\list\lv_list.c 0x00000000   Number         0  lv_list.o ABSOLUTE
    ..\lvgl\src\extra\widgets\menu\lv_menu.c 0x00000000   Number         0  lv_menu.o ABSOLUTE
    ..\lvgl\src\extra\widgets\meter\lv_meter.c 0x00000000   Number         0  lv_meter.o ABSOLUTE
    ..\lvgl\src\extra\widgets\msgbox\lv_msgbox.c 0x00000000   Number         0  lv_msgbox.o ABSOLUTE
    ..\lvgl\src\extra\widgets\span\lv_span.c 0x00000000   Number         0  lv_span.o ABSOLUTE
    ..\lvgl\src\extra\widgets\spinbox\lv_spinbox.c 0x00000000   Number         0  lv_spinbox.o ABSOLUTE
    ..\lvgl\src\extra\widgets\spinner\lv_spinner.c 0x00000000   Number         0  lv_spinner.o ABSOLUTE
    ..\lvgl\src\extra\widgets\tabview\lv_tabview.c 0x00000000   Number         0  lv_tabview.o ABSOLUTE
    ..\lvgl\src\extra\widgets\tileview\lv_tileview.c 0x00000000   Number         0  lv_tileview.o ABSOLUTE
    ..\lvgl\src\extra\widgets\win\lv_win.c   0x00000000   Number         0  lv_win.o ABSOLUTE
    ..\lvgl\src\font\lv_font.c               0x00000000   Number         0  lv_font.o ABSOLUTE
    ..\lvgl\src\font\lv_font_dejavu_16_persian_hebrew.c 0x00000000   Number         0  lv_font_dejavu_16_persian_hebrew.o ABSOLUTE
    ..\lvgl\src\font\lv_font_fmt_txt.c       0x00000000   Number         0  lv_font_fmt_txt.o ABSOLUTE
    ..\lvgl\src\font\lv_font_loader.c        0x00000000   Number         0  lv_font_loader.o ABSOLUTE
    ..\lvgl\src\font\lv_font_montserrat_10.c 0x00000000   Number         0  lv_font_montserrat_10.o ABSOLUTE
    ..\lvgl\src\font\lv_font_montserrat_12.c 0x00000000   Number         0  lv_font_montserrat_12.o ABSOLUTE
    ..\lvgl\src\font\lv_font_montserrat_12_subpx.c 0x00000000   Number         0  lv_font_montserrat_12_subpx.o ABSOLUTE
    ..\lvgl\src\font\lv_font_montserrat_14.c 0x00000000   Number         0  lv_font_montserrat_14.o ABSOLUTE
    ..\lvgl\src\font\lv_font_montserrat_16.c 0x00000000   Number         0  lv_font_montserrat_16.o ABSOLUTE
    ..\lvgl\src\font\lv_font_montserrat_18.c 0x00000000   Number         0  lv_font_montserrat_18.o ABSOLUTE
    ..\lvgl\src\font\lv_font_montserrat_20.c 0x00000000   Number         0  lv_font_montserrat_20.o ABSOLUTE
    ..\lvgl\src\font\lv_font_montserrat_22.c 0x00000000   Number         0  lv_font_montserrat_22.o ABSOLUTE
    ..\lvgl\src\font\lv_font_montserrat_24.c 0x00000000   Number         0  lv_font_montserrat_24.o ABSOLUTE
    ..\lvgl\src\font\lv_font_montserrat_26.c 0x00000000   Number         0  lv_font_montserrat_26.o ABSOLUTE
    ..\lvgl\src\font\lv_font_montserrat_28.c 0x00000000   Number         0  lv_font_montserrat_28.o ABSOLUTE
    ..\lvgl\src\font\lv_font_montserrat_28_compressed.c 0x00000000   Number         0  lv_font_montserrat_28_compressed.o ABSOLUTE
    ..\lvgl\src\font\lv_font_montserrat_30.c 0x00000000   Number         0  lv_font_montserrat_30.o ABSOLUTE
    ..\lvgl\src\font\lv_font_montserrat_32.c 0x00000000   Number         0  lv_font_montserrat_32.o ABSOLUTE
    ..\lvgl\src\font\lv_font_montserrat_34.c 0x00000000   Number         0  lv_font_montserrat_34.o ABSOLUTE
    ..\lvgl\src\font\lv_font_montserrat_36.c 0x00000000   Number         0  lv_font_montserrat_36.o ABSOLUTE
    ..\lvgl\src\font\lv_font_montserrat_38.c 0x00000000   Number         0  lv_font_montserrat_38.o ABSOLUTE
    ..\lvgl\src\font\lv_font_montserrat_40.c 0x00000000   Number         0  lv_font_montserrat_40.o ABSOLUTE
    ..\lvgl\src\font\lv_font_montserrat_42.c 0x00000000   Number         0  lv_font_montserrat_42.o ABSOLUTE
    ..\lvgl\src\font\lv_font_montserrat_44.c 0x00000000   Number         0  lv_font_montserrat_44.o ABSOLUTE
    ..\lvgl\src\font\lv_font_montserrat_46.c 0x00000000   Number         0  lv_font_montserrat_46.o ABSOLUTE
    ..\lvgl\src\font\lv_font_montserrat_48.c 0x00000000   Number         0  lv_font_montserrat_48.o ABSOLUTE
    ..\lvgl\src\font\lv_font_montserrat_8.c  0x00000000   Number         0  lv_font_montserrat_8.o ABSOLUTE
    ..\lvgl\src\font\lv_font_simsun_16_cjk.c 0x00000000   Number         0  lv_font_simsun_16_cjk.o ABSOLUTE
    ..\lvgl\src\font\lv_font_unscii_16.c     0x00000000   Number         0  lv_font_unscii_16.o ABSOLUTE
    ..\lvgl\src\font\lv_font_unscii_8.c      0x00000000   Number         0  lv_font_unscii_8.o ABSOLUTE
    ..\lvgl\src\hal\lv_hal_disp.c            0x00000000   Number         0  lv_hal_disp.o ABSOLUTE
    ..\lvgl\src\hal\lv_hal_indev.c           0x00000000   Number         0  lv_hal_indev.o ABSOLUTE
    ..\lvgl\src\hal\lv_hal_tick.c            0x00000000   Number         0  lv_hal_tick.o ABSOLUTE
    ..\lvgl\src\misc\lv_anim.c               0x00000000   Number         0  lv_anim.o ABSOLUTE
    ..\lvgl\src\misc\lv_anim_timeline.c      0x00000000   Number         0  lv_anim_timeline.o ABSOLUTE
    ..\lvgl\src\misc\lv_area.c               0x00000000   Number         0  lv_area.o ABSOLUTE
    ..\lvgl\src\misc\lv_async.c              0x00000000   Number         0  lv_async.o ABSOLUTE
    ..\lvgl\src\misc\lv_bidi.c               0x00000000   Number         0  lv_bidi.o ABSOLUTE
    ..\lvgl\src\misc\lv_color.c              0x00000000   Number         0  lv_color.o ABSOLUTE
    ..\lvgl\src\misc\lv_fs.c                 0x00000000   Number         0  lv_fs.o ABSOLUTE
    ..\lvgl\src\misc\lv_gc.c                 0x00000000   Number         0  lv_gc.o ABSOLUTE
    ..\lvgl\src\misc\lv_ll.c                 0x00000000   Number         0  lv_ll.o ABSOLUTE
    ..\lvgl\src\misc\lv_log.c                0x00000000   Number         0  lv_log.o ABSOLUTE
    ..\lvgl\src\misc\lv_lru.c                0x00000000   Number         0  lv_lru.o ABSOLUTE
    ..\lvgl\src\misc\lv_math.c               0x00000000   Number         0  lv_math.o ABSOLUTE
    ..\lvgl\src\misc\lv_mem.c                0x00000000   Number         0  lv_mem.o ABSOLUTE
    ..\lvgl\src\misc\lv_printf.c             0x00000000   Number         0  lv_printf.o ABSOLUTE
    ..\lvgl\src\misc\lv_style.c              0x00000000   Number         0  lv_style.o ABSOLUTE
    ..\lvgl\src\misc\lv_style_gen.c          0x00000000   Number         0  lv_style_gen.o ABSOLUTE
    ..\lvgl\src\misc\lv_templ.c              0x00000000   Number         0  lv_templ.o ABSOLUTE
    ..\lvgl\src\misc\lv_timer.c              0x00000000   Number         0  lv_timer.o ABSOLUTE
    ..\lvgl\src\misc\lv_tlsf.c               0x00000000   Number         0  lv_tlsf.o ABSOLUTE
    ..\lvgl\src\misc\lv_txt.c                0x00000000   Number         0  lv_txt.o ABSOLUTE
    ..\lvgl\src\misc\lv_txt_ap.c             0x00000000   Number         0  lv_txt_ap.o ABSOLUTE
    ..\lvgl\src\misc\lv_utils.c              0x00000000   Number         0  lv_utils.o ABSOLUTE
    ..\lvgl\src\widgets\lv_arc.c             0x00000000   Number         0  lv_arc.o ABSOLUTE
    ..\lvgl\src\widgets\lv_bar.c             0x00000000   Number         0  lv_bar.o ABSOLUTE
    ..\lvgl\src\widgets\lv_btn.c             0x00000000   Number         0  lv_btn.o ABSOLUTE
    ..\lvgl\src\widgets\lv_btnmatrix.c       0x00000000   Number         0  lv_btnmatrix.o ABSOLUTE
    ..\lvgl\src\widgets\lv_canvas.c          0x00000000   Number         0  lv_canvas.o ABSOLUTE
    ..\lvgl\src\widgets\lv_checkbox.c        0x00000000   Number         0  lv_checkbox.o ABSOLUTE
    ..\lvgl\src\widgets\lv_dropdown.c        0x00000000   Number         0  lv_dropdown.o ABSOLUTE
    ..\lvgl\src\widgets\lv_img.c             0x00000000   Number         0  lv_img.o ABSOLUTE
    ..\lvgl\src\widgets\lv_label.c           0x00000000   Number         0  lv_label.o ABSOLUTE
    ..\lvgl\src\widgets\lv_line.c            0x00000000   Number         0  lv_line.o ABSOLUTE
    ..\lvgl\src\widgets\lv_objx_templ.c      0x00000000   Number         0  lv_objx_templ.o ABSOLUTE
    ..\lvgl\src\widgets\lv_roller.c          0x00000000   Number         0  lv_roller.o ABSOLUTE
    ..\lvgl\src\widgets\lv_slider.c          0x00000000   Number         0  lv_slider.o ABSOLUTE
    ..\lvgl\src\widgets\lv_switch.c          0x00000000   Number         0  lv_switch.o ABSOLUTE
    ..\lvgl\src\widgets\lv_table.c           0x00000000   Number         0  lv_table.o ABSOLUTE
    ..\lvgl\src\widgets\lv_textarea.c        0x00000000   Number         0  lv_textarea.o ABSOLUTE
    cdrcmple.s                               0x00000000   Number         0  cdrcmple.o ABSOLUTE
    dc.s                                     0x00000000   Number         0  dc.o ABSOLUTE
    handlers.s                               0x00000000   Number         0  handlers.o ABSOLUTE
    init.s                                   0x00000000   Number         0  init.o ABSOLUTE
    startup_stm32f407xx.s                    0x00000000   Number         0  startup_stm32f407xx.o ABSOLUTE
    RESET                                    0x08000000   Section      392  startup_stm32f407xx.o(RESET)
    .ARM.Collect$$$$00000000                 0x08000188   Section        0  entry.o(.ARM.Collect$$$$00000000)
    .ARM.Collect$$$$00000001                 0x08000188   Section        4  entry2.o(.ARM.Collect$$$$00000001)
    .ARM.Collect$$$$00000004                 0x0800018c   Section        4  entry5.o(.ARM.Collect$$$$00000004)
    .ARM.Collect$$$$00000008                 0x08000190   Section        0  entry7b.o(.ARM.Collect$$$$00000008)
    .ARM.Collect$$$$0000000A                 0x08000190   Section        0  entry8b.o(.ARM.Collect$$$$0000000A)
    .ARM.Collect$$$$0000000B                 0x08000190   Section        8  entry9a.o(.ARM.Collect$$$$0000000B)
    .ARM.Collect$$$$0000000E                 0x08000198   Section        4  entry12b.o(.ARM.Collect$$$$0000000E)
    .ARM.Collect$$$$0000000F                 0x0800019c   Section        0  entry10a.o(.ARM.Collect$$$$0000000F)
    .ARM.Collect$$$$00000011                 0x0800019c   Section        0  entry11a.o(.ARM.Collect$$$$00000011)
    .ARM.Collect$$$$00002712                 0x0800019c   Section        4  entry2.o(.ARM.Collect$$$$00002712)
    __lit__00000000                          0x0800019c   Data           4  entry2.o(.ARM.Collect$$$$00002712)
    .text                                    0x080001a0   Section       36  startup_stm32f407xx.o(.text)
    $v0                                      0x080001a0   Number         0  startup_stm32f407xx.o(.text)
    .text                                    0x080001c4   Section        0  uldiv.o(.text)
    .text                                    0x08000226   Section        0  memseta.o(.text)
    .text                                    0x0800024a   Section        0  llshl.o(.text)
    .text                                    0x08000268   Section        0  llushr.o(.text)
    .text                                    0x08000288   Section       36  init.o(.text)
    i.BusFault_Handler                       0x080002ac   Section        0  stm32f4xx_it.o(i.BusFault_Handler)
    i.DebugMon_Handler                       0x080002ae   Section        0  stm32f4xx_it.o(i.DebugMon_Handler)
    i.Error_Handler                          0x080002b0   Section        0  main.o(i.Error_Handler)
    i.HAL_Delay                              0x080002b4   Section        0  stm32f4xx_hal.o(i.HAL_Delay)
    i.HAL_GPIO_Init                          0x080002d8   Section        0  stm32f4xx_hal_gpio.o(i.HAL_GPIO_Init)
    i.HAL_GPIO_TogglePin                     0x080004c8   Section        0  stm32f4xx_hal_gpio.o(i.HAL_GPIO_TogglePin)
    i.HAL_GPIO_WritePin                      0x080004d8   Section        0  stm32f4xx_hal_gpio.o(i.HAL_GPIO_WritePin)
    i.HAL_GetTick                            0x080004e4   Section        0  stm32f4xx_hal.o(i.HAL_GetTick)
    i.HAL_I2C_Init                           0x080004f0   Section        0  stm32f4xx_hal_i2c.o(i.HAL_I2C_Init)
    i.HAL_I2C_Master_Transmit                0x08000678   Section        0  stm32f4xx_hal_i2c.o(i.HAL_I2C_Master_Transmit)
    i.HAL_I2C_Mem_Write                      0x080007a4   Section        0  stm32f4xx_hal_i2c.o(i.HAL_I2C_Mem_Write)
    i.HAL_I2C_MspInit                        0x080008d4   Section        0  i2c.o(i.HAL_I2C_MspInit)
    i.HAL_IncTick                            0x08000940   Section        0  stm32f4xx_hal.o(i.HAL_IncTick)
    i.HAL_Init                               0x08000950   Section        0  stm32f4xx_hal.o(i.HAL_Init)
    i.HAL_InitTick                           0x08000984   Section        0  stm32f4xx_hal.o(i.HAL_InitTick)
    i.HAL_MspInit                            0x080009c4   Section        0  stm32f4xx_hal_msp.o(i.HAL_MspInit)
    i.HAL_NVIC_EnableIRQ                     0x080009f4   Section        0  stm32f4xx_hal_cortex.o(i.HAL_NVIC_EnableIRQ)
    i.HAL_NVIC_SetPriority                   0x08000a10   Section        0  stm32f4xx_hal_cortex.o(i.HAL_NVIC_SetPriority)
    i.HAL_NVIC_SetPriorityGrouping           0x08000a50   Section        0  stm32f4xx_hal_cortex.o(i.HAL_NVIC_SetPriorityGrouping)
    i.HAL_RCC_ClockConfig                    0x08000a74   Section        0  stm32f4xx_hal_rcc.o(i.HAL_RCC_ClockConfig)
    i.HAL_RCC_GetPCLK1Freq                   0x08000ba8   Section        0  stm32f4xx_hal_rcc.o(i.HAL_RCC_GetPCLK1Freq)
    i.HAL_RCC_GetPCLK2Freq                   0x08000bc8   Section        0  stm32f4xx_hal_rcc.o(i.HAL_RCC_GetPCLK2Freq)
    i.HAL_RCC_GetSysClockFreq                0x08000be8   Section        0  stm32f4xx_hal_rcc.o(i.HAL_RCC_GetSysClockFreq)
    i.HAL_RCC_OscConfig                      0x08000c48   Section        0  stm32f4xx_hal_rcc.o(i.HAL_RCC_OscConfig)
    i.HAL_SYSTICK_Config                     0x08000fb4   Section        0  stm32f4xx_hal_cortex.o(i.HAL_SYSTICK_Config)
    i.HAL_TIMEx_BreakCallback                0x08000fdc   Section        0  stm32f4xx_hal_tim_ex.o(i.HAL_TIMEx_BreakCallback)
    i.HAL_TIMEx_CommutCallback               0x08000fde   Section        0  stm32f4xx_hal_tim_ex.o(i.HAL_TIMEx_CommutCallback)
    i.HAL_TIMEx_MasterConfigSynchronization  0x08000fe0   Section        0  stm32f4xx_hal_tim_ex.o(i.HAL_TIMEx_MasterConfigSynchronization)
    i.HAL_TIM_Base_Init                      0x08001070   Section        0  stm32f4xx_hal_tim.o(i.HAL_TIM_Base_Init)
    i.HAL_TIM_Base_MspInit                   0x080010cc   Section        0  tim.o(i.HAL_TIM_Base_MspInit)
    i.HAL_TIM_Base_Start_IT                  0x08001108   Section        0  stm32f4xx_hal_tim.o(i.HAL_TIM_Base_Start_IT)
    i.HAL_TIM_IC_CaptureCallback             0x08001188   Section        0  stm32f4xx_hal_tim.o(i.HAL_TIM_IC_CaptureCallback)
    i.HAL_TIM_IRQHandler                     0x0800118a   Section        0  stm32f4xx_hal_tim.o(i.HAL_TIM_IRQHandler)
    i.HAL_TIM_OC_DelayElapsedCallback        0x080012ba   Section        0  stm32f4xx_hal_tim.o(i.HAL_TIM_OC_DelayElapsedCallback)
    i.HAL_TIM_PWM_PulseFinishedCallback      0x080012bc   Section        0  stm32f4xx_hal_tim.o(i.HAL_TIM_PWM_PulseFinishedCallback)
    i.HAL_TIM_PeriodElapsedCallback          0x080012c0   Section        0  main.o(i.HAL_TIM_PeriodElapsedCallback)
    i.HAL_TIM_TriggerCallback                0x080012d0   Section        0  stm32f4xx_hal_tim.o(i.HAL_TIM_TriggerCallback)
    i.HAL_UART_Init                          0x080012d2   Section        0  stm32f4xx_hal_uart.o(i.HAL_UART_Init)
    i.HAL_UART_MspInit                       0x08001338   Section        0  usart.o(i.HAL_UART_MspInit)
    i.HAL_UART_Receive_IT                    0x080013a0   Section        0  stm32f4xx_hal_uart.o(i.HAL_UART_Receive_IT)
    i.HardFault_Handler                      0x080013bc   Section        0  stm32f4xx_it.o(i.HardFault_Handler)
    i.I2C_IsAcknowledgeFailed                0x080013be   Section        0  stm32f4xx_hal_i2c.o(i.I2C_IsAcknowledgeFailed)
    I2C_IsAcknowledgeFailed                  0x080013bf   Thumb Code    46  stm32f4xx_hal_i2c.o(i.I2C_IsAcknowledgeFailed)
    i.I2C_MasterRequestWrite                 0x080013ec   Section        0  stm32f4xx_hal_i2c.o(i.I2C_MasterRequestWrite)
    I2C_MasterRequestWrite                   0x080013ed   Thumb Code   150  stm32f4xx_hal_i2c.o(i.I2C_MasterRequestWrite)
    i.I2C_RequestMemoryWrite                 0x08001488   Section        0  stm32f4xx_hal_i2c.o(i.I2C_RequestMemoryWrite)
    I2C_RequestMemoryWrite                   0x08001489   Thumb Code   162  stm32f4xx_hal_i2c.o(i.I2C_RequestMemoryWrite)
    i.I2C_WaitOnBTFFlagUntilTimeout          0x08001530   Section        0  stm32f4xx_hal_i2c.o(i.I2C_WaitOnBTFFlagUntilTimeout)
    I2C_WaitOnBTFFlagUntilTimeout            0x08001531   Thumb Code    86  stm32f4xx_hal_i2c.o(i.I2C_WaitOnBTFFlagUntilTimeout)
    i.I2C_WaitOnFlagUntilTimeout             0x08001588   Section        0  stm32f4xx_hal_i2c.o(i.I2C_WaitOnFlagUntilTimeout)
    I2C_WaitOnFlagUntilTimeout               0x08001589   Thumb Code   144  stm32f4xx_hal_i2c.o(i.I2C_WaitOnFlagUntilTimeout)
    i.I2C_WaitOnMasterAddressFlagUntilTimeout 0x08001618   Section        0  stm32f4xx_hal_i2c.o(i.I2C_WaitOnMasterAddressFlagUntilTimeout)
    I2C_WaitOnMasterAddressFlagUntilTimeout  0x08001619   Thumb Code   188  stm32f4xx_hal_i2c.o(i.I2C_WaitOnMasterAddressFlagUntilTimeout)
    i.I2C_WaitOnTXEFlagUntilTimeout          0x080016d4   Section        0  stm32f4xx_hal_i2c.o(i.I2C_WaitOnTXEFlagUntilTimeout)
    I2C_WaitOnTXEFlagUntilTimeout            0x080016d5   Thumb Code    86  stm32f4xx_hal_i2c.o(i.I2C_WaitOnTXEFlagUntilTimeout)
    i.MX_GPIO_Init                           0x0800172c   Section        0  gpio.o(i.MX_GPIO_Init)
    i.MX_I2C2_Init                           0x080017bc   Section        0  i2c.o(i.MX_I2C2_Init)
    i.MX_TIM6_Init                           0x080017fc   Section        0  tim.o(i.MX_TIM6_Init)
    i.MX_USART2_UART_Init                    0x08001844   Section        0  usart.o(i.MX_USART2_UART_Init)
    i.MemManage_Handler                      0x0800187c   Section        0  stm32f4xx_it.o(i.MemManage_Handler)
    i.NMI_Handler                            0x0800187e   Section        0  stm32f4xx_it.o(i.NMI_Handler)
    i.OLED_Init                              0x08001880   Section        0  12864.o(i.OLED_Init)
    i.OLED_NewFrame                          0x080018a0   Section        0  12864.o(i.OLED_NewFrame)
    i.OLED_Set_Pos                           0x080018b0   Section        0  12864.o(i.OLED_Set_Pos)
    i.OLED_ShowFrame                         0x080018d4   Section        0  12864.o(i.OLED_ShowFrame)
    i.OLED_Test                              0x08001930   Section        0  12864.o(i.OLED_Test)
    i.OLED_Write_Cmd                         0x0800196c   Section        0  12864.o(i.OLED_Write_Cmd)
    i.PendSV_Handler                         0x08001990   Section        0  stm32f4xx_it.o(i.PendSV_Handler)
    i.SVC_Handler                            0x08001992   Section        0  stm32f4xx_it.o(i.SVC_Handler)
    i.SysTick_Handler                        0x08001994   Section        0  stm32f4xx_it.o(i.SysTick_Handler)
    i.SystemClock_Config                     0x08001998   Section        0  main.o(i.SystemClock_Config)
    i.SystemInit                             0x08001a2c   Section        0  system_stm32f4xx.o(i.SystemInit)
    i.TIM6_DAC_IRQHandler                    0x08001a3c   Section        0  stm32f4xx_it.o(i.TIM6_DAC_IRQHandler)
    i.TIM_Base_SetConfig                     0x08001a48   Section        0  stm32f4xx_hal_tim.o(i.TIM_Base_SetConfig)
    i.UART_SetConfig                         0x08001b20   Section        0  stm32f4xx_hal_uart.o(i.UART_SetConfig)
    UART_SetConfig                           0x08001b21   Thumb Code   258  stm32f4xx_hal_uart.o(i.UART_SetConfig)
    i.UART_Start_Receive_IT                  0x08001c2c   Section        0  stm32f4xx_hal_uart.o(i.UART_Start_Receive_IT)
    i.UsageFault_Handler                     0x08001c62   Section        0  stm32f4xx_it.o(i.UsageFault_Handler)
    i.__NVIC_SetPriority                     0x08001c64   Section        0  stm32f4xx_hal_cortex.o(i.__NVIC_SetPriority)
    __NVIC_SetPriority                       0x08001c65   Thumb Code    32  stm32f4xx_hal_cortex.o(i.__NVIC_SetPriority)
    i.__scatterload_copy                     0x08001c84   Section       14  handlers.o(i.__scatterload_copy)
    i.__scatterload_null                     0x08001c92   Section        2  handlers.o(i.__scatterload_null)
    i.__scatterload_zeroinit                 0x08001c94   Section       14  handlers.o(i.__scatterload_zeroinit)
    i.main                                   0x08001ca4   Section        0  main.o(i.main)
    .constdata                               0x08001d08   Section       16  system_stm32f4xx.o(.constdata)
    .constdata                               0x08001d18   Section        8  system_stm32f4xx.o(.constdata)
    .constdata                               0x08001d20   Section       25  12864.o(.constdata)
    .data                                    0x20000000   Section       12  stm32f4xx_hal.o(.data)
    .data                                    0x2000000c   Section        4  system_stm32f4xx.o(.data)
    .bss                                     0x20000010   Section      256  main.o(.bss)
    .bss                                     0x20000110   Section       84  i2c.o(.bss)
    .bss                                     0x20000164   Section       72  tim.o(.bss)
    .bss                                     0x200001ac   Section       72  usart.o(.bss)
    .bss                                     0x200001f4   Section     1024  12864.o(.bss)
    STACK                                    0x200005f8   Section    16384  startup_stm32f407xx.o(STACK)

    Global Symbols

    Symbol Name                              Value     Ov Type        Size  Object(Section)

    BuildAttributes$$THM_ISAv4$E$P$D$K$B$S$7EM$VFPi3$EXTD16$VFPS$VFMA$PE$A:L22UL41UL21$X:L11$S22US41US21$IEEE1$IW$USESV6$~STKCKD$USESV7$~SHL$OSPACE$ROPI$EBA8$MICROLIB$REQ8$PRES8$EABIv2 0x00000000   Number         0  anon$$obj.o ABSOLUTE
    __ARM_use_no_argv                        0x00000000   Number         0  main.o ABSOLUTE
    _printf_a                                0x00000000   Number         0  stubs.o ABSOLUTE
    _printf_c                                0x00000000   Number         0  stubs.o ABSOLUTE
    _printf_charcount                        0x00000000   Number         0  stubs.o ABSOLUTE
    _printf_d                                0x00000000   Number         0  stubs.o ABSOLUTE
    _printf_e                                0x00000000   Number         0  stubs.o ABSOLUTE
    _printf_f                                0x00000000   Number         0  stubs.o ABSOLUTE
    _printf_flags                            0x00000000   Number         0  stubs.o ABSOLUTE
    _printf_fp_dec                           0x00000000   Number         0  stubs.o ABSOLUTE
    _printf_fp_hex                           0x00000000   Number         0  stubs.o ABSOLUTE
    _printf_g                                0x00000000   Number         0  stubs.o ABSOLUTE
    _printf_i                                0x00000000   Number         0  stubs.o ABSOLUTE
    _printf_int_dec                          0x00000000   Number         0  stubs.o ABSOLUTE
    _printf_l                                0x00000000   Number         0  stubs.o ABSOLUTE
    _printf_lc                               0x00000000   Number         0  stubs.o ABSOLUTE
    _printf_ll                               0x00000000   Number         0  stubs.o ABSOLUTE
    _printf_lld                              0x00000000   Number         0  stubs.o ABSOLUTE
    _printf_lli                              0x00000000   Number         0  stubs.o ABSOLUTE
    _printf_llo                              0x00000000   Number         0  stubs.o ABSOLUTE
    _printf_llu                              0x00000000   Number         0  stubs.o ABSOLUTE
    _printf_llx                              0x00000000   Number         0  stubs.o ABSOLUTE
    _printf_longlong_dec                     0x00000000   Number         0  stubs.o ABSOLUTE
    _printf_longlong_hex                     0x00000000   Number         0  stubs.o ABSOLUTE
    _printf_longlong_oct                     0x00000000   Number         0  stubs.o ABSOLUTE
    _printf_ls                               0x00000000   Number         0  stubs.o ABSOLUTE
    _printf_mbtowc                           0x00000000   Number         0  stubs.o ABSOLUTE
    _printf_n                                0x00000000   Number         0  stubs.o ABSOLUTE
    _printf_o                                0x00000000   Number         0  stubs.o ABSOLUTE
    _printf_p                                0x00000000   Number         0  stubs.o ABSOLUTE
    _printf_percent                          0x00000000   Number         0  stubs.o ABSOLUTE
    _printf_pre_padding                      0x00000000   Number         0  stubs.o ABSOLUTE
    _printf_return_value                     0x00000000   Number         0  stubs.o ABSOLUTE
    _printf_s                                0x00000000   Number         0  stubs.o ABSOLUTE
    _printf_sizespec                         0x00000000   Number         0  stubs.o ABSOLUTE
    _printf_str                              0x00000000   Number         0  stubs.o ABSOLUTE
    _printf_truncate_signed                  0x00000000   Number         0  stubs.o ABSOLUTE
    _printf_truncate_unsigned                0x00000000   Number         0  stubs.o ABSOLUTE
    _printf_u                                0x00000000   Number         0  stubs.o ABSOLUTE
    _printf_wc                               0x00000000   Number         0  stubs.o ABSOLUTE
    _printf_wctomb                           0x00000000   Number         0  stubs.o ABSOLUTE
    _printf_widthprec                        0x00000000   Number         0  stubs.o ABSOLUTE
    _printf_x                                0x00000000   Number         0  stubs.o ABSOLUTE
    __arm_fini_                               - Undefined Weak Reference
    __cpp_initialize__aeabi_                  - Undefined Weak Reference
    __cxa_finalize                            - Undefined Weak Reference
    __decompress                              - Undefined Weak Reference
    _clock_init                               - Undefined Weak Reference
    _microlib_exit                            - Undefined Weak Reference
    __Vectors_Size                           0x00000188   Number         0  startup_stm32f407xx.o ABSOLUTE
    __Vectors                                0x08000000   Data           4  startup_stm32f407xx.o(RESET)
    __Vectors_End                            0x08000188   Data           0  startup_stm32f407xx.o(RESET)
    __main                                   0x08000189   Thumb Code     0  entry.o(.ARM.Collect$$$$00000000)
    _main_stk                                0x08000189   Thumb Code     0  entry2.o(.ARM.Collect$$$$00000001)
    _main_scatterload                        0x0800018d   Thumb Code     0  entry5.o(.ARM.Collect$$$$00000004)
    __main_after_scatterload                 0x08000191   Thumb Code     0  entry5.o(.ARM.Collect$$$$00000004)
    _main_clock                              0x08000191   Thumb Code     0  entry7b.o(.ARM.Collect$$$$00000008)
    _main_cpp_init                           0x08000191   Thumb Code     0  entry8b.o(.ARM.Collect$$$$0000000A)
    _main_init                               0x08000191   Thumb Code     0  entry9a.o(.ARM.Collect$$$$0000000B)
    __rt_lib_shutdown_fini                   0x08000199   Thumb Code     0  entry12b.o(.ARM.Collect$$$$0000000E)
    __rt_final_cpp                           0x0800019d   Thumb Code     0  entry10a.o(.ARM.Collect$$$$0000000F)
    __rt_final_exit                          0x0800019d   Thumb Code     0  entry11a.o(.ARM.Collect$$$$00000011)
    Reset_Handler                            0x080001a1   Thumb Code     8  startup_stm32f407xx.o(.text)
    ADC_IRQHandler                           0x080001bb   Thumb Code     0  startup_stm32f407xx.o(.text)
    CAN1_RX0_IRQHandler                      0x080001bb   Thumb Code     0  startup_stm32f407xx.o(.text)
    CAN1_RX1_IRQHandler                      0x080001bb   Thumb Code     0  startup_stm32f407xx.o(.text)
    CAN1_SCE_IRQHandler                      0x080001bb   Thumb Code     0  startup_stm32f407xx.o(.text)
    CAN1_TX_IRQHandler                       0x080001bb   Thumb Code     0  startup_stm32f407xx.o(.text)
    CAN2_RX0_IRQHandler                      0x080001bb   Thumb Code     0  startup_stm32f407xx.o(.text)
    CAN2_RX1_IRQHandler                      0x080001bb   Thumb Code     0  startup_stm32f407xx.o(.text)
    CAN2_SCE_IRQHandler                      0x080001bb   Thumb Code     0  startup_stm32f407xx.o(.text)
    CAN2_TX_IRQHandler                       0x080001bb   Thumb Code     0  startup_stm32f407xx.o(.text)
    DCMI_IRQHandler                          0x080001bb   Thumb Code     0  startup_stm32f407xx.o(.text)
    DMA1_Stream0_IRQHandler                  0x080001bb   Thumb Code     0  startup_stm32f407xx.o(.text)
    DMA1_Stream1_IRQHandler                  0x080001bb   Thumb Code     0  startup_stm32f407xx.o(.text)
    DMA1_Stream2_IRQHandler                  0x080001bb   Thumb Code     0  startup_stm32f407xx.o(.text)
    DMA1_Stream3_IRQHandler                  0x080001bb   Thumb Code     0  startup_stm32f407xx.o(.text)
    DMA1_Stream4_IRQHandler                  0x080001bb   Thumb Code     0  startup_stm32f407xx.o(.text)
    DMA1_Stream5_IRQHandler                  0x080001bb   Thumb Code     0  startup_stm32f407xx.o(.text)
    DMA1_Stream6_IRQHandler                  0x080001bb   Thumb Code     0  startup_stm32f407xx.o(.text)
    DMA1_Stream7_IRQHandler                  0x080001bb   Thumb Code     0  startup_stm32f407xx.o(.text)
    DMA2_Stream0_IRQHandler                  0x080001bb   Thumb Code     0  startup_stm32f407xx.o(.text)
    DMA2_Stream1_IRQHandler                  0x080001bb   Thumb Code     0  startup_stm32f407xx.o(.text)
    DMA2_Stream2_IRQHandler                  0x080001bb   Thumb Code     0  startup_stm32f407xx.o(.text)
    DMA2_Stream3_IRQHandler                  0x080001bb   Thumb Code     0  startup_stm32f407xx.o(.text)
    DMA2_Stream4_IRQHandler                  0x080001bb   Thumb Code     0  startup_stm32f407xx.o(.text)
    DMA2_Stream5_IRQHandler                  0x080001bb   Thumb Code     0  startup_stm32f407xx.o(.text)
    DMA2_Stream6_IRQHandler                  0x080001bb   Thumb Code     0  startup_stm32f407xx.o(.text)
    DMA2_Stream7_IRQHandler                  0x080001bb   Thumb Code     0  startup_stm32f407xx.o(.text)
    ETH_IRQHandler                           0x080001bb   Thumb Code     0  startup_stm32f407xx.o(.text)
    ETH_WKUP_IRQHandler                      0x080001bb   Thumb Code     0  startup_stm32f407xx.o(.text)
    EXTI0_IRQHandler                         0x080001bb   Thumb Code     0  startup_stm32f407xx.o(.text)
    EXTI15_10_IRQHandler                     0x080001bb   Thumb Code     0  startup_stm32f407xx.o(.text)
    EXTI1_IRQHandler                         0x080001bb   Thumb Code     0  startup_stm32f407xx.o(.text)
    EXTI2_IRQHandler                         0x080001bb   Thumb Code     0  startup_stm32f407xx.o(.text)
    EXTI3_IRQHandler                         0x080001bb   Thumb Code     0  startup_stm32f407xx.o(.text)
    EXTI4_IRQHandler                         0x080001bb   Thumb Code     0  startup_stm32f407xx.o(.text)
    EXTI9_5_IRQHandler                       0x080001bb   Thumb Code     0  startup_stm32f407xx.o(.text)
    FLASH_IRQHandler                         0x080001bb   Thumb Code     0  startup_stm32f407xx.o(.text)
    FMC_IRQHandler                           0x080001bb   Thumb Code     0  startup_stm32f407xx.o(.text)
    FPU_IRQHandler                           0x080001bb   Thumb Code     0  startup_stm32f407xx.o(.text)
    HASH_RNG_IRQHandler                      0x080001bb   Thumb Code     0  startup_stm32f407xx.o(.text)
    I2C1_ER_IRQHandler                       0x080001bb   Thumb Code     0  startup_stm32f407xx.o(.text)
    I2C1_EV_IRQHandler                       0x080001bb   Thumb Code     0  startup_stm32f407xx.o(.text)
    I2C2_ER_IRQHandler                       0x080001bb   Thumb Code     0  startup_stm32f407xx.o(.text)
    I2C2_EV_IRQHandler                       0x080001bb   Thumb Code     0  startup_stm32f407xx.o(.text)
    I2C3_ER_IRQHandler                       0x080001bb   Thumb Code     0  startup_stm32f407xx.o(.text)
    I2C3_EV_IRQHandler                       0x080001bb   Thumb Code     0  startup_stm32f407xx.o(.text)
    OTG_FS_IRQHandler                        0x080001bb   Thumb Code     0  startup_stm32f407xx.o(.text)
    OTG_FS_WKUP_IRQHandler                   0x080001bb   Thumb Code     0  startup_stm32f407xx.o(.text)
    OTG_HS_EP1_IN_IRQHandler                 0x080001bb   Thumb Code     0  startup_stm32f407xx.o(.text)
    OTG_HS_EP1_OUT_IRQHandler                0x080001bb   Thumb Code     0  startup_stm32f407xx.o(.text)
    OTG_HS_IRQHandler                        0x080001bb   Thumb Code     0  startup_stm32f407xx.o(.text)
    OTG_HS_WKUP_IRQHandler                   0x080001bb   Thumb Code     0  startup_stm32f407xx.o(.text)
    PVD_IRQHandler                           0x080001bb   Thumb Code     0  startup_stm32f407xx.o(.text)
    RCC_IRQHandler                           0x080001bb   Thumb Code     0  startup_stm32f407xx.o(.text)
    RTC_Alarm_IRQHandler                     0x080001bb   Thumb Code     0  startup_stm32f407xx.o(.text)
    RTC_WKUP_IRQHandler                      0x080001bb   Thumb Code     0  startup_stm32f407xx.o(.text)
    SDIO_IRQHandler                          0x080001bb   Thumb Code     0  startup_stm32f407xx.o(.text)
    SPI1_IRQHandler                          0x080001bb   Thumb Code     0  startup_stm32f407xx.o(.text)
    SPI2_IRQHandler                          0x080001bb   Thumb Code     0  startup_stm32f407xx.o(.text)
    SPI3_IRQHandler                          0x080001bb   Thumb Code     0  startup_stm32f407xx.o(.text)
    TAMP_STAMP_IRQHandler                    0x080001bb   Thumb Code     0  startup_stm32f407xx.o(.text)
    TIM1_BRK_TIM9_IRQHandler                 0x080001bb   Thumb Code     0  startup_stm32f407xx.o(.text)
    TIM1_CC_IRQHandler                       0x080001bb   Thumb Code     0  startup_stm32f407xx.o(.text)
    TIM1_TRG_COM_TIM11_IRQHandler            0x080001bb   Thumb Code     0  startup_stm32f407xx.o(.text)
    TIM1_UP_TIM10_IRQHandler                 0x080001bb   Thumb Code     0  startup_stm32f407xx.o(.text)
    TIM2_IRQHandler                          0x080001bb   Thumb Code     0  startup_stm32f407xx.o(.text)
    TIM3_IRQHandler                          0x080001bb   Thumb Code     0  startup_stm32f407xx.o(.text)
    TIM4_IRQHandler                          0x080001bb   Thumb Code     0  startup_stm32f407xx.o(.text)
    TIM5_IRQHandler                          0x080001bb   Thumb Code     0  startup_stm32f407xx.o(.text)
    TIM7_IRQHandler                          0x080001bb   Thumb Code     0  startup_stm32f407xx.o(.text)
    TIM8_BRK_TIM12_IRQHandler                0x080001bb   Thumb Code     0  startup_stm32f407xx.o(.text)
    TIM8_CC_IRQHandler                       0x080001bb   Thumb Code     0  startup_stm32f407xx.o(.text)
    TIM8_TRG_COM_TIM14_IRQHandler            0x080001bb   Thumb Code     0  startup_stm32f407xx.o(.text)
    TIM8_UP_TIM13_IRQHandler                 0x080001bb   Thumb Code     0  startup_stm32f407xx.o(.text)
    UART4_IRQHandler                         0x080001bb   Thumb Code     0  startup_stm32f407xx.o(.text)
    UART5_IRQHandler                         0x080001bb   Thumb Code     0  startup_stm32f407xx.o(.text)
    USART1_IRQHandler                        0x080001bb   Thumb Code     0  startup_stm32f407xx.o(.text)
    USART2_IRQHandler                        0x080001bb   Thumb Code     0  startup_stm32f407xx.o(.text)
    USART3_IRQHandler                        0x080001bb   Thumb Code     0  startup_stm32f407xx.o(.text)
    USART6_IRQHandler                        0x080001bb   Thumb Code     0  startup_stm32f407xx.o(.text)
    WWDG_IRQHandler                          0x080001bb   Thumb Code     0  startup_stm32f407xx.o(.text)
    __aeabi_uldivmod                         0x080001c5   Thumb Code    98  uldiv.o(.text)
    __aeabi_memset                           0x08000227   Thumb Code    14  memseta.o(.text)
    __aeabi_memset4                          0x08000227   Thumb Code     0  memseta.o(.text)
    __aeabi_memset8                          0x08000227   Thumb Code     0  memseta.o(.text)
    __aeabi_memclr                           0x08000235   Thumb Code     4  memseta.o(.text)
    __aeabi_memclr4                          0x08000235   Thumb Code     0  memseta.o(.text)
    __aeabi_memclr8                          0x08000235   Thumb Code     0  memseta.o(.text)
    _memset$wrapper                          0x08000239   Thumb Code    18  memseta.o(.text)
    __aeabi_llsl                             0x0800024b   Thumb Code    30  llshl.o(.text)
    _ll_shift_l                              0x0800024b   Thumb Code     0  llshl.o(.text)
    __aeabi_llsr                             0x08000269   Thumb Code    32  llushr.o(.text)
    _ll_ushift_r                             0x08000269   Thumb Code     0  llushr.o(.text)
    __scatterload                            0x08000289   Thumb Code    28  init.o(.text)
    __scatterload_rt2                        0x08000289   Thumb Code     0  init.o(.text)
    BusFault_Handler                         0x080002ad   Thumb Code     2  stm32f4xx_it.o(i.BusFault_Handler)
    DebugMon_Handler                         0x080002af   Thumb Code     2  stm32f4xx_it.o(i.DebugMon_Handler)
    Error_Handler                            0x080002b1   Thumb Code     4  main.o(i.Error_Handler)
    HAL_Delay                                0x080002b5   Thumb Code    32  stm32f4xx_hal.o(i.HAL_Delay)
    HAL_GPIO_Init                            0x080002d9   Thumb Code   450  stm32f4xx_hal_gpio.o(i.HAL_GPIO_Init)
    HAL_GPIO_TogglePin                       0x080004c9   Thumb Code    16  stm32f4xx_hal_gpio.o(i.HAL_GPIO_TogglePin)
    HAL_GPIO_WritePin                        0x080004d9   Thumb Code    10  stm32f4xx_hal_gpio.o(i.HAL_GPIO_WritePin)
    HAL_GetTick                              0x080004e5   Thumb Code     6  stm32f4xx_hal.o(i.HAL_GetTick)
    HAL_I2C_Init                             0x080004f1   Thumb Code   376  stm32f4xx_hal_i2c.o(i.HAL_I2C_Init)
    HAL_I2C_Master_Transmit                  0x08000679   Thumb Code   290  stm32f4xx_hal_i2c.o(i.HAL_I2C_Master_Transmit)
    HAL_I2C_Mem_Write                        0x080007a5   Thumb Code   294  stm32f4xx_hal_i2c.o(i.HAL_I2C_Mem_Write)
    HAL_I2C_MspInit                          0x080008d5   Thumb Code    94  i2c.o(i.HAL_I2C_MspInit)
    HAL_IncTick                              0x08000941   Thumb Code    12  stm32f4xx_hal.o(i.HAL_IncTick)
    HAL_Init                                 0x08000951   Thumb Code    48  stm32f4xx_hal.o(i.HAL_Init)
    HAL_InitTick                             0x08000985   Thumb Code    54  stm32f4xx_hal.o(i.HAL_InitTick)
    HAL_MspInit                              0x080009c5   Thumb Code    42  stm32f4xx_hal_msp.o(i.HAL_MspInit)
    HAL_NVIC_EnableIRQ                       0x080009f5   Thumb Code    26  stm32f4xx_hal_cortex.o(i.HAL_NVIC_EnableIRQ)
    HAL_NVIC_SetPriority                     0x08000a11   Thumb Code    60  stm32f4xx_hal_cortex.o(i.HAL_NVIC_SetPriority)
    HAL_NVIC_SetPriorityGrouping             0x08000a51   Thumb Code    26  stm32f4xx_hal_cortex.o(i.HAL_NVIC_SetPriorityGrouping)
    HAL_RCC_ClockConfig                      0x08000a75   Thumb Code   288  stm32f4xx_hal_rcc.o(i.HAL_RCC_ClockConfig)
    HAL_RCC_GetPCLK1Freq                     0x08000ba9   Thumb Code    20  stm32f4xx_hal_rcc.o(i.HAL_RCC_GetPCLK1Freq)
    HAL_RCC_GetPCLK2Freq                     0x08000bc9   Thumb Code    20  stm32f4xx_hal_rcc.o(i.HAL_RCC_GetPCLK2Freq)
    HAL_RCC_GetSysClockFreq                  0x08000be9   Thumb Code    88  stm32f4xx_hal_rcc.o(i.HAL_RCC_GetSysClockFreq)
    HAL_RCC_OscConfig                        0x08000c49   Thumb Code   856  stm32f4xx_hal_rcc.o(i.HAL_RCC_OscConfig)
    HAL_SYSTICK_Config                       0x08000fb5   Thumb Code    40  stm32f4xx_hal_cortex.o(i.HAL_SYSTICK_Config)
    HAL_TIMEx_BreakCallback                  0x08000fdd   Thumb Code     2  stm32f4xx_hal_tim_ex.o(i.HAL_TIMEx_BreakCallback)
    HAL_TIMEx_CommutCallback                 0x08000fdf   Thumb Code     2  stm32f4xx_hal_tim_ex.o(i.HAL_TIMEx_CommutCallback)
    HAL_TIMEx_MasterConfigSynchronization    0x08000fe1   Thumb Code   116  stm32f4xx_hal_tim_ex.o(i.HAL_TIMEx_MasterConfigSynchronization)
    HAL_TIM_Base_Init                        0x08001071   Thumb Code    90  stm32f4xx_hal_tim.o(i.HAL_TIM_Base_Init)
    HAL_TIM_Base_MspInit                     0x080010cd   Thumb Code    50  tim.o(i.HAL_TIM_Base_MspInit)
    HAL_TIM_Base_Start_IT                    0x08001109   Thumb Code   100  stm32f4xx_hal_tim.o(i.HAL_TIM_Base_Start_IT)
    HAL_TIM_IC_CaptureCallback               0x08001189   Thumb Code     2  stm32f4xx_hal_tim.o(i.HAL_TIM_IC_CaptureCallback)
    HAL_TIM_IRQHandler                       0x0800118b   Thumb Code   304  stm32f4xx_hal_tim.o(i.HAL_TIM_IRQHandler)
    HAL_TIM_OC_DelayElapsedCallback          0x080012bb   Thumb Code     2  stm32f4xx_hal_tim.o(i.HAL_TIM_OC_DelayElapsedCallback)
    HAL_TIM_PWM_PulseFinishedCallback        0x080012bd   Thumb Code     2  stm32f4xx_hal_tim.o(i.HAL_TIM_PWM_PulseFinishedCallback)
    HAL_TIM_PeriodElapsedCallback            0x080012c1   Thumb Code    10  main.o(i.HAL_TIM_PeriodElapsedCallback)
    HAL_TIM_TriggerCallback                  0x080012d1   Thumb Code     2  stm32f4xx_hal_tim.o(i.HAL_TIM_TriggerCallback)
    HAL_UART_Init                            0x080012d3   Thumb Code   100  stm32f4xx_hal_uart.o(i.HAL_UART_Init)
    HAL_UART_MspInit                         0x08001339   Thumb Code    92  usart.o(i.HAL_UART_MspInit)
    HAL_UART_Receive_IT                      0x080013a1   Thumb Code    28  stm32f4xx_hal_uart.o(i.HAL_UART_Receive_IT)
    HardFault_Handler                        0x080013bd   Thumb Code     2  stm32f4xx_it.o(i.HardFault_Handler)
    MX_GPIO_Init                             0x0800172d   Thumb Code   132  gpio.o(i.MX_GPIO_Init)
    MX_I2C2_Init                             0x080017bd   Thumb Code    50  i2c.o(i.MX_I2C2_Init)
    MX_TIM6_Init                             0x080017fd   Thumb Code    62  tim.o(i.MX_TIM6_Init)
    MX_USART2_UART_Init                      0x08001845   Thumb Code    48  usart.o(i.MX_USART2_UART_Init)
    MemManage_Handler                        0x0800187d   Thumb Code     2  stm32f4xx_it.o(i.MemManage_Handler)
    NMI_Handler                              0x0800187f   Thumb Code     2  stm32f4xx_it.o(i.NMI_Handler)
    OLED_Init                                0x08001881   Thumb Code    28  12864.o(i.OLED_Init)
    OLED_NewFrame                            0x080018a1   Thumb Code    10  12864.o(i.OLED_NewFrame)
    OLED_Set_Pos                             0x080018b1   Thumb Code    34  12864.o(i.OLED_Set_Pos)
    OLED_ShowFrame                           0x080018d5   Thumb Code    82  12864.o(i.OLED_ShowFrame)
    OLED_Test                                0x08001931   Thumb Code    38  12864.o(i.OLED_Test)
    OLED_Write_Cmd                           0x0800196d   Thumb Code    32  12864.o(i.OLED_Write_Cmd)
    PendSV_Handler                           0x08001991   Thumb Code     2  stm32f4xx_it.o(i.PendSV_Handler)
    SVC_Handler                              0x08001993   Thumb Code     2  stm32f4xx_it.o(i.SVC_Handler)
    SysTick_Handler                          0x08001995   Thumb Code     4  stm32f4xx_it.o(i.SysTick_Handler)
    SystemClock_Config                       0x08001999   Thumb Code   138  main.o(i.SystemClock_Config)
    SystemInit                               0x08001a2d   Thumb Code    12  system_stm32f4xx.o(i.SystemInit)
    TIM6_DAC_IRQHandler                      0x08001a3d   Thumb Code     6  stm32f4xx_it.o(i.TIM6_DAC_IRQHandler)
    TIM_Base_SetConfig                       0x08001a49   Thumb Code   170  stm32f4xx_hal_tim.o(i.TIM_Base_SetConfig)
    UART_Start_Receive_IT                    0x08001c2d   Thumb Code    54  stm32f4xx_hal_uart.o(i.UART_Start_Receive_IT)
    UsageFault_Handler                       0x08001c63   Thumb Code     2  stm32f4xx_it.o(i.UsageFault_Handler)
    __scatterload_copy                       0x08001c85   Thumb Code    14  handlers.o(i.__scatterload_copy)
    __scatterload_null                       0x08001c93   Thumb Code     2  handlers.o(i.__scatterload_null)
    __scatterload_zeroinit                   0x08001c95   Thumb Code    14  handlers.o(i.__scatterload_zeroinit)
    main                                     0x08001ca5   Thumb Code    88  main.o(i.main)
    AHBPrescTable                            0x08001d08   Data          16  system_stm32f4xx.o(.constdata)
    APBPrescTable                            0x08001d18   Data           8  system_stm32f4xx.o(.constdata)
    OLED_init_cmd                            0x08001d20   Data          25  12864.o(.constdata)
    Region$$Table$$Base                      0x08001d3c   Number         0  anon$$obj.o(Region$$Table)
    Region$$Table$$Limit                     0x08001d5c   Number         0  anon$$obj.o(Region$$Table)
    uwTickFreq                               0x20000000   Data           1  stm32f4xx_hal.o(.data)
    uwTickPrio                               0x20000004   Data           4  stm32f4xx_hal.o(.data)
    uwTick                                   0x20000008   Data           4  stm32f4xx_hal.o(.data)
    SystemCoreClock                          0x2000000c   Data           4  system_stm32f4xx.o(.data)
    rs485_buff                               0x20000010   Data         256  main.o(.bss)
    hi2c2                                    0x20000110   Data          84  i2c.o(.bss)
    htim6                                    0x20000164   Data          72  tim.o(.bss)
    huart2                                   0x200001ac   Data          72  usart.o(.bss)
    OLED_GRAM                                0x200001f4   Data        1024  12864.o(.bss)
    __initial_sp                             0x200045f8   Data           0  startup_stm32f407xx.o(STACK)



==============================================================================

Memory Map of the image

  Image Entry point : 0x08000189

  Load Region LR_IROM1 (Base: 0x08000000, Size: 0x00001d6c, Max: 0x00100000, ABSOLUTE)

    Execution Region ER_IROM1 (Exec base: 0x08000000, Load base: 0x08000000, Size: 0x00001d5c, Max: 0x00100000, ABSOLUTE)

    Exec Addr    Load Addr    Size         Type   Attr      Idx    E Section Name        Object

    0x08000000   0x08000000   0x00000188   Data   RO            3    RESET               startup_stm32f407xx.o
    0x08000188   0x08000188   0x00000000   Code   RO        30456  * .ARM.Collect$$$$00000000  mc_w.l(entry.o)
    0x08000188   0x08000188   0x00000004   Code   RO        30744    .ARM.Collect$$$$00000001  mc_w.l(entry2.o)
    0x0800018c   0x0800018c   0x00000004   Code   RO        30747    .ARM.Collect$$$$00000004  mc_w.l(entry5.o)
    0x08000190   0x08000190   0x00000000   Code   RO        30749    .ARM.Collect$$$$00000008  mc_w.l(entry7b.o)
    0x08000190   0x08000190   0x00000000   Code   RO        30751    .ARM.Collect$$$$0000000A  mc_w.l(entry8b.o)
    0x08000190   0x08000190   0x00000008   Code   RO        30752    .ARM.Collect$$$$0000000B  mc_w.l(entry9a.o)
    0x08000198   0x08000198   0x00000004   Code   RO        30759    .ARM.Collect$$$$0000000E  mc_w.l(entry12b.o)
    0x0800019c   0x0800019c   0x00000000   Code   RO        30754    .ARM.Collect$$$$0000000F  mc_w.l(entry10a.o)
    0x0800019c   0x0800019c   0x00000000   Code   RO        30756    .ARM.Collect$$$$00000011  mc_w.l(entry11a.o)
    0x0800019c   0x0800019c   0x00000004   Code   RO        30745    .ARM.Collect$$$$00002712  mc_w.l(entry2.o)
    0x080001a0   0x080001a0   0x00000024   Code   RO            4    .text               startup_stm32f407xx.o
    0x080001c4   0x080001c4   0x00000062   Code   RO        30459    .text               mc_w.l(uldiv.o)
    0x08000226   0x08000226   0x00000024   Code   RO        30463    .text               mc_w.l(memseta.o)
    0x0800024a   0x0800024a   0x0000001e   Code   RO        30763    .text               mc_w.l(llshl.o)
    0x08000268   0x08000268   0x00000020   Code   RO        30765    .text               mc_w.l(llushr.o)
    0x08000288   0x08000288   0x00000024   Code   RO        30778    .text               mc_w.l(init.o)
    0x080002ac   0x080002ac   0x00000002   Code   RO          811    i.BusFault_Handler  stm32f4xx_it.o
    0x080002ae   0x080002ae   0x00000002   Code   RO          812    i.DebugMon_Handler  stm32f4xx_it.o
    0x080002b0   0x080002b0   0x00000004   Code   RO           13    i.Error_Handler     main.o
    0x080002b4   0x080002b4   0x00000024   Code   RO         2274    i.HAL_Delay         stm32f4xx_hal.o
    0x080002d8   0x080002d8   0x000001f0   Code   RO         1730    i.HAL_GPIO_Init     stm32f4xx_hal_gpio.o
    0x080004c8   0x080004c8   0x00000010   Code   RO         1733    i.HAL_GPIO_TogglePin  stm32f4xx_hal_gpio.o
    0x080004d8   0x080004d8   0x0000000a   Code   RO         1734    i.HAL_GPIO_WritePin  stm32f4xx_hal_gpio.o
    0x080004e2   0x080004e2   0x00000002   PAD
    0x080004e4   0x080004e4   0x0000000c   Code   RO         2280    i.HAL_GetTick       stm32f4xx_hal.o
    0x080004f0   0x080004f0   0x00000188   Code   RO          931    i.HAL_I2C_Init      stm32f4xx_hal_i2c.o
    0x08000678   0x08000678   0x0000012c   Code   RO          944    i.HAL_I2C_Master_Transmit  stm32f4xx_hal_i2c.o
    0x080007a4   0x080007a4   0x00000130   Code   RO          952    i.HAL_I2C_Mem_Write  stm32f4xx_hal_i2c.o
    0x080008d4   0x080008d4   0x0000006c   Code   RO          686    i.HAL_I2C_MspInit   i2c.o
    0x08000940   0x08000940   0x00000010   Code   RO         2286    i.HAL_IncTick       stm32f4xx_hal.o
    0x08000950   0x08000950   0x00000034   Code   RO         2287    i.HAL_Init          stm32f4xx_hal.o
    0x08000984   0x08000984   0x00000040   Code   RO         2288    i.HAL_InitTick      stm32f4xx_hal.o
    0x080009c4   0x080009c4   0x00000030   Code   RO          893    i.HAL_MspInit       stm32f4xx_hal_msp.o
    0x080009f4   0x080009f4   0x0000001a   Code   RO         2122    i.HAL_NVIC_EnableIRQ  stm32f4xx_hal_cortex.o
    0x08000a0e   0x08000a0e   0x00000002   PAD
    0x08000a10   0x08000a10   0x00000040   Code   RO         2128    i.HAL_NVIC_SetPriority  stm32f4xx_hal_cortex.o
    0x08000a50   0x08000a50   0x00000024   Code   RO         2129    i.HAL_NVIC_SetPriorityGrouping  stm32f4xx_hal_cortex.o
    0x08000a74   0x08000a74   0x00000134   Code   RO         1376    i.HAL_RCC_ClockConfig  stm32f4xx_hal_rcc.o
    0x08000ba8   0x08000ba8   0x00000020   Code   RO         1383    i.HAL_RCC_GetPCLK1Freq  stm32f4xx_hal_rcc.o
    0x08000bc8   0x08000bc8   0x00000020   Code   RO         1384    i.HAL_RCC_GetPCLK2Freq  stm32f4xx_hal_rcc.o
    0x08000be8   0x08000be8   0x00000060   Code   RO         1385    i.HAL_RCC_GetSysClockFreq  stm32f4xx_hal_rcc.o
    0x08000c48   0x08000c48   0x0000036c   Code   RO         1388    i.HAL_RCC_OscConfig  stm32f4xx_hal_rcc.o
    0x08000fb4   0x08000fb4   0x00000028   Code   RO         2133    i.HAL_SYSTICK_Config  stm32f4xx_hal_cortex.o
    0x08000fdc   0x08000fdc   0x00000002   Code   RO         3231    i.HAL_TIMEx_BreakCallback  stm32f4xx_hal_tim_ex.o
    0x08000fde   0x08000fde   0x00000002   Code   RO         3232    i.HAL_TIMEx_CommutCallback  stm32f4xx_hal_tim_ex.o
    0x08000fe0   0x08000fe0   0x00000090   Code   RO         3250    i.HAL_TIMEx_MasterConfigSynchronization  stm32f4xx_hal_tim_ex.o
    0x08001070   0x08001070   0x0000005a   Code   RO         2527    i.HAL_TIM_Base_Init  stm32f4xx_hal_tim.o
    0x080010ca   0x080010ca   0x00000002   PAD
    0x080010cc   0x080010cc   0x0000003c   Code   RO          728    i.HAL_TIM_Base_MspInit  tim.o
    0x08001108   0x08001108   0x00000080   Code   RO         2532    i.HAL_TIM_Base_Start_IT  stm32f4xx_hal_tim.o
    0x08001188   0x08001188   0x00000002   Code   RO         2561    i.HAL_TIM_IC_CaptureCallback  stm32f4xx_hal_tim.o
    0x0800118a   0x0800118a   0x00000130   Code   RO         2575    i.HAL_TIM_IRQHandler  stm32f4xx_hal_tim.o
    0x080012ba   0x080012ba   0x00000002   Code   RO         2578    i.HAL_TIM_OC_DelayElapsedCallback  stm32f4xx_hal_tim.o
    0x080012bc   0x080012bc   0x00000002   Code   RO         2605    i.HAL_TIM_PWM_PulseFinishedCallback  stm32f4xx_hal_tim.o
    0x080012be   0x080012be   0x00000002   PAD
    0x080012c0   0x080012c0   0x00000010   Code   RO           14    i.HAL_TIM_PeriodElapsedCallback  main.o
    0x080012d0   0x080012d0   0x00000002   Code   RO         2618    i.HAL_TIM_TriggerCallback  stm32f4xx_hal_tim.o
    0x080012d2   0x080012d2   0x00000064   Code   RO         3528    i.HAL_UART_Init     stm32f4xx_hal_uart.o
    0x08001336   0x08001336   0x00000002   PAD
    0x08001338   0x08001338   0x00000068   Code   RO          770    i.HAL_UART_MspInit  usart.o
    0x080013a0   0x080013a0   0x0000001c   Code   RO         3533    i.HAL_UART_Receive_IT  stm32f4xx_hal_uart.o
    0x080013bc   0x080013bc   0x00000002   Code   RO          813    i.HardFault_Handler  stm32f4xx_it.o
    0x080013be   0x080013be   0x0000002e   Code   RO          974    i.I2C_IsAcknowledgeFailed  stm32f4xx_hal_i2c.o
    0x080013ec   0x080013ec   0x0000009c   Code   RO          978    i.I2C_MasterRequestWrite  stm32f4xx_hal_i2c.o
    0x08001488   0x08001488   0x000000a8   Code   RO          985    i.I2C_RequestMemoryWrite  stm32f4xx_hal_i2c.o
    0x08001530   0x08001530   0x00000056   Code   RO          989    i.I2C_WaitOnBTFFlagUntilTimeout  stm32f4xx_hal_i2c.o
    0x08001586   0x08001586   0x00000002   PAD
    0x08001588   0x08001588   0x00000090   Code   RO          990    i.I2C_WaitOnFlagUntilTimeout  stm32f4xx_hal_i2c.o
    0x08001618   0x08001618   0x000000bc   Code   RO          991    i.I2C_WaitOnMasterAddressFlagUntilTimeout  stm32f4xx_hal_i2c.o
    0x080016d4   0x080016d4   0x00000056   Code   RO          993    i.I2C_WaitOnTXEFlagUntilTimeout  stm32f4xx_hal_i2c.o
    0x0800172a   0x0800172a   0x00000002   PAD
    0x0800172c   0x0800172c   0x00000090   Code   RO          657    i.MX_GPIO_Init      gpio.o
    0x080017bc   0x080017bc   0x00000040   Code   RO          687    i.MX_I2C2_Init      i2c.o
    0x080017fc   0x080017fc   0x00000048   Code   RO          729    i.MX_TIM6_Init      tim.o
    0x08001844   0x08001844   0x00000038   Code   RO          771    i.MX_USART2_UART_Init  usart.o
    0x0800187c   0x0800187c   0x00000002   Code   RO          814    i.MemManage_Handler  stm32f4xx_it.o
    0x0800187e   0x0800187e   0x00000002   Code   RO          815    i.NMI_Handler       stm32f4xx_it.o
    0x08001880   0x08001880   0x00000020   Code   RO         3903    i.OLED_Init         12864.o
    0x080018a0   0x080018a0   0x00000010   Code   RO         3904    i.OLED_NewFrame     12864.o
    0x080018b0   0x080018b0   0x00000022   Code   RO         3908    i.OLED_Set_Pos      12864.o
    0x080018d2   0x080018d2   0x00000002   PAD
    0x080018d4   0x080018d4   0x0000005c   Code   RO         3909    i.OLED_ShowFrame    12864.o
    0x08001930   0x08001930   0x0000003c   Code   RO         3910    i.OLED_Test         12864.o
    0x0800196c   0x0800196c   0x00000024   Code   RO         3911    i.OLED_Write_Cmd    12864.o
    0x08001990   0x08001990   0x00000002   Code   RO          816    i.PendSV_Handler    stm32f4xx_it.o
    0x08001992   0x08001992   0x00000002   Code   RO          817    i.SVC_Handler       stm32f4xx_it.o
    0x08001994   0x08001994   0x00000004   Code   RO          818    i.SysTick_Handler   stm32f4xx_it.o
    0x08001998   0x08001998   0x00000094   Code   RO           17    i.SystemClock_Config  main.o
    0x08001a2c   0x08001a2c   0x00000010   Code   RO         3862    i.SystemInit        system_stm32f4xx.o
    0x08001a3c   0x08001a3c   0x0000000c   Code   RO          819    i.TIM6_DAC_IRQHandler  stm32f4xx_it.o
    0x08001a48   0x08001a48   0x000000d8   Code   RO         2620    i.TIM_Base_SetConfig  stm32f4xx_hal_tim.o
    0x08001b20   0x08001b20   0x0000010c   Code   RO         3554    i.UART_SetConfig    stm32f4xx_hal_uart.o
    0x08001c2c   0x08001c2c   0x00000036   Code   RO         3556    i.UART_Start_Receive_IT  stm32f4xx_hal_uart.o
    0x08001c62   0x08001c62   0x00000002   Code   RO          820    i.UsageFault_Handler  stm32f4xx_it.o
    0x08001c64   0x08001c64   0x00000020   Code   RO         2135    i.__NVIC_SetPriority  stm32f4xx_hal_cortex.o
    0x08001c84   0x08001c84   0x0000000e   Code   RO        30786    i.__scatterload_copy  mc_w.l(handlers.o)
    0x08001c92   0x08001c92   0x00000002   Code   RO        30787    i.__scatterload_null  mc_w.l(handlers.o)
    0x08001c94   0x08001c94   0x0000000e   Code   RO        30788    i.__scatterload_zeroinit  mc_w.l(handlers.o)
    0x08001ca2   0x08001ca2   0x00000002   PAD
    0x08001ca4   0x08001ca4   0x00000064   Code   RO           23    i.main              main.o
    0x08001d08   0x08001d08   0x00000010   Data   RO         3863    .constdata          system_stm32f4xx.o
    0x08001d18   0x08001d18   0x00000008   Data   RO         3864    .constdata          system_stm32f4xx.o
    0x08001d20   0x08001d20   0x00000019   Data   RO         3916    .constdata          12864.o
    0x08001d39   0x08001d39   0x00000003   PAD
    0x08001d3c   0x08001d3c   0x00000020   Data   RO        30784    Region$$Table       anon$$obj.o


    Execution Region RW_IRAM2 (Exec base: 0x10000000, Load base: 0x08001d6c, Size: 0x00000000, Max: 0x00010000, ABSOLUTE)

    **** No section assigned to this execution region ****


    Execution Region RW_IRAM1 (Exec base: 0x20000000, Load base: 0x08001d5c, Size: 0x000045f8, Max: 0x00020000, ABSOLUTE)

    Exec Addr    Load Addr    Size         Type   Attr      Idx    E Section Name        Object

    0x20000000   0x08001d5c   0x0000000c   Data   RW         2294    .data               stm32f4xx_hal.o
    0x2000000c   0x08001d68   0x00000004   Data   RW         3865    .data               system_stm32f4xx.o
    0x20000010        -       0x00000100   Zero   RW           25    .bss                main.o
    0x20000110        -       0x00000054   Zero   RW          688    .bss                i2c.o
    0x20000164        -       0x00000048   Zero   RW          730    .bss                tim.o
    0x200001ac        -       0x00000048   Zero   RW          772    .bss                usart.o
    0x200001f4        -       0x00000400   Zero   RW         3915    .bss                12864.o
    0x200005f4   0x08001d6c   0x00000004   PAD
    0x200005f8        -       0x00004000   Zero   RW            1    STACK               startup_stm32f407xx.o


==============================================================================

Image component sizes


      Code (inc. data)   RO Data    RW Data    ZI Data      Debug   Object Name

       270         46         25          0       1024       4186   12864.o
       144         12          0          0          0        951   gpio.o
       172         28          0          0         84       1709   i2c.o
       268         28          0          0        256     707742   main.o
        36          8        392          0      16384        844   startup_stm32f407xx.o
       180         28          0         12          0       9485   stm32f4xx_hal.o
       198         14          0          0          0      33871   stm32f4xx_hal_cortex.o
       522         46          0          0          0       2869   stm32f4xx_hal_gpio.o
      1870         48          0          0          0      11773   stm32f4xx_hal_i2c.o
        48          6          0          0          0        878   stm32f4xx_hal_msp.o
      1344         72          0          0          0       5288   stm32f4xx_hal_rcc.o
       746         74          0          0          0       7049   stm32f4xx_hal_tim.o
       148         28          0          0          0       2521   stm32f4xx_hal_tim_ex.o
       450         10          0          0          0       3534   stm32f4xx_hal_uart.o
        32          6          0          0          0       4732   stm32f4xx_it.o
        16          4         24          4          0       1151   system_stm32f4xx.o
       132         20          0          0         72       1646   tim.o
       160         20          0          0         72       1754   usart.o

    ----------------------------------------------------------------------
      6752        498        476         16      17896     801983   Object Totals
         0          0         32          0          0          0   (incl. Generated)
        16          0          3          0          4          0   (incl. Padding)

    ----------------------------------------------------------------------

      Code (inc. data)   RO Data    RW Data    ZI Data      Debug   Library Member Name

         0          0          0          0          0          0   entry.o
         0          0          0          0          0          0   entry10a.o
         0          0          0          0          0          0   entry11a.o
         4          0          0          0          0          0   entry12b.o
         8          4          0          0          0          0   entry2.o
         4          0          0          0          0          0   entry5.o
         0          0          0          0          0          0   entry7b.o
         0          0          0          0          0          0   entry8b.o
         8          4          0          0          0          0   entry9a.o
        30          0          0          0          0          0   handlers.o
        36          8          0          0          0         68   init.o
        30          0          0          0          0         68   llshl.o
        32          0          0          0          0         68   llushr.o
        36          0          0          0          0        108   memseta.o
        98          0          0          0          0         92   uldiv.o

    ----------------------------------------------------------------------
       288         16          0          0          0        404   Library Totals
         2          0          0          0          0          0   (incl. Padding)

    ----------------------------------------------------------------------

      Code (inc. data)   RO Data    RW Data    ZI Data      Debug   Library Name

       286         16          0          0          0        404   mc_w.l

    ----------------------------------------------------------------------
       288         16          0          0          0        404   Library Totals

    ----------------------------------------------------------------------

==============================================================================


      Code (inc. data)   RO Data    RW Data    ZI Data      Debug   

      7040        514        476         16      17896     795987   Grand Totals
      7040        514        476         16      17896     795987   ELF Image Totals
      7040        514        476         16          0          0   ROM Totals

==============================================================================

    Total RO  Size (Code + RO Data)                 7516 (   7.34kB)
    Total RW  Size (RW Data + ZI Data)             17912 (  17.49kB)
    Total ROM Size (Code + RO Data + RW Data)       7532 (   7.36kB)

==============================================================================

