<html>
<body>
<pre>
<h1>µVision Build Log</h1>
<h2>Tool Versions:</h2>
IDE-Version: ¦ÌVision V5.36.0.0
Copyright (C) 2021 ARM Ltd and ARM Germany GmbH. All rights reserved.
License Information: mdk mdk, asd, LIC=VGXG8-3JX8J-HL2CL-0N01M-A9NMX-X4GU2
 
Tool Versions:
Toolchain:       MDK-ARM Plus  Version: 5.36.0.0
Toolchain Path:  C:\Keil_v5\ARM\ARMCLANG\Bin
C Compiler:      ArmClang.exe V6.16
Assembler:       Armasm.exe V6.16
Linker/Locator:  ArmLink.exe V6.16
Library Manager: ArmAr.exe V6.16
Hex Converter:   FromElf.exe V6.16
CPU DLL:         SARMCM3.DLL V5.36.0.0
Dialog DLL:      DCM.DLL V1.17.3.0
Target DLL:      CMSIS_AGDI.dll V1.33.0.0
Dialog DLL:      TCM.DLL V1.53.0.0
 
<h2>Project:</h2>
C:\Users\B4698\Desktop\threadx\threadx -end\MDK-ARM\threadx.uvprojx
Project File Date:  09/29/2024

<h2>Output:</h2>
*** Using Compiler 'V6.16', folder: 'C:\Keil_v5\ARM\ARMCLANG\Bin'
Rebuild target 'threadx'
Note: source file '..\Drivers\bsp\adc.c' - object file renamed from 'threadx\adc.o' to 'threadx\adc_1.o'.
compiling stm32f4xx_ll_adc.c...
assembling tx_initialize_low_level.s...
compiling gpio.c...
compiling main.c...
compiling app_azure_rtos.c...
compiling adc.c...
assembling startup_stm32f407xx.s...
compiling stm32f4xx_hal_msp.c...
compiling stm32f4xx_hal_timebase_tim.c...
compiling dma.c...
compiling stm32f4xx_it.c...
compiling stm32f4xx_hal_adc_ex.c...
compiling usart.c...
../Core/Src/app_threadx.c(206): warning: illegal character encoding in string literal [-Winvalid-source-encoding]
                                printf("LED<B2><E2><CA><D4><CD><EA><B3><C9>\n");
                                           ^~~~~~~~~~~~~~~~~~~~~~~~~~~~~~~~
../Core/Src/app_threadx.c(463): warning: illegal character encoding in string literal [-Winvalid-source-encoding]
                        printf("Ð´<C8><EB><B5><C4><CA><FD><BE><DD>Îª<A3><BA>%s\n",    progressbar_buff);
                                 ^~~~~~~~~~~~~~~~~~~~~~~~~~~~~~~~ ~~~~~~~~
2 warnings generated.
compiling app_threadx.c...
compiling stm32f4xx_hal_adc.c...
compiling stm32f4xx_hal_flash_ramfunc.c...
compiling stm32f4xx_hal_rcc_ex.c...
compiling stm32f4xx_hal_pwr_ex.c...
compiling stm32f4xx_hal_flash_ex.c...
compiling stm32f4xx_hal_pwr.c...
compiling stm32f4xx_hal_rcc.c...
compiling stm32f4xx_hal_gpio.c...
compiling stm32f4xx_hal_flash.c...
compiling stm32f4xx_hal_exti.c...
compiling stm32f4xx_hal.c...
compiling stm32f4xx_hal_cortex.c...
compiling stm32f4xx_hal_dma_ex.c...
compiling stm32f4xx_hal_dma.c...
compiling stm32f4xx_hal_tim_ex.c...
compiling system_stm32f4xx.c...
compiling adc.c...
compiling flash.c...
compiling tx_initialize_kernel_enter.c...
compiling tx_initialize_high_level.c...
compiling tx_initialize_kernel_setup.c...
compiling stm32f4xx_hal_tim.c...
compiling stm32f4xx_hal_uart.c...
compiling tx_block_allocate.c...
compiling tx_block_pool_cleanup.c...
assembling tx_thread_context_save.S...
compiling tx_block_pool_initialize.c...
compiling tx_block_pool_create.c...
assembling tx_thread_context_restore.S...
compiling tx_block_pool_info_get.c...
compiling tx_block_pool_delete.c...
compiling tx_block_pool_prioritize.c...
assembling tx_thread_interrupt_control.S...
assembling tx_thread_schedule.S...
assembling tx_thread_stack_build.S...
assembling tx_timer_interrupt.S...
assembling tx_thread_system_return.S...
compiling tx_block_release.c...
compiling tx_byte_allocate.c...
compiling tx_byte_pool_cleanup.c...
compiling tx_byte_pool_create.c...
compiling tx_byte_pool_delete.c...
compiling tx_byte_pool_info_get.c...
compiling tx_byte_release.c...
compiling tx_byte_pool_initialize.c...
compiling tx_byte_pool_search.c...
compiling tx_event_flags_initialize.c...
compiling tx_event_flags_create.c...
compiling tx_event_flags_info_get.c...
compiling tx_event_flags_cleanup.c...
compiling tx_byte_pool_prioritize.c...
compiling tx_event_flags_get.c...
compiling tx_event_flags_delete.c...
compiling tx_event_flags_set_notify.c...
compiling tx_event_flags_set.c...
compiling tx_mutex_cleanup.c...
compiling tx_mutex_create.c...
compiling tx_mutex_delete.c...
compiling tx_mutex_initialize.c...
compiling tx_mutex_info_get.c...
compiling tx_mutex_get.c...
compiling tx_mutex_prioritize.c...
compiling tx_queue_create.c...
compiling tx_mutex_priority_change.c...
compiling tx_queue_info_get.c...
compiling tx_queue_initialize.c...
compiling tx_queue_flush.c...
compiling tx_queue_cleanup.c...
compiling tx_mutex_put.c...
compiling tx_queue_delete.c...
compiling tx_queue_prioritize.c...
compiling tx_queue_front_send.c...
compiling tx_semaphore_ceiling_put.c...
compiling tx_queue_send_notify.c...
compiling tx_queue_send.c...
compiling tx_queue_receive.c...
compiling tx_semaphore_cleanup.c...
compiling tx_semaphore_create.c...
compiling tx_semaphore_delete.c...
compiling tx_semaphore_prioritize.c...
compiling tx_semaphore_get.c...
compiling tx_semaphore_initialize.c...
compiling tx_semaphore_put_notify.c...
compiling tx_semaphore_info_get.c...
compiling tx_semaphore_put.c...
compiling tx_thread_delete.c...
compiling tx_thread_entry_exit_notify.c...
compiling tx_thread_create.c...
compiling tx_thread_identify.c...
compiling tx_thread_initialize.c...
compiling tx_thread_preemption_change.c...
compiling tx_thread_info_get.c...
compiling tx_thread_relinquish.c...
compiling tx_thread_priority_change.c...
compiling tx_thread_reset.c...
compiling tx_thread_resume.c...
compiling tx_thread_shell_entry.c...
compiling tx_thread_sleep.c...
compiling tx_thread_stack_analyze.c...
compiling tx_thread_stack_error_handler.c...
compiling tx_thread_stack_error_notify.c...
compiling tx_thread_system_preempt_check.c...
compiling tx_thread_suspend.c...
compiling tx_thread_system_resume.c...
compiling tx_thread_timeout.c...
compiling tx_thread_system_suspend.c...
compiling tx_thread_time_slice_change.c...
compiling tx_thread_time_slice.c...
compiling tx_thread_terminate.c...
compiling tx_thread_wait_abort.c...
compiling tx_time_get.c...
compiling txe_block_pool_delete.c...
compiling tx_time_set.c...
compiling txe_block_allocate.c...
compiling txe_block_pool_create.c...
compiling txe_block_pool_info_get.c...
compiling txe_block_pool_prioritize.c...
compiling txe_byte_release.c...
compiling txe_byte_allocate.c...
compiling txe_byte_pool_info_get.c...
compiling txe_block_release.c...
compiling txe_byte_pool_prioritize.c...
compiling txe_event_flags_create.c...
compiling txe_byte_pool_create.c...
compiling txe_byte_pool_delete.c...
compiling txe_event_flags_delete.c...
compiling txe_event_flags_info_get.c...
compiling txe_event_flags_get.c...
compiling txe_event_flags_set_notify.c...
compiling txe_event_flags_set.c...
compiling txe_mutex_create.c...
compiling txe_mutex_delete.c...
compiling txe_mutex_info_get.c...
compiling txe_mutex_get.c...
compiling txe_mutex_put.c...
compiling txe_mutex_prioritize.c...
compiling txe_queue_create.c...
compiling txe_queue_flush.c...
compiling txe_queue_info_get.c...
compiling txe_queue_front_send.c...
compiling txe_queue_delete.c...
compiling txe_queue_prioritize.c...
compiling txe_queue_receive.c...
compiling txe_queue_send_notify.c...
compiling txe_semaphore_ceiling_put.c...
compiling txe_queue_send.c...
compiling txe_semaphore_create.c...
compiling txe_semaphore_get.c...
compiling txe_semaphore_delete.c...
compiling txe_semaphore_info_get.c...
compiling txe_semaphore_put.c...
compiling txe_thread_preemption_change.c...
compiling txe_thread_delete.c...
compiling txe_thread_priority_change.c...
compiling txe_semaphore_prioritize.c...
compiling txe_semaphore_put_notify.c...
compiling txe_thread_entry_exit_notify.c...
compiling txe_thread_relinquish.c...
compiling txe_thread_create.c...
compiling txe_thread_resume.c...
compiling txe_thread_reset.c...
compiling txe_thread_info_get.c...
compiling txe_thread_suspend.c...
compiling txe_thread_time_slice_change.c...
compiling txe_thread_terminate.c...
compiling txe_thread_wait_abort.c...
compiling tx_timer_activate.c...
compiling tx_timer_change.c...
compiling tx_timer_create.c...
compiling tx_timer_delete.c...
compiling tx_timer_expiration_process.c...
compiling tx_timer_deactivate.c...
compiling tx_timer_initialize.c...
compiling tx_timer_system_deactivate.c...
compiling txe_timer_activate.c...
compiling txe_timer_change.c...
compiling tx_timer_info_get.c...
compiling tx_timer_thread_entry.c...
compiling tx_timer_system_activate.c...
compiling txe_timer_create.c...
compiling txe_timer_deactivate.c...
compiling txe_timer_delete.c...
compiling txe_timer_info_get.c...
linking...
Program Size: Code=23024 RO-data=512 RW-data=24 ZI-data=25432  
FromELF: creating hex file...
After Build - User command #1: fromelf --bin -o ".\bin_file\threadx.bin" "threadx\threadx.axf"
"threadx\threadx.axf" - 0 Error(s), 2 Warning(s).

<h2>Software Packages used:</h2>

Package Vendor: ARM
                https://www.keil.com/pack/ARM.CMSIS.6.1.0.pack
                ARM.CMSIS.6.1.0
                CMSIS (Common Microcontroller Software Interface Standard)
   * Component: CORE Version: 6.1.0

Package Vendor: Keil
                https://www.keil.com/pack/Keil.STM32F4xx_DFP.2.17.1.pack
                Keil.STM32F4xx_DFP.2.17.1
                STMicroelectronics STM32F4 Series Device Support, Drivers and Examples

<h2>Collection of Component include folders:</h2>
  .\RTE\_threadx
  C:\Users\B4698\AppData\Local\Arm\Packs\ARM\CMSIS\6.1.0\CMSIS\Core\Include
  C:\Users\B4698\AppData\Local\Arm\Packs\Keil\STM32F4xx_DFP\2.17.1\Drivers\CMSIS\Device\ST\STM32F4xx\Include

<h2>Collection of Component Files used:</h2>

   * Component: ARM::CMSIS:CORE:6.1.0
      Include file:  CMSIS\Core\Include\tz_context.h
Build Time Elapsed:  00:00:09
</pre>
</body>
</html>
